09-25 10:35:17.463 D/dalvikvm( 1590): GC_CONCURRENT freed 539K, 13% free 51616K/58988K, paused 4ms+4ms, total 37ms
09-25 10:35:17.463 D/dalvikvm( 1590): WAIT_FOR_CONCURRENT_GC blocked 22ms
09-25 10:35:17.523 D/dalvikvm( 1602): GC_CONCURRENT freed 6987K, 16% free 84383K/100320K, paused 4ms+8ms, total 47ms
09-25 10:35:17.523 D/dalvikvm( 1602): WAIT_FOR_CONCURRENT_GC blocked 32ms
09-25 10:35:17.724 W/IntentResolver(  977): resolveIntent: multiple matches, only some with CATEGORY_DEFAULT
09-25 10:35:17.734 I/PackageManager(  977):   Action: "android.intent.action.SENDTO"
09-25 10:35:17.734 I/PackageManager(  977):   Category: "android.intent.category.DEFAULT"
09-25 10:35:17.734 I/PackageManager(  977):   Scheme: "mmsto"
09-25 10:35:17.734 I/PackageManager(  977): Adding preferred activity ComponentInfo{com.sonyericsson.conversations/com.sonyericsson.conversations.ui.ConversationListActivity} for user 0 :
09-25 10:35:17.744 D/dalvikvm(  594): GC_CONCURRENT freed 615K, 10% free 53143K/58992K, paused 4ms+10ms, total 50ms
09-25 10:35:17.764 D/dalvikvm(  977): GC_EXPLICIT freed 5677K, 16% free 93897K/111384K, paused 8ms+152ms, total 454ms
09-25 10:35:17.784 D/StatusBar.NetworkController( 1293): refreshViews: Data not connected!! Set no data type icon / Roaming
09-25 10:35:17.794 I/PackageManager(  977):   Action: "android.intent.action.SENDTO"
09-25 10:35:17.794 I/PackageManager(  977):   Category: "android.intent.category.DEFAULT"
09-25 10:35:17.794 I/PackageManager(  977):   Scheme: "sms"
09-25 10:35:17.794 W/IntentResolver(  977): resolveIntent: multiple matches, only some with CATEGORY_DEFAULT
09-25 10:35:17.794 I/PackageManager(  977): Adding preferred activity ComponentInfo{com.sonyericsson.conversations/com.sonyericsson.conversations.ui.ConversationListActivity} for user 0 :
09-25 10:35:17.884 W/IntentResolver(  977): resolveIntent: multiple matches, only some with CATEGORY_DEFAULT
09-25 10:35:17.894 I/PackageManager(  977):   Action: "android.intent.action.SENDTO"
09-25 10:35:17.894 I/PackageManager(  977):   Category: "android.intent.category.DEFAULT"
09-25 10:35:17.894 I/PackageManager(  977):   Scheme: "smsto"
09-25 10:35:17.894 I/PackageManager(  977): Adding preferred activity ComponentInfo{com.sonyericsson.conversations/com.sonyericsson.conversations.ui.ConversationListActivity} for user 0 :
09-25 10:35:17.944 W/IntentResolver(  977): resolveIntent: multiple matches, only some with CATEGORY_DEFAULT
09-25 10:35:17.954 I/PackageManager(  977):   Action: "android.intent.action.SENDTO"
09-25 10:35:17.954 I/PackageManager(  977):   Category: "android.intent.category.DEFAULT"
09-25 10:35:17.954 I/PackageManager(  977):   Scheme: "mms"
09-25 10:35:17.954 I/PackageManager(  977): Adding preferred activity ComponentInfo{com.sonyericsson.conversations/com.sonyericsson.conversations.ui.ConversationListActivity} for user 0 :
09-25 10:35:17.984 I/PackageManager(  977):   Action: "android.intent.action.SENDTO"
09-25 10:35:17.984 I/PackageManager(  977):   Category: "android.intent.category.DEFAULT"
09-25 10:35:17.984 I/PackageManager(  977):   Scheme: "mmsto"
09-25 10:35:17.984 W/IntentResolver(  977): resolveIntent: multiple matches, only some with CATEGORY_DEFAULT
09-25 10:35:17.984 I/PackageManager(  977): Adding preferred activity ComponentInfo{com.sonyericsson.conversations/com.sonyericsson.conversations.ui.ConversationListActivity} for user 0 :
09-25 10:35:17.994 D/StatusProvider(24521): onCreate
09-25 10:35:18.024 I/ActivityManager(  977): Start proc com.android.defcontainer for service com.android.defcontainer/.DefaultContainerService: pid=24534 uid=10036 gids={50036, 1028, 1015, 1023, 2001, 1035}
09-25 10:35:18.074 I/ActivityManager(  977): Start proc com.sonymobile.cameracommon for broadcast com.sonymobile.cameracommon/.provider.AddOnInstallationListener: pid=24549 uid=10025 gids={50025, 3003}
09-25 10:35:18.204 I/ActivityManager(  977): Start proc com.android.musicfx for broadcast com.android.musicfx/.Compatibility$Receiver: pid=24566 uid=10073 gids={50073, 3003, 3002}
09-25 10:35:18.244 D/dalvikvm(  328): GC_EXPLICIT freed 42K, 15% free 50494K/58988K, paused 4ms+5ms, total 38ms
09-25 10:35:18.284 I/ActivityManager(  977): Start proc com.sonymobile.social.services for broadcast com.sonyericsson.facebook.proxylogin/.permissions.PackageChangedReceiver: pid=24582 uid=10043 gids={50043, 3003}
09-25 10:35:18.344 E/Parcel  (  439): Reading a NULL string not supported here.
09-25 10:35:18.344 E/Parcel  (  439): Reading a NULL string not supported here.
09-25 10:35:18.344 D/BackupManagerService(  977): Received broadcast Intent { act=android.intent.action.PACKAGE_REMOVED dat=package:com.starcloudcasino.winthree flg=0x4000010 (has extras) }
09-25 10:35:18.344 V/BackupManagerService(  977): removePackageParticipantsLocked: uid=10351 #1
09-25 10:35:18.374 I/ActivityManager(  977): Start proc android.process.acore for broadcast com.android.providers.contacts/.PackageIntentReceiver: pid=24599 uid=10013 gids={50013}
09-25 10:35:18.605 D/VoicemailCleanupService(24599): Cleaning up data for package: com.starcloudcasino.winthree
09-25 10:35:18.605 I/ActivityManager(  977): Start proc com.sonyericsson.updatecenter for broadcast com.sonyericsson.updatecenter/.update.ApplicationRemovedReceiver: pid=24621 uid=10153 gids={50153, 3003, 2001, 1028, 1015}
09-25 10:35:18.735 I/ActivityManager(  977): Start proc com.android.voicedialer for broadcast com.android.voicedialer/.VoiceDialerReceiver: pid=24636 uid=10164 gids={50164, 3002}
09-25 10:35:18.805 D/SiteAdvisor(24521): com.mcafee.android.util.Utils.getSupportedInstalledBrowserComponents(Unknown Source): 'BackgroundWoker-TemporaryThread-1': Browser component :com.android.browser/com.android.browser.BrowserActivity not supported
09-25 10:35:18.805 D/SiteAdvisor(24521): com.mcafee.android.util.Utils.getSupportedInstalledBrowserComponents(Unknown Source): 'BackgroundWoker-TemporaryThread-1': Browser component :com.google.android.browser/com.android.browser.BrowserActivity not supported
09-25 10:35:18.815 D/SiteAdvisor(24521): com.mcafee.android.util.Utils.getSupportedInstalledBrowserComponents(Unknown Source): 'BackgroundWoker-TemporaryThread-1': Browser component :com.amazon.cloud9/com.amazon.cloud9.BrowserActivity not supported
09-25 10:35:18.815 I/SiteAdvisor(24521): com.mcafee.android.configuration.Configuration$Runtime.loadSupportedBrowsers(Unknown Source): 'BackgroundWoker-TemporaryThread-1': Loading supported browsers: com.android.chrome/com.android.chrome.Main; 
09-25 10:35:18.815 I/ActivityManager(  977): Start proc com.android.keychain for broadcast com.android.keychain/.KeyChainBroadcastReceiver: pid=24651 uid=1000 gids={41000, 2993, 3003, 1028, 1015, 3002, 3001, 2001, 3006, 1021, 3004, 3005, 1000, 3009, 1023, 1010}
09-25 10:35:18.835 D/SiteAdvisor(24521): com.mcafee.android.configuration.Configuration$Runtime.<init>(Unknown Source): 'BackgroundWoker-TemporaryThread-1': Here is the storedCurrentAppVersion: 2.3.0.549
09-25 10:35:18.835 D/SiteAdvisor(24521): com.mcafee.android.configuration.Configuration$Runtime.<init>(Unknown Source): 'BackgroundWoker-TemporaryThread-1': Here about to commit perfs
09-25 10:35:18.845 E/SAComponenet(24521): Thread:11486	 Calling teardown for SA.
09-25 10:35:18.915 D/dalvikvm( 1293): GC_CONCURRENT freed 6237K, 18% free 101346K/123136K, paused 7ms+15ms, total 84ms
09-25 10:35:19.135 D/dalvikvm(  977): GC_CONCURRENT freed 8447K, 16% free 93642K/111384K, paused 12ms+16ms, total 216ms
09-25 10:35:19.135 D/dalvikvm(  977): WAIT_FOR_CONCURRENT_GC blocked 178ms
09-25 10:35:19.135 D/dalvikvm(  977): WAIT_FOR_CONCURRENT_GC blocked 150ms
09-25 10:35:19.135 D/dalvikvm(  977): WAIT_FOR_CONCURRENT_GC blocked 168ms
09-25 10:35:19.135 D/dalvikvm(  977): WAIT_FOR_CONCURRENT_GC blocked 161ms
09-25 10:35:19.135 W/ContextImpl(24651): Calling a method in the system process without a qualified user: android.app.ContextImpl.startService:1519 android.content.ContextWrapper.startService:494 android.content.ContextWrapper.startService:494 com.android.keychain.KeyChainBroadcastReceiver.onReceive:12 android.app.ActivityThread.handleReceiver:2481 
09-25 10:35:19.165 I/ActivityManager(  977): Start proc com.google.android.apps.plus for broadcast com.google.android.apps.plus/.service.PackagesMediaMonitor: pid=24670 uid=10094 gids={50094, 3003, 3002, 1028, 1015}
09-25 10:35:19.205 D/AppBackupActivity(  594): requestId = 40 requestStruct = com.tencent.assistant.protocol.n@4481f098
09-25 10:35:19.275 D/dalvikvm(  594): GC_CONCURRENT freed 724K, 10% free 53304K/58992K, paused 15ms+11ms, total 93ms
09-25 10:35:19.275 D/dalvikvm(  594): WAIT_FOR_CONCURRENT_GC blocked 78ms
09-25 10:35:19.275 D/dalvikvm(  594): WAIT_FOR_CONCURRENT_GC blocked 30ms
09-25 10:35:19.285 I/ContactLocale(24599): AddressBook Labels [zh_CN]: [, A, B, C, D, E, F, G, H, I, J, K, L, M, N, O, P, Q, R, S, T, U, V, W, X, Y, Z, , , , , , , , , , , , , , , , , , , , , , , , , , , , , , , , , , , , , , , , , , , , , , , , , , , , , , , , , , , , , , , , , , , , , , , , , , , , , , , , , , , , , , , , , , , , , , , , , , , , , , , , , , , , , , , , , , , , , , , , , , , , , , , , , , , , , , , , , , , , , , , , , , , , , , , , , , , , #, ]
09-25 10:35:19.295 D/dalvikvm(24670): No JNI_OnLoad found in /system/lib/libplus_jni_v8.so 0x4471c6b8, skipping init
09-25 10:35:19.365 I/ActivityManager(  977): Start proc com.realvnc.android.remote for broadcast com.realvnc.android.remote/.RemoteControlService$PackageManagerReceiver: pid=24690 uid=10306 gids={50306, 1004, 2002}
09-25 10:35:19.375 D/AppBackupActivity(  594): requestId = 44 requestStruct = com.tencent.assistant.protocol.n@448528a8
09-25 10:35:19.405 D/AppBackupActivity(  594): requestId = 42 requestStruct = com.tencent.assistant.protocol.n@44985230
09-25 10:35:19.445 D/dalvikvm(24670): GC_FOR_ALLOC freed 4356K, 14% free 50879K/58988K, paused 28ms, total 28ms
09-25 10:35:19.445 I/dalvikvm-heap(24670): Grow heap (frag case) to 54.400MB for 4099024-byte allocation
09-25 10:35:19.495 D/dalvikvm(24670): GC_CONCURRENT freed 32K, 7% free 54895K/58988K, paused 8ms+4ms, total 49ms
09-25 10:35:19.495 I/ActivityManager(  977): Start proc com.sonymobile.runtimeskinning.core for broadcast com.sonymobile.runtimeskinning.core/com.sonymobile.runtimeskinning.picker.install.PackageInstallReceiver: pid=24706 uid=10318 gids={50318, 3003}
09-25 10:35:19.616 D/dalvikvm(  594): GC_CONCURRENT freed 1083K, 10% free 53159K/58992K, paused 6ms+8ms, total 62ms
09-25 10:35:19.616 D/dalvikvm(  594): WAIT_FOR_CONCURRENT_GC blocked 12ms
09-25 10:35:19.656 D/PackageBroadcastService(20205): Received broadcast action=android.intent.action.PACKAGE_REMOVED and uri=com.starcloudcasino.winthree
09-25 10:35:19.686 I/ActivityManager(  977): Delaying start of: ServiceRecord{46a45c40 u0 com.google.android.gms/.wearable.service.WearableControlService}
09-25 10:35:19.686 I/ActivityManager(  977): Delay finish: com.google.android.gms/.drive.api.DriveSystemBroadcastReceiver
09-25 10:35:19.716 I/PeopleContactsSync(20205): CP2 sync disabled
09-25 10:35:19.796 D/dalvikvm(24670): GC_FOR_ALLOC freed 10K, 6% free 55874K/58988K, paused 36ms, total 39ms
09-25 10:35:19.826 D/dalvikvm(20205): GC_EXPLICIT freed 2580K, 13% free 51359K/58988K, paused 24ms+10ms, total 107ms
09-25 10:35:19.826 I/Icing   (20205): doRemovePackageData com.starcloudcasino.winthree
09-25 10:35:19.846 I/ActivityManager(  977): Start proc com.google.android.gms.wearable for service com.google.android.gms/.wearable.service.WearableControlService: pid=24729 uid=10052 gids={50052, 3007, 2001, 3003, 1007, 3006, 1028, 1015, 3002, 3001}
09-25 10:35:19.856 I/ActivityManager(  977): Resuming delayed broadcast
09-25 10:35:19.876 I/ActivityManager(  977): Start proc com.google.android.apps.docs for broadcast com.google.android.apps.docs/.receivers.AppPackageAddRemoveReceiver: pid=24742 uid=10297 gids={50297, 3003, 1028, 1015}
09-25 10:35:19.936 D/dalvikvm(24670): GC_FOR_ALLOC freed 10K, 3% free 57352K/58988K, paused 26ms, total 27ms
09-25 10:35:19.946 I/MultiDex(24729): install
09-25 10:35:19.946 I/MultiDex(24729): MultiDexExtractor.load(/data/app/com.google.android.gms-2.apk, false)
09-25 10:35:19.966 I/MultiDex(24729): loading existing secondary dex files
09-25 10:35:19.966 I/MultiDex(24729): load found 1 secondary dex files
09-25 10:35:19.976 I/MultiDex(24729): install done
09-25 10:35:19.996 D/dalvikvm(  594): GC_CONCURRENT freed 68K, 9% free 53983K/58992K, paused 13ms+6ms, total 87ms
09-25 10:35:19.996 D/dalvikvm(  594): WAIT_FOR_CONCURRENT_GC blocked 31ms
09-25 10:35:20.136 I/ProviderInstaller(24729): Insert disabled by gate 'gms:security:enable_conscrypt_in_gms_application'
09-25 10:35:20.206 D/ConnectivityServiceHSM(  977): Actual State: DefaultConnectivityState, Current State: DefaultConnectivityState.processMessage what=112
09-25 10:35:20.206 D/ConnectivityServiceHSM(  977): Actual State: DefaultConnectivityState, Current State: DefaultConnectivityState.processMessage what=112
09-25 10:35:20.206 D/MobileDataStateTracker(  977): default: setPolicyDataEnable(enabled=true)
09-25 10:35:20.236 D/dalvikvm(  594): GC_CONCURRENT freed 1702K, 10% free 53407K/58992K, paused 29ms+8ms, total 132ms
09-25 10:35:20.586 W/GAV2    (24742): Thread[main,5,main]: Need to call initialize() and be in fallback mode to start dispatch.
09-25 10:35:20.596 I/InternalIcingCorporaPro(11597): Updating corpora: APPS=com.starcloudcasino.winthree, CONTACTS=MAYBE
09-25 10:35:20.596 I/ActivityManager(  977): Delay finish: com.google.android.googlequicksearchbox/com.google.android.search.core.summons.icing.InternalIcingCorporaProvider$CorporaChangedReceiver
09-25 10:35:20.777 I/InternalIcingCorporaPro(11597): UpdateCorporaTask done [took 179 ms] updated apps [took 179 ms] 
09-25 10:35:20.777 D/AppBackupActivity(  594): requestId = 46 requestStruct = com.tencent.assistant.protocol.n@44bde1e0
09-25 10:35:20.777 I/ActivityManager(  977): Resuming delayed broadcast
09-25 10:35:20.797 E/Parcel  (  439): Reading a NULL string not supported here.
09-25 10:35:20.797 E/Parcel  (  439): Reading a NULL string not supported here.
09-25 10:35:20.797 D/StatusBar.NetworkController( 1293): refreshViews: Data not connected!! Set no data type icon / Roaming
09-25 10:35:20.807 I/RegistrationReceiver( 6040): start for ACTION_PACKAGE_REMOVEDreplacingfalse ,packageName: com.starcloudcasino.winthree
09-25 10:35:20.837 I/RegistrationReceiver( 6040): replacing or not registered push client : com.starcloudcasino.winthree
09-25 10:35:20.857 I/ActivityManager(  977): Start proc com.happiplay.texas for broadcast com.happiplay.texas/cn.jpush.android.service.PushReceiver: pid=24775 uid=10344 gids={50344, 3003, 1028, 1015}
09-25 10:35:20.867 D/dalvikvm( 5114): GC_CONCURRENT freed 349K, 14% free 50949K/58988K, paused 4ms+3ms, total 44ms
09-25 10:35:20.897 D/dalvikvm(  328): GC_EXPLICIT freed 43K, 15% free 50494K/58988K, paused 4ms+5ms, total 40ms
09-25 10:35:20.947 I/ActivityManager(  977): Start proc com.facebook.katana:dash for broadcast com.facebook.katana/com.facebook.dash.receivers.DashPackageUninstallReceiver: pid=24789 uid=10322 gids={50322, 1028, 1015, 3003}
09-25 10:35:21.027 D/dalvikvm(  977): GC_EXPLICIT freed 6993K, 17% free 93562K/111384K, paused 7ms+20ms, total 229ms
09-25 10:35:21.077 D/CatchMeIfYouCan(24789): Process (dash) ca: '/data/data/com.facebook.katana/app_cmiyc/0C66B38F48468E96F8008B6D5A2AE33B4A60265E01'
09-25 10:35:21.077 D/CatchMeIfYouCan(24789): Process (dash) fc: '/data/data/com.facebook.katana/app_cmiyc/0C66B38F48468E96F8008B6D5A2AE33B4A60265E02'
09-25 10:35:21.077 D/CatchMeIfYouCan(24789): Process (dash) cp: '('dash', 6, 60000, silent [true], restart [true], logout [true])'
09-25 10:35:21.077 D/ACRA    (24789): ACRA is enabled for com.facebook.katana, intializing...
09-25 10:35:21.087 D/ACRA    (24789): Looking for error files in /data/data/com.facebook.katana/app_acra-reports
09-25 10:35:21.087 D/ACRA    (24789): Looking for error files in /data/data/com.facebook.katana/app_minidumps
09-25 10:35:21.097 D/dalvikvm(24789): Trying to load lib /data/app-lib/com.facebook.katana-1/libfb_stl_shared.so 0x447151a0
09-25 10:35:21.097 D/dalvikvm(24789): Added shared lib /data/app-lib/com.facebook.katana-1/libfb_stl_shared.so 0x447151a0
09-25 10:35:21.097 D/dalvikvm(24789): No JNI_OnLoad found in /data/app-lib/com.facebook.katana-1/libfb_stl_shared.so 0x447151a0, skipping init
09-25 10:35:21.097 D/dalvikvm(24789): Trying to load lib /data/app-lib/com.facebook.katana-1/libfb_breakpad_client.so 0x447151a0
09-25 10:35:21.097 D/dalvikvm(24789): Added shared lib /data/app-lib/com.facebook.katana-1/libfb_breakpad_client.so 0x447151a0
09-25 10:35:21.107 D/dalvikvm(24599): GC_EXPLICIT freed 2721K, 13% free 51636K/58988K, paused 4ms+8ms, total 67ms
09-25 10:35:21.117 W/SystemClassLoaderAdder(24789): Could not find zipFile entry corresponding to path /data/app/com.facebook.katana-1.apk
09-25 10:35:21.117 V/DexLibLoader(24789): Preparing secondary program dexes.
09-25 10:35:21.117 V/DexLibLoader(24789): Loaded 2 raw lines of metadata.
09-25 10:35:21.117 V/DexLibLoader(24789): Secondary program dex metadata: secondary-1.dex.jar.xz 188f1cf98e7929d7457e2cdf72a0777981e1fc27 secondary.dex01.Canary
09-25 10:35:21.117 V/DexLibLoader(24789): Secondary program dex metadata: secondary-2.dex.jar.xz 14314443648960c2f9d1e4924306d1af2de75315 secondary.dex02.Canary
09-25 10:35:21.117 W/DexLibLoader(24789): Unexpected file in program dex directory: /data/data/com.facebook.katana/app_secondary_program_dex/temp_dex_lock
09-25 10:35:21.127 V/DexLibLoader(24789): Preparing to extract secondary-1.dex.jar.xz to /data/data/com.facebook.katana/app_secondary_program_dex/program-188f1cf98e7929d7457e2cdf72a0777981e1fc276e4c2532.dex.jar
09-25 10:35:21.127 V/DexLibLoader(24789): Dex already copied
09-25 10:35:21.127 D/OdexVerifier(24789): Odex verification is skipped.
09-25 10:35:21.127 V/DexLibLoader(24789): Creating class loader
09-25 10:35:21.127 V/DexLibLoader(24789): Finished creating class loader
09-25 10:35:21.127 V/DexLibLoader(24789): Preparing to extract secondary-2.dex.jar.xz to /data/data/com.facebook.katana/app_secondary_program_dex/program-14314443648960c2f9d1e4924306d1af2de753156e4c2532.dex.jar
09-25 10:35:21.127 V/DexLibLoader(24789): Dex already copied
09-25 10:35:21.127 D/OdexVerifier(24789): Odex verification is skipped.
09-25 10:35:21.127 V/DexLibLoader(24789): Creating class loader
09-25 10:35:21.127 V/DexLibLoader(24789): Finished creating class loader
09-25 10:35:21.127 V/DexLibLoader(24789): Verifying classes from secondary dexes.
09-25 10:35:21.137 D/DexLibLoader(24789): DexLibLoader.ensureDexLoaded took 21 ms
09-25 10:35:21.137 D/AppBackupActivity(  594): requestId = 48 requestStruct = com.tencent.assistant.protocol.n@447c6940
09-25 10:35:21.277 D/dalvikvm( 5691): GC_CONCURRENT freed 398K, 15% free 50634K/58988K, paused 4ms+4ms, total 26ms
09-25 10:35:21.277 D/dalvikvm(24599): GC_CONCURRENT freed 1059K, 14% free 51034K/58988K, paused 3ms+3ms, total 28ms
09-25 10:35:21.407 D/dalvikvm(24599): GC_CONCURRENT freed 423K, 14% free 51032K/58988K, paused 2ms+4ms, total 22ms
09-25 10:35:21.547 D/dalvikvm(24599): GC_CONCURRENT freed 408K, 14% free 51045K/58988K, paused 3ms+3ms, total 24ms
09-25 10:35:21.567 I/PowerManagerService(  977): Going to sleep by user request...
09-25 10:35:21.708 D/dalvikvm(24599): GC_CONCURRENT freed 450K, 14% free 51050K/58988K, paused 3ms+10ms, total 35ms
09-25 10:35:21.768 I/ActivityManager(  977): Start proc com.sony.smallapp.managerservice for service com.sony.smallapp.managerservice/.SmallAppManagerService: pid=24806 uid=10127 gids={50127, 3003}
09-25 10:35:21.778 V/KeyguardHostView( 1293): Initial transport state: 0, pbstate=1
09-25 10:35:21.778 I/Icing   (20205): Indexing 4E42FD37478BE26569037BACE8F4C46CC9563F84 from com.google.android.googlequicksearchbox
09-25 10:35:21.788 V/AudioHardwareALSA(  314): virtual android::status_t android_audio_legacy::AudioHardwareALSA::setParameters(const android::String8&)() ,screen_state=off
09-25 10:35:21.798 W/IInputConnectionWrapper( 1602): getExtractedText on inactive InputConnection
09-25 10:35:21.818 I/ActivityManager(  977): Start proc com.sonymobile.experienceflow2 for service com.sonymobile.experienceflow2/com.sonymobile.experienceflow.wallpaper.ExperienceFlowService: pid=24820 uid=10298 gids={50298}
09-25 10:35:21.828 E/QCALOG  (  473): [MessageQ] ProcessNewMessage: [XT-CS] unknown deliver target [OS-Agent]
09-25 10:35:21.828 E/QCALOG  (  473): [MessageQ] ProcessNewMessage: [XTWiFi-PE] unknown deliver target [OS-Agent]
09-25 10:35:21.828 E/QCALOG  (  473): [MessageQ] ProcessNewMessage: [XTWWAN-PE] unknown deliver target [OS-Agent]
09-25 10:35:21.858 W/IInputConnectionWrapper( 1602): getTextBeforeCursor on inactive InputConnection
09-25 10:35:21.858 W/IInputConnectionWrapper( 1602): getExtractedText on inactive InputConnection
09-25 10:35:21.858 W/IInputConnectionWrapper( 1602): getTextBeforeCursor on inactive InputConnection
09-25 10:35:21.858 W/IInputConnectionWrapper( 1602): getTextAfterCursor on inactive InputConnection
09-25 10:35:21.858 W/IInputConnectionWrapper( 1602): getSelectedText on inactive InputConnection
09-25 10:35:21.868 W/ResourceType( 1293): CREATING STRING CACHE OF 44 bytes
09-25 10:35:21.868 W/GAV2    (24806): Thread[main,5,main]: Need to call initialize() and be in fallback mode to start dispatch.
09-25 10:35:21.898 I/ActivityManager(  977): Process com.sonyericsson.music (pid 24327) has died.
09-25 10:35:21.918 E/JavaBinder(  977): !!! FAILED BINDER TRANSACTION !!!
09-25 10:35:21.918 D/ALSADevice(  314): standby: handle 0xb76fbde0 h 0x0
09-25 10:35:21.918 V/ALSADevice(  314): standby handle h 0xb7d55738
09-25 10:35:21.918 D/dalvikvm(24820): GC_FOR_ALLOC freed 44K, 15% free 50537K/58988K, paused 34ms, total 34ms
09-25 10:35:21.928 E/IceButton( 1293): ICE setting not found
09-25 10:35:21.958 I/dalvikvm-heap(24820): Grow heap (frag case) to 64.218MB for 14745616-byte allocation
09-25 10:35:21.978 V/KeyguardHostView( 1293): hide transport, gen:84
09-25 10:35:21.978 V/KeyguardHostView( 1293): music state changed: 1
09-25 10:35:21.978 D/alsa_ucm(  314): snd_use_case_set(): uc_mgr 0xb7642240 identifier _dismod value Play Lowlatency Music
09-25 10:35:21.978 D/alsa_ucm(  314): Set mixer controls for Play Lowlatency Music enable 0
09-25 10:35:21.978 D/alsa_ucm(  314): Setting mixer control: SLIMBUS_0_RX Audio Mixer MultiMedia5, value: 0
09-25 10:35:21.978 V/ALSADevice(  314): Number of modifiers 0
09-25 10:35:21.978 V/ALSADevice(  314): usecase_type is 0
09-25 10:35:21.978 D/alsa_ucm(  314): snd_use_case_set(): uc_mgr 0xb7642240 identifier _disdev value Camcorder Stereo
09-25 10:35:21.978 D/alsa_ucm(  314): disdev: device Camcorder Stereo not enabled, no need to disable
09-25 10:35:21.978 D/alsa_ucm(  314): snd_use_case_set(): uc_mgr 0xb7642240 identifier _disdev value xLoud Speaker
09-25 10:35:21.978 D/alsa_ucm(  314): Set mixer controls for xLoud Speaker enable 0
09-25 10:35:21.978 D/alsa_ucm(  314): Setting mixer control: RX3 MIX1 INP1, value: ZERO
09-25 10:35:21.978 I/ActivityManager(  977): Process com.android.defcontainer (pid 24534) has died.
09-25 10:35:21.988 D/alsa_ucm(  314): Setting mixer control: RX3 MIX1 INP2, value: ZERO
09-25 10:35:21.988 D/alsa_ucm(  314): Setting mixer control: LINEOUT1 Volume, value: 0
09-25 10:35:21.988 D/alsa_ucm(  314): Setting mixer control: SLIM TX3 MUX, value: ZERO
09-25 10:35:21.988 D/alsa_ucm(  314): Setting mixer control: SLIM TX5 MUX, value: ZERO
09-25 10:35:21.988 V/AudioHardwareALSA(  314): closeUsbPlaybackIfNothingActive, musbPlaybackState: 0
09-25 10:35:21.988 D/AudioUsbALSA(  314): exitPlaybackThread, mproxypfdPlayback: -1
09-25 10:35:21.988 D/AudioUsbALSA(  314): closeDevice handle 0x0
09-25 10:35:21.988 D/AudioUsbALSA(  314): closeDevice handle 0x0
09-25 10:35:22.048 D/dalvikvm(24820): GC_CONCURRENT freed 16K, 12% free 65014K/73392K, paused 5ms+3ms, total 43ms
09-25 10:35:22.048 D/dalvikvm(24599): GC_CONCURRENT freed 468K, 14% free 51074K/58988K, paused 6ms+3ms, total 74ms
09-25 10:35:22.068 I/Adreno-EGL(24820): <qeglDrvAPI_eglInitialize:381>: EGL 1.4 QUALCOMM build:  (CL3869936)
09-25 10:35:22.068 I/Adreno-EGL(24820): OpenGL ES Shader Compiler Version: 17.01.11.SPL
09-25 10:35:22.068 I/Adreno-EGL(24820): Build Date: 03/28/14 Fri
09-25 10:35:22.068 I/Adreno-EGL(24820): Local Branch: 
09-25 10:35:22.068 I/Adreno-EGL(24820): Remote Branch: 
09-25 10:35:22.068 I/Adreno-EGL(24820): Local Patches: 
09-25 10:35:22.068 I/Adreno-EGL(24820): Reconstruct Branch: 
09-25 10:35:22.128 V/KeyguardHostView( 1293): Initial transport state: 0, pbstate=1
09-25 10:35:22.138 I/Icing   (20205): Indexing done 4E42FD37478BE26569037BACE8F4C46CC9563F84
09-25 10:35:22.198 E/IceButton( 1293): ICE setting not found
09-25 10:35:22.258 V/KeyguardHostView( 1293): hide transport, gen:84
09-25 10:35:22.258 V/KeyguardHostView( 1293): music state changed: 1
09-25 10:35:22.298 D/dalvikvm(24599): GC_CONCURRENT freed 454K, 14% free 51060K/58988K, paused 5ms+3ms, total 31ms
09-25 10:35:22.318 D/PhoneStatusBar( 1293): disable: < EXPAND* icons alerts TICKER* system_info BACK* HOME* RECENT* CLOCK* search >
09-25 10:35:22.368 W/fb4a(:<default>):BlueServiceQueue(20663): Exception during service
09-25 10:35:22.368 W/fb4a(:<default>):BlueServiceQueue(20663): java.net.SocketTimeoutException: SSL handshake timed out
09-25 10:35:22.368 W/fb4a(:<default>):BlueServiceQueue(20663): 	at com.android.org.conscrypt.NativeCrypto.SSL_do_handshake(Native Method)
09-25 10:35:22.368 W/fb4a(:<default>):BlueServiceQueue(20663): 	at com.android.org.conscrypt.OpenSSLSocketImpl.startHandshake(OpenSSLSocketImpl.java:405)
09-25 10:35:22.368 W/fb4a(:<default>):BlueServiceQueue(20663): 	at android.net.SSLCertificateSocketFactory.verifyHostname(SSLCertificateSocketFactory.java:190)
09-25 10:35:22.368 W/fb4a(:<default>):BlueServiceQueue(20663): 	at android.net.SSLCertificateSocketFactory.createSocket(SSLCertificateSocketFactory.java:435)
09-25 10:35:22.368 W/fb4a(:<default>):BlueServiceQueue(20663): 	at org.apache.http.conn.ssl.SSLSocketFactory.createSocket(SSLSocketFactory.java:382)
09-25 10:35:22.368 W/fb4a(:<default>):BlueServiceQueue(20663): 	at com.facebook.http.common.executorimpl.apache.FbHttpClientConnectionOperator.openConnection(FbHttpClientConnectionOperator.java:170)
09-25 10:35:22.368 W/fb4a(:<default>):BlueServiceQueue(20663): 	at org.apache.http.impl.conn.AbstractPoolEntry.open(AbstractPoolEntry.java:164)
09-25 10:35:22.368 W/fb4a(:<default>):BlueServiceQueue(20663): 	at org.apache.http.impl.conn.AbstractPooledConnAdapter.open(AbstractPooledConnAdapter.java:119)
09-25 10:35:22.368 W/fb4a(:<default>):BlueServiceQueue(20663): 	at org.apache.http.impl.client.DefaultRequestDirector.execute(DefaultRequestDirector.java:360)
09-25 10:35:22.368 W/fb4a(:<default>):BlueServiceQueue(20663): 	at org.apache.http.impl.client.AbstractHttpClient.execute(AbstractHttpClient.java:555)
09-25 10:35:22.368 W/fb4a(:<default>):BlueServiceQueue(20663): 	at com.facebook.http.common.executorimpl.apache.FbHttpClientImpl.execute(FbHttpClientImpl.java:160)
09-25 10:35:22.368 W/fb4a(:<default>):BlueServiceQueue(20663): 	at com.facebook.http.common.executorimpl.apache.FbHttpClientImpl.execute(FbHttpClientImpl.java:148)
09-25 10:35:22.368 W/fb4a(:<default>):BlueServiceQueue(20663): 	at com.facebook.http.common.executorimpl.apache.FbHttpClientRequestExecutor.a(FbHttpClientRequestExecutor.java:60)
09-25 10:35:22.368 W/fb4a(:<default>):BlueServiceQueue(20663): 	at com.facebook.http.executors.qebased.QeHttpRequestExecutor.a(QeHttpRequestExecutor.java:61)
09-25 10:35:22.368 W/fb4a(:<default>):BlueServiceQueue(20663): 	at com.facebook.http.common.RequestFlowStateController.a(RequestFlowStateController.java:89)
09-25 10:35:22.368 W/fb4a(:<default>):BlueServiceQueue(20663): 	at com.facebook.http.common.FbRedirectController.a(FbRedirectController.java:93)
09-25 10:35:22.368 W/fb4a(:<default>):BlueServiceQueue(20663): 	at com.facebook.http.common.FbHttpRequestProcessor.b(FbHttpRequestProcessor.java:173)
09-25 10:35:22.368 W/fb4a(:<default>):BlueServiceQueue(20663): 	at com.facebook.http.common.FbHttpRequestProcessor.a(FbHttpRequestProcessor.java:148)
09-25 10:35:22.368 W/fb4a(:<default>):BlueServiceQueue(20663): 	at com.facebook.http.common.FbHttpRequestProcessor.b(FbHttpRequestProcessor.java:103)
09-25 10:35:22.368 W/fb4a(:<default>):BlueServiceQueue(20663): 	at com.facebook.http.common.FbHttpRequestProcessor.a(FbHttpRequestProcessor.java:241)
09-25 10:35:22.368 W/fb4a(:<default>):BlueServiceQueue(20663): 	at com.facebook.http.protocol.SingleMethodRunnerImpl.a(SingleMethodRunnerImpl.java:402)
09-25 10:35:22.368 W/fb4a(:<default>):BlueServiceQueue(20663): 	at com.facebook.http.protocol.SingleMethodRunnerImpl.a(SingleMethodRunnerImpl.java:164)
09-25 10:35:22.368 W/fb4a(:<default>):BlueServiceQueue(20663): 	at com.facebook.http.protocol.AbstractSingleMethodRunner.a(AbstractSingleMethodRunner.java:26)
09-25 10:35:22.368 W/fb4a(:<default>):BlueServiceQueue(20663): 	at com.facebook.http.protocol.ApiMethodRunnerImpl.a(ApiMethodRunnerImpl.java:43)
09-25 10:35:22.368 W/fb4a(:<default>):BlueServiceQueue(20663): 	at com.facebook.http.protocol.ApiMethodRunnerImpl.a(ApiMethodRunnerImpl.java:35)
09-25 10:35:22.368 W/fb4a(:<default>):BlueServiceQueue(20663): 	at com.facebook.orca.stickers.StickerServiceHandler.a(StickerServiceHandler.java:136)
09-25 10:35:22.368 W/fb4a(:<default>):BlueServiceQueue(20663): 	at com.facebook.orca.stickers.StickerServiceHandler.b(StickerServiceHandler.java:119)
09-25 10:35:22.368 W/fb4a(:<default>):BlueServiceQueue(20663): 	at com.facebook.orca.stickers.StickerServiceHandler.a(StickerServiceHandler.java:93)
09-25 10:35:22.368 W/fb4a(:<default>):BlueServiceQueue(20663): 	at com.facebook.orca.stickers.StickerLocalServiceHandler.b(StickerLocalServiceHandler.java:98)
09-25 10:35:22.368 W/fb4a(:<default>):BlueServiceQueue(20663): 	at com.facebook.orca.stickers.StickerLocalServiceHandler.a(StickerLocalServiceHandler.java:66)
09-25 10:35:22.368 W/fb4a(:<default>):BlueServiceQueue(20663): 	at com.facebook.fbservice.service.FilterChainLink.a(FilterChainLink.java:20)
09-25 10:35:22.368 W/fb4a(:<default>):BlueServiceQueue(20663): 	at com.facebook.fbservice.service.BlueServiceQueue.e(BlueServiceQueue.java:302)
09-25 10:35:22.368 W/fb4a(:<default>):BlueServiceQueue(20663): 	at com.facebook.fbservice.service.BlueServiceQueue.d(BlueServiceQueue.java:54)
09-25 10:35:22.368 W/fb4a(:<default>):BlueServiceQueue(20663): 	at com.facebook.fbservice.service.BlueServiceQueue$3.run(BlueServiceQueue.java:232)
09-25 10:35:22.368 W/fb4a(:<default>):BlueServiceQueue(20663): 	at java.util.concurrent.Executors$RunnableAdapter.call(Executors.java:422)
09-25 10:35:22.368 W/fb4a(:<default>):BlueServiceQueue(20663): 	at java.util.concurrent.FutureTask.run(FutureTask.java:237)
09-25 10:35:22.368 W/fb4a(:<default>):BlueServiceQueue(20663): 	at com.facebook.common.executors.ListenableScheduledFutureImpl.run(ListenableScheduledFutureImpl.java:59)
09-25 10:35:22.368 W/fb4a(:<default>):BlueServiceQueue(20663): 	at android.os.Handler.handleCallback(Handler.java:733)
09-25 10:35:22.368 W/fb4a(:<default>):BlueServiceQueue(20663): 	at android.os.Handler.dispatchMessage(Handler.java:95)
09-25 10:35:22.368 W/fb4a(:<default>):BlueServiceQueue(20663): 	at android.os.Looper.loop(Looper.java:212)
09-25 10:35:22.368 W/fb4a(:<default>):BlueServiceQueue(20663): 	at android.os.HandlerThread.run(HandlerThread.java:61)
09-25 10:35:22.478 I/ActivityManager(  977): Start proc com.sonyericsson.lockscreen.uxpnxt for content provider com.sonyericsson.lockscreen.uxpnxt/com.sonymobile.lockscreen.wallpaper.WallpaperProvider: pid=24848 uid=10155 gids={50155, 1028, 1015}
09-25 10:35:22.478 W/ContextImpl( 5691): Calling a method in the system process without a qualified user: android.app.ContextImpl.startService:1519 android.content.ContextWrapper.startService:494 com.sonymobile.phoneusage.service.ScreenReceiver.onReceiveInternal:23 com.sonymobile.phoneusage.service.DeviceUsageReceiver.onReceive:27 android.app.LoadedApk$ReceiverDispatcher$Args.run:781 
09-25 10:35:22.488 D/miles   (  594): DockReceiver--onReceive. action = android.intent.action.SCREEN_OFF
09-25 10:35:22.508 D/dalvikvm(24521): GC_EXPLICIT freed 1559K, 13% free 51858K/58988K, paused 8ms+11ms, total 96ms
09-25 10:35:22.548 V/AAA     (  594): trigger_action_code=0
09-25 10:35:22.548 V/AAA     (  594): result=1
09-25 10:35:22.548 V/AAA     (  594): primaryStr=1_1_0_17_0_1_1558913024
09-25 10:35:22.548 V/AAA     (  594): selfStr=0_1_0
09-25 10:35:22.548 V/AAA     (  594): updateStr=1_1_0_10_3_4_0
09-25 10:35:22.548 V/AAA     (  594): newAppStr=1_1_0_10_0_3_0
09-25 10:35:22.548 V/AAA     (  594): group= 1 actionId = 1240 eventId = 1 statUserInfoStr  = 0_1_1_1_0_17_0_1_1558913024_0_1_0_1_1_0_10_3_4_0_1_1_0_10_0_3_0
09-25 10:35:22.578 D/dalvikvm(  594): GC_CONCURRENT freed 1368K, 11% free 53013K/58992K, paused 7ms+4ms, total 74ms
09-25 10:35:22.578 D/dalvikvm(  594): WAIT_FOR_CONCURRENT_GC blocked 20ms
09-25 10:35:22.588 D/dalvikvm(24820): GC_FOR_ALLOC freed 367K, 12% free 65139K/73392K, paused 19ms, total 19ms
09-25 10:35:22.608 V/AAA     (  594): trigger_action_code=0
09-25 10:35:22.608 V/AAA     (  594): result=5
09-25 10:35:22.608 V/AAA     (  594): primaryStr=1_1_0_17_0_1_1558913024
09-25 10:35:22.608 V/AAA     (  594): selfStr=0_1_0
09-25 10:35:22.608 V/AAA     (  594): updateStr=1_1_0_10_3_4_0
09-25 10:35:22.608 V/AAA     (  594): newAppStr=1_1_0_10_0_3_0
09-25 10:35:22.608 V/AAA     (  594): group= 2 actionId = 1240 eventId = 5 statUserInfoStr  = 0_5_1_1_0_17_0_1_1558913024_0_1_0_1_1_0_10_3_4_0_1_1_0_10_0_3_0
09-25 10:35:22.638 V/AAA     (  594): trigger_action_code=0
09-25 10:35:22.638 V/AAA     (  594): result=5
09-25 10:35:22.638 V/AAA     (  594): primaryStr=1_1_0_17_0_1_1558913024
09-25 10:35:22.638 V/AAA     (  594): selfStr=0_1_0
09-25 10:35:22.638 V/AAA     (  594): updateStr=1_1_0_10_3_4_0
09-25 10:35:22.638 V/AAA     (  594): newAppStr=1_1_0_10_0_3_0
09-25 10:35:22.638 V/AAA     (  594): group= 3 actionId = 1240 eventId = 5 statUserInfoStr  = 0_5_1_1_0_17_0_1_1558913024_0_1_0_1_1_0_10_3_4_0_1_1_0_10_0_3_0
09-25 10:35:22.648 I/dalvikvm-heap(24820): Grow heap (frag case) to 78.479MB for 14745616-byte allocation
09-25 10:35:22.688 D/SurfaceFlinger(  327): Screen released, type=0 flinger=0xb8104130
09-25 10:35:22.688 D/qdhwcomposer(  327): hwc_blank: Blanking display: 0
09-25 10:35:22.688 D/lights-module(  327): led 'backlight' opened 233 times
09-25 10:35:22.699 D/dalvikvm(24599): GC_CONCURRENT freed 484K, 14% free 51039K/58988K, paused 3ms+3ms, total 25ms
09-25 10:35:22.719 D/dalvikvm(24820): GC_CONCURRENT freed 39K, 10% free 79722K/87796K, paused 14ms+13ms, total 67ms
09-25 10:35:22.739 W/Adreno-ES20(24820): <__load_uniform_float:815>: GL_INVALID_OPERATION
09-25 10:35:22.779 I/ActivityManager(  977): Process com.sonyericsson.updatecenter (pid 24621) has died.
09-25 10:35:22.789 W/fb4a(:dash):BaseAnalyticsConfig(24789): willEventBeLogged() called before shared prefs were initialized! Defaulting to true.
09-25 10:35:22.789 W/fb4a(:dash):BaseAnalyticsConfig(24789): willEventBeLogged() called before shared prefs were initialized! Defaulting to true.
09-25 10:35:22.809 I/ActivityManager(  977): Process com.sonymobile.social.services (pid 24582) has died.
09-25 10:35:22.819 D/PackageReplacedReceiver(15872): Intent action: android.intent.action.PACKAGE_REMOVED
09-25 10:35:22.819 D/PackageReplacedReceiver(15872): Intent data: package:com.starcloudcasino.winthree
09-25 10:35:22.849 I/ActivityManager(  977): Process com.google.android.apps.plus (pid 24670) has died.
09-25 10:35:22.859 D/PackageReplacedReceiver(15872): package name:com.alibaba.android.babylon, appName:
09-25 10:35:22.859 D/PackageReplacedReceiver(15872): package name:com.taobao.appcenter, appName:
09-25 10:35:22.859 D/PackageReplacedReceiver(15872): package name:com.tmall.wireless, appName:
09-25 10:35:22.859 D/PackageReplacedReceiver(15872): package name:com.ddmap.android.privilege, appName:
09-25 10:35:22.859 D/PackageReplacedReceiver(15872): package name:org.cocos2dx.FishGame, appName:
09-25 10:35:22.859 D/PackageReplacedReceiver(15872): package name:com.chaozh.iReaderFree, appName:iReader
09-25 10:35:22.859 D/PackageReplacedReceiver(15872): package name:com.funcity.taxi.passenger, appName:
09-25 10:35:22.859 D/PackageReplacedReceiver(15872): package name:com.youku.phone, appName:
09-25 10:35:22.859 D/PackageReplacedReceiver(15872): package name:com.taobao.taobao, appName:
09-25 10:35:22.859 D/PackageReplacedReceiver(15872): package name:org.cocos2dx.FishingJoy2, appName:
09-25 10:35:22.879 I/ActivityManager(  977): Start proc com.bohaoo.yingsanzhang for broadcast com.bohaoo.yingsanzhang/com.umeng.message.RegistrationReceiver: pid=24868 uid=10289 gids={50289, 3003, 1028, 1015}
09-25 10:35:22.879 I/ActivityManager(  977): Process com.android.musicfx (pid 24566) has died.
09-25 10:35:22.899 I/dalvikvm(24868): Enabling JNI app bug workarounds for target SDK version 7...
09-25 10:35:22.909 I/ActivityManager(  977): Process com.android.voicedialer (pid 24636) has died.
09-25 10:35:22.919 D/qdhwcomposer(  327): hwc_blank: Done blanking display: 0
09-25 10:35:22.919 D/SurfaceControl(  977): Excessive delay in blankDisplay() while turning screen off: 230ms
09-25 10:35:22.919 D/dalvikvm( 5149): GC_CONCURRENT freed 353K, 14% free 50981K/58988K, paused 5ms+6ms, total 96ms
09-25 10:35:22.969 D/dalvikvm(20663): GC_FOR_ALLOC freed 703K, 7% free 55816K/59708K, paused 158ms, total 158ms
09-25 10:35:22.969 I/ActivityManager(  977): Process com.android.vending (pid 23326) has died.
09-25 10:35:23.029 I/ActivityManager(  977): Process com.android.keychain (pid 24651) has died.
09-25 10:35:23.039 D/dalvikvm(20663): GC_FOR_ALLOC freed 237K, 7% free 55789K/59708K, paused 59ms, total 60ms
09-25 10:35:23.059 I/ActivityManager(  977): Process com.sonymobile.runtimeskinning.core (pid 24706) has died.
09-25 10:35:23.089 I/ActivityManager(  977): Process com.realvnc.android.remote (pid 24690) has died.
09-25 10:35:23.099 D/dalvikvm(  977): GC_EXPLICIT freed 638K, 16% free 93582K/111384K, paused 8ms+17ms, total 204ms
09-25 10:35:23.139 D/dalvikvm(20663): GC_FOR_ALLOC freed 253K, 7% free 55790K/59708K, paused 103ms, total 103ms
09-25 10:35:23.199 D/dalvikvm( 1524): GC_EXPLICIT freed 519K, 11% free 65516K/73060K, paused 4ms+18ms, total 63ms
09-25 10:35:23.209 I/ActivityManager(  977): Start proc com.sonyericsson.trackid for broadcast com.sonyericsson.trackid/.model.android.receiver.TrackIdBroadcastReceiver: pid=24887 uid=10199 gids={50199, 3003, 1028, 1015}
09-25 10:35:23.219 I/ActivityManager(  977): Process android.process.acore (pid 24599) has died.
09-25 10:35:23.309 I/ActivityManager(  977): Process com.wsandroid.suite (pid 24521) has died.
09-25 10:35:23.319 D/BluetoothManagerService(  977): Message: 20
09-25 10:35:23.319 D/BluetoothManagerService(  977): Added callback: android.bluetooth.IBluetoothManagerCallback$Stub$Proxy@45af2610:true
09-25 10:35:23.329 D/dalvikvm(20663): GC_FOR_ALLOC freed 461K, 7% free 55854K/59708K, paused 101ms, total 101ms
09-25 10:35:23.329 W/ContextImpl(24887): Implicit intents with startService are not safe: Intent { act=com.broadcom.fm.fmreceiver.IFmReceiverService } android.content.ContextWrapper.bindService:517 com.broadcom.fm.fmreceiver.FmProxy.<init>:626 com.broadcom.fm.fmreceiver.FmProxy.getProxy:600 
09-25 10:35:23.329 E/FmProxy (24887): Could not bind to IFmReceiverService Service
09-25 10:35:23.329 W/ActivityManager(  977): Unable to start service Intent { act=com.broadcom.fm.fmreceiver.IFmReceiverService } U=0: not found
09-25 10:35:23.339 I/ActivityManager(  977): Start proc YouGuo.Zhajinhua.application for broadcast YouGuo.Zhajinhua.application/com.umeng.message.RegistrationReceiver: pid=24903 uid=10286 gids={50286, 3003, 1028, 1015}
09-25 10:35:23.349 I/dalvikvm(24903): Enabling JNI app bug workarounds for target SDK version 7...
09-25 10:35:23.399 D/dalvikvm(20663): GC_FOR_ALLOC freed 64K, 7% free 55854K/59708K, paused 72ms, total 72ms
09-25 10:35:23.429 I/ActivityManager(  977): Delay finish: YouGuo.Zhajinhua.application/com.umeng.message.RegistrationReceiver
09-25 10:35:23.459 D/dalvikvm(20663): GC_FOR_ALLOC freed 161K, 7% free 55855K/59708K, paused 57ms, total 57ms
09-25 10:35:23.579 W/BroadcastQueue(  977): Permission Denial: broadcasting Intent { act=android.net.conn.INET_CONDITION_ACTION flg=0x4000010 (has extras) } from null (pid=-1, uid=-1) requires com.facebook.permission.prod.FB_APP_COMMUNICATION due to registered receiver BroadcastFilter{45a79810 u0 ReceiverList{45d47ce0 24789 com.facebook.katana:dash/10322/u0 remote:45592358}}
09-25 10:35:23.579 W/BroadcastQueue(  977): Permission Denial: broadcasting Intent { act=android.net.conn.CONNECTIVITY_CHANGE flg=0x4000010 (has extras) } from null (pid=-1, uid=-1) requires com.facebook.permission.prod.FB_APP_COMMUNICATION due to registered receiver BroadcastFilter{45a79810 u0 ReceiverList{45d47ce0 24789 com.facebook.katana:dash/10322/u0 remote:45592358}}
09-25 10:35:23.579 W/BroadcastQueue(  977): Permission Denial: broadcasting Intent { act=android.net.conn.CONNECTIVITY_CHANGE flg=0x4000010 (has extras) } from null (pid=-1, uid=-1) requires com.facebook.permission.prod.FB_APP_COMMUNICATION due to registered receiver BroadcastFilter{45a1ff80 u0 ReceiverList{45d3f098 24789 com.facebook.katana:dash/10322/u0 remote:455780e0}}
09-25 10:35:23.599 E/dalvikvm(24789): Could not find class 'org.apache.harmony.xnet.provider.jsse.OpenSSLSocketImpl', referenced from method com.facebook.ssl.openssl.check.CheckOpenSSLImplHasRequiredMethods.<clinit>
09-25 10:35:23.599 W/dalvikvm(24789): VFY: unable to resolve const-class 13583 (Lorg/apache/harmony/xnet/provider/jsse/OpenSSLSocketImpl;) in Lcom/facebook/ssl/openssl/check/CheckOpenSSLImplHasRequiredMethods;
09-25 10:35:23.599 D/dalvikvm(24789): VFY: replacing opcode 0x1c at 0x000d
09-25 10:35:23.599 E/dalvikvm(24789): Could not find class 'org.apache.harmony.xnet.provider.jsse.OpenSSLSocketFactoryImpl', referenced from method com.facebook.ssl.openssl.reflect.SSLParametersGetter.<clinit>
09-25 10:35:23.599 W/dalvikvm(24789): VFY: unable to resolve const-class 13582 (Lorg/apache/harmony/xnet/provider/jsse/OpenSSLSocketFactoryImpl;) in Lcom/facebook/ssl/openssl/reflect/SSLParametersGetter;
09-25 10:35:23.599 D/dalvikvm(24789): VFY: replacing opcode 0x1c at 0x000d
09-25 10:35:23.609 E/dalvikvm(24789): Could not find class 'org.apache.harmony.xnet.provider.jsse.SSLParametersImpl', referenced from method com.facebook.ssl.openssl.reflect.SSLParametersGetter.a
09-25 10:35:23.609 W/dalvikvm(24789): VFY: unable to resolve check-cast 13585 (Lorg/apache/harmony/xnet/provider/jsse/SSLParametersImpl;) in Lcom/facebook/ssl/openssl/reflect/SSLParametersGetter;
09-25 10:35:23.609 D/dalvikvm(24789): VFY: replacing opcode 0x1f at 0x0006
09-25 10:35:23.609 E/dalvikvm(24789): Could not find class 'org.apache.harmony.xnet.provider.jsse.SSLParametersImpl', referenced from method com.facebook.ssl.openssl.reflect.SSLSessionTimeoutSetter.<clinit>
09-25 10:35:23.609 W/dalvikvm(24789): VFY: unable to resolve const-class 13585 (Lorg/apache/harmony/xnet/provider/jsse/SSLParametersImpl;) in Lcom/facebook/ssl/openssl/reflect/SSLSessionTimeoutSetter;
09-25 10:35:23.609 D/dalvikvm(24789): VFY: replacing opcode 0x1c at 0x000d
09-25 10:35:23.609 W/dalvikvm(24789): VFY: unable to find class referenced in signature (Lorg/apache/harmony/xnet/provider/jsse/SSLParametersImpl;)
09-25 10:35:23.609 E/dalvikvm(24789): Could not find class 'org.apache.harmony.xnet.provider.jsse.ClientSessionContext', referenced from method com.facebook.ssl.openssl.reflect.SSLSessionTimeoutSetter.a
09-25 10:35:23.609 W/dalvikvm(24789): VFY: unable to resolve check-cast 13581 (Lorg/apache/harmony/xnet/provider/jsse/ClientSessionContext;) in Lcom/facebook/ssl/openssl/reflect/SSLSessionTimeoutSetter;
09-25 10:35:23.609 D/dalvikvm(24789): VFY: replacing opcode 0x1f at 0x0006
09-25 10:35:23.609 W/dalvikvm(24789): VFY: unable to find class referenced in signature (Lorg/apache/harmony/xnet/provider/jsse/SSLParametersImpl;)
09-25 10:35:23.609 W/dalvikvm(24789): Unable to resolve superclass of Lcom/facebook/ssl/openssl/TicketEnabledOpenSSLSocketImplWrapper; (13584)
09-25 10:35:23.609 W/dalvikvm(24789): Link of class 'Lcom/facebook/ssl/openssl/TicketEnabledOpenSSLSocketImplWrapper;' failed
09-25 10:35:23.609 E/dalvikvm(24789): Could not find class 'com.facebook.ssl.openssl.TicketEnabledOpenSSLSocketImplWrapper', referenced from method com.facebook.ssl.openssl.TicketEnabledOpenSSLSocketFactoryHelper.a
09-25 10:35:23.609 W/dalvikvm(24789): VFY: unable to resolve new-instance 10322 (Lcom/facebook/ssl/openssl/TicketEnabledOpenSSLSocketImplWrapper;) in Lcom/facebook/ssl/openssl/TicketEnabledOpenSSLSocketFactoryHelper;
09-25 10:35:23.609 D/dalvikvm(24789): VFY: replacing opcode 0x22 at 0x0000
09-25 10:35:23.609 W/dalvikvm(24789): Unable to resolve superclass of Lcom/facebook/ssl/openssl/TicketEnabledOpenSSLSocketImplWrapper; (13584)
09-25 10:35:23.609 W/dalvikvm(24789): Link of class 'Lcom/facebook/ssl/openssl/TicketEnabledOpenSSLSocketImplWrapper;' failed
09-25 10:35:23.609 D/dalvikvm(24789): DexOpt: unable to opt direct call 0xaa3b at 0x08 in Lcom/facebook/ssl/openssl/TicketEnabledOpenSSLSocketFactoryHelper;.a
09-25 10:35:23.940 W/Settings(24789): Setting wifi_sleep_policy has moved from android.provider.Settings.System to android.provider.Settings.Global, returning read-only value.
09-25 10:35:24.390 I/ActivityManager(  977): Resuming delayed broadcast
09-25 10:35:24.400 I/Process (24868): Sending signal. PID: 24868 SIG: 3
09-25 10:35:24.400 I/dalvikvm(24868): threadid=3: reacting to signal 3
09-25 10:35:24.400 D/dalvikvm(24936): Late-enabling CheckJNI
09-25 10:35:24.400 I/ActivityManager(  977): Start proc com.maopaoke.mpk6001578 for broadcast com.maopaoke.mpk6001578/com.maopaoke.hsy.QReceiver: pid=24936 uid=10312 gids={50312, 1028, 1015, 3003}
09-25 10:35:24.470 I/Process (24903): Sending signal. PID: 24903 SIG: 3
09-25 10:35:24.470 I/dalvikvm(24903): threadid=3: reacting to signal 3
09-25 10:35:24.500 I/dalvikvm(24868): Wrote stack traces to '/data/anr/traces.txt'
09-25 10:35:24.520 D/BasicLauncher(24936): try lock file mpsdk_plg_v2.000.cfg to read success
09-25 10:35:24.530 I/dalvikvm(24903): Wrote stack traces to '/data/anr/traces.txt'
09-25 10:35:24.530 W/GAV2    (24742): Thread[main,5,main]: dispatch call queued.  Need to call GAServiceManager.getInstance().initialize().
09-25 10:35:24.530 D/BasicLauncher(24936): local exist plugin hsyCore_16.plg
09-25 10:35:24.580 D/BasicLauncher(24936): load plugin success hsyCore
09-25 10:35:24.580 D/BasicLauncher(24936): try lock file mpsdk_plg_v2.000.cfg to write success
09-25 10:35:24.580 W/ContextImpl(24936): Implicit intents with startService are not safe: Intent { act=com.maopaoke.hsy.service } android.content.ContextWrapper.bindService:517 com.maopaoke.hsy.core.HsyCore.onCreate:-1 java.lang.reflect.Method.invokeNative:-2 
09-25 10:35:24.600 D/AppContext(24936): init sdk context success
09-25 10:35:24.610 D/SdkManager(24936): current create process is hsy.process.apk
09-25 10:35:24.610 D/SdkManager(24936): load core plugin cost time 0.094
09-25 10:35:24.620 I/dalvikvm(24936): Could not find method android.content.pm.ParceledListSlice.isLastSlice, referenced from method a.b.a.a.a
09-25 10:35:24.620 W/dalvikvm(24936): VFY: unable to resolve virtual method 368: Landroid/content/pm/ParceledListSlice;.isLastSlice ()Z
09-25 10:35:24.620 D/dalvikvm(24936): VFY: replacing opcode 0x6e at 0x0083
09-25 10:35:24.630 I/System.out(24936): >>>>>>>>>>>>>>>>>open /data/data/com.maopaoke.mpk6001578/app_so/libmegjb.so
09-25 10:35:24.630 I/System.out(24936): >>>>>>>>>>>>>>>>>open /vendor/lib/libmegjb.so
09-25 10:35:24.630 I/System.out(24936): >>>>>>>>>>>>>>>>>open /system/lib/libmegjb.so
09-25 10:35:24.640 W/ContextImpl(24936): Implicit intents with startService are not safe: Intent { act=com.maopaoke.hsy.service (has extras) } android.content.ContextWrapper.startService:494 com.maopaoke.hsy.QApplication.startService:-1 com.maopaoke.hsy.QApplication.onCreate:-1 
09-25 10:35:24.640 D/QService(20574): onStartCommand hsy.app.msg.onCreate
09-25 10:35:24.640 I/AppStateReceiver(20574): registed for com.maopaoke.hsy.QApplication@447174a0
09-25 10:35:24.640 D/QService(20574): onStartCommand hsy.broadcast.msg.onReceiver
09-25 10:35:24.640 I/AppStateReceiver(20574): received intent Intent { act=android.intent.action.PACKAGE_REMOVED dat=package:com.starcloudcasino.winthree flg=0x4000010 cmp=com.maopaoke.mpk6001578/com.maopaoke.hsy.QReceiver (has extras) }
09-25 10:35:24.640 I/AppStateReceiver(20574): removed com.starcloudcasino.winthree
09-25 10:35:24.650 W/ContextImpl(20574): Implicit intents with startService are not safe: Intent { act=com.maopaoke.hsy.service (has extras) } android.content.ContextWrapper.startService:494 com.maopaoke.hsy.core.sdk.c.a:-1 com.maopaoke.hsy.core.sdk.SdkManager.command:-1 
09-25 10:35:24.680 D/QService(20574): onStartCommand hsy.service.msg.onCommand
09-25 10:35:24.710 I/ActivityManager(  977): Start proc com.android.documentsui for broadcast com.android.documentsui/.PackageReceiver: pid=24968 uid=10295 gids={50295}
09-25 10:35:24.801 D/Documents(24968): Loading roots for com.android.providers.downloads.documents
09-25 10:35:24.841 D/Documents(24968): Loading roots for com.android.externalstorage.documents
09-25 10:35:24.841 I/ActivityManager(  977): Start proc com.sonymobile.autopairing for broadcast com.sonymobile.autopairing/.AndroidPackageIntentReceiver: pid=24984 uid=10315 gids={50315, 3002, 3001, 3003}
09-25 10:35:24.861 I/ActivityManager(  977): Start proc com.android.externalstorage for content provider com.android.externalstorage/.ExternalStorageProvider: pid=24997 uid=10241 gids={50241, 1028, 1015, 1023}
