09-25 10:36:03.043 W/PackageManager(  977): Not granting permission android.permission.DEVICE_POWER to package com.tencent.minihd.qq (protectionLevel=2 flags=0x80be44)
09-25 10:36:03.043 W/PackageManager(  977): Not granting permission com.android.launcher.permission.READ_SETTINGS to package com.tencent.minihd.qq because it was previously installed without
09-25 10:36:03.043 W/PackageManager(  977): Unknown permission com.tencent.mm.plugin.permission.SEND in package com.tencent.mm
09-25 10:36:03.043 W/PackageManager(  977): Not granting permission com.android.launcher.permission.READ_SETTINGS to package com.tencent.mm because it was previously installed without
09-25 10:36:03.043 W/PackageManager(  977): Unknown permission com.tencent.mm.location.permission.SEND_VIEW in package com.tencent.mm
09-25 10:36:03.053 W/PackageManager(  977): Not granting permission android.permission.READ_LOGS to package com.iknowing.vbuluo.android (protectionLevel=50 flags=0x80be44)
09-25 10:36:03.053 W/PackageManager(  977): Not granting permission android.permission.MOUNT_UNMOUNT_FILESYSTEMS to package com.iknowing.vbuluo.android (protectionLevel=18 flags=0x80be44)
09-25 10:36:03.053 W/PackageManager(  977): Not granting permission com.android.launcher.permission.READ_SETTINGS to package com.iknowing.vbuluo.android because it was previously installed without
09-25 10:36:03.053 W/PackageManager(  977): Unknown permission android.permission.RECEIVE_USER_PRESENT in package com.iknowing.vbuluo.android
09-25 10:36:03.063 W/PackageManager(  977): Unknown permission com.sony.walkman.database.media.permission.WRITE_MEDIA_METADATA in package com.sonyericsson.metadatacleanup
09-25 10:36:03.063 W/PackageManager(  977): Unknown permission com.sony.walkman.database.media.permission.ACCESS_DRM_METADATA in package com.sonyericsson.metadatacleanup
09-25 10:36:03.063 W/PackageManager(  977): Unknown permission com.sony.walkman.permission.ACCESS_MEDIA in package com.sonyericsson.metadatacleanup
09-25 10:36:03.063 W/PackageManager(  977): Unknown permission com.skt.aom.permission.AOM_RECEIVE in package jp.naver.line.android
09-25 10:36:03.063 W/PackageManager(  977): Unknown permission com.kddi.market.permission.USE_ALML in package jp.naver.line.android
09-25 10:36:03.083 W/PackageManager(  977): Unknown permission com.timhoeck.android.eventghost.permission.SEND_EVENTS in package de.gavitec.semc
09-25 10:36:03.083 W/PackageManager(  977): Unknown permission com.sonyericsson.permission.CUSTOMIZATION in package com.sonyericsson.textinput.chinese
09-25 10:36:03.183 E/JavaBinder(  977): !!! FAILED BINDER TRANSACTION !!!
09-25 10:36:03.193 D/StatusBar.NetworkController( 1293): refreshViews: Data not connected!! Set no data type icon / Roaming
09-25 10:36:03.263 D/dalvikvm(  977): GC_CONCURRENT freed 8211K, 16% free 94294K/111384K, paused 9ms+20ms, total 205ms
09-25 10:36:03.263 D/dalvikvm(  977): WAIT_FOR_CONCURRENT_GC blocked 181ms
09-25 10:36:03.283 W/PackageManager(  977): Unknown permission com.android.vending.billing.IBillingAccountService.BIND2 in package com.google.android.gsf.login
09-25 10:36:03.293 W/PackageManager(  977): Unknown permission com.sonyericsson.permission.CONTACTS_PICK_CONVERSATIONS_TARGET in package com.sonyericsson.conversations
09-25 10:36:03.293 W/PackageManager(  977): Unknown permission com.sonyericsson.pws.permission.EMERGENCY_ALERTS in package com.sonyericsson.conversations
09-25 10:36:03.293 W/PackageManager(  977): Unknown permission com.sonyericsson.permission.ACCESS_PROTECTED_CONTACTS in package com.sonyericsson.conversations
09-25 10:36:03.293 W/PackageManager(  977): Unknown permission com.sonymobile.providers.landownerprovider.permission.READ in package com.sonyericsson.conversations
09-25 10:36:03.303 W/PackageManager(  977): Unknown permission com.sonymobile.permission.READ_LUNAR in package com.android.calendar
09-25 10:36:03.303 W/PackageManager(  977): Unknown permission com.sonymobile.permission.WRITE_LUNAR in package com.android.calendar
09-25 10:36:03.303 W/PackageManager(  977): Not granting permission android.permission.MOUNT_UNMOUNT_FILESYSTEMS to package com.maopaoke.mpk6001578 (protectionLevel=18 flags=0x88be46)
09-25 10:36:03.303 W/PackageManager(  977): Unknown permission android.permission.READ_SECURE_SETTINGS in package com.maopaoke.mpk6001578
09-25 10:36:03.303 W/PackageManager(  977): Not granting permission com.android.launcher.permission.READ_SETTINGS to package com.maopaoke.mpk6001578 because it was previously installed without
09-25 10:36:03.303 W/PackageManager(  977): Unknown permission android.permission.RUN_INSTRUMENTATION in package com.maopaoke.mpk6001578
09-25 10:36:03.303 W/PackageManager(  977): Unknown permission com.android.launcher.permission.CLEAR_APP_USER_DATA in package com.maopaoke.mpk6001578
09-25 10:36:03.303 W/PackageManager(  977): Unknown permission com.android.launcher.permission.SEND_DOWNLOAD_COMPLETED_INTENTS in package com.maopaoke.mpk6001578
09-25 10:36:03.303 W/PackageManager(  977): Not granting permission android.permission.READ_LOGS to package com.maopaoke.mpk6001578 (protectionLevel=50 flags=0x88be46)
09-25 10:36:03.313 W/PackageManager(  977): Unknown permission com.sonyericsson.permission.MUSIC in package com.sonyericsson.music.wikipediaplugin
09-25 10:36:03.313 W/PackageManager(  977): Unknown permission FacebookProxy.Permission.PROXY_PERMISSION in package com.sonyericsson.textinput.uxp
09-25 10:36:03.313 W/PackageManager(  977): Unknown permission com.sonyericsson.permission.CUSTOMIZATION in package com.sonyericsson.textinput.uxp
09-25 10:36:03.313 W/PackageManager(  977): Unknown permission com.sonymobile.permission.WRITE_PERSISTENT_STORAGE in package com.sonyericsson.textinput.uxp
09-25 10:36:03.333 W/PackageManager(  977): Unknown permission android.permission.ACCESS_DRM in package com.sonyericsson.updatecenter
09-25 10:36:03.343 W/PackageManager(  977): Not granting permission android.permission.BROADCAST_PACKAGE_REMOVED to package com.google.android.marvin.talkback (protectionLevel=2 flags=0xc9be45)
09-25 10:36:03.343 W/PackageManager(  977): Unknown permission android.permission.NETWORK in package com.trello
09-25 10:36:03.343 W/PackageManager(  977): Unknown permission com.sonymobile.permission.SOMC_AUTO_UPLOADER in package com.sonyericsson.android.addoncamera.artfilter
09-25 10:36:03.353 W/PackageManager(  977): Not granting permission android.permission.INJECT_EVENTS to package com.sonyericsson.pws (protectionLevel=2 flags=0x4088be45)
09-25 10:36:03.353 W/PackageManager(  977): Not granting permission android.permission.INTERNAL_SYSTEM_WINDOW to package com.sonyericsson.pws (protectionLevel=2 flags=0x4088be45)
09-25 10:36:03.353 W/PackageManager(  977): Unknown permission android.permission.RECOVERY in package com.google.android.gms
09-25 10:36:03.353 W/PackageManager(  977): Not granting permission android.permission.READ_DREAM_STATE to package com.google.android.gms (protectionLevel=2 flags=0x40c83ec5)
09-25 10:36:03.353 W/PackageManager(  977): Not granting permission android.permission.CAPTURE_AUDIO_HOTWORD to package com.google.android.gms (protectionLevel=18 flags=0x40c83ec5)
09-25 10:36:03.353 W/PackageManager(  977): Not granting permission android.permission.READ_FRAME_BUFFER to package com.google.android.gms (protectionLevel=18 flags=0x40c83ec5)
09-25 10:36:03.353 W/PackageManager(  977): Unknown permission com.google.android.wearable.READ_SETTINGS in package com.google.android.gms
09-25 10:36:03.353 W/PackageManager(  977): Unknown permission com.google.android.gallery3d.permission.PICASA_STORE in package com.android.dreams.phototable
09-25 10:36:03.363 W/PackageManager(  977): Not granting permission android.permission.WRITE_MEDIA_STORAGE to package com.sonyericsson.clips (protectionLevel=18 flags=0xd8be45)
09-25 10:36:03.363 W/PackageManager(  977): Not granting permission android.permission.CHANGE_COMPONENT_ENABLED_STATE to package com.sonyericsson.clips (protectionLevel=18 flags=0xd8be45)
09-25 10:36:03.363 W/PackageManager(  977): Not granting permission android.permission.READ_FRAME_BUFFER to package com.sonyericsson.clips (protectionLevel=18 flags=0xd8be45)
09-25 10:36:03.373 W/PackageManager(  977): Not granting permission android.permission.MOUNT_UNMOUNT_FILESYSTEMS to package in.dapai.mnysz (protectionLevel=18 flags=0xbe44)
09-25 10:36:03.373 W/PackageManager(  977): Unknown permission android.permission.ACCESS_COARSE_UPDATES in package in.dapai.mnysz
09-25 10:36:03.373 W/PackageManager(  977): Unknown permission android.permission.SYSTEM_OVERLAY_WINDOW in package in.dapai.mnysz
09-25 10:36:03.373 W/PackageManager(  977): Unknown permission android.hardware.sensor.accelerometer in package in.dapai.mnysz
09-25 10:36:03.383 W/PackageManager(  977): Not granting permission android.permission.MOUNT_UNMOUNT_FILESYSTEMS to package com.imangi.templerun2 (protectionLevel=18 flags=0x88be44)
09-25 10:36:03.383 W/PackageManager(  977): Unknown permission android.webkit.permission.PLUGIN in package com.adobe.flashplayer
09-25 10:36:03.393 W/PackageManager(  977): Unknown permission com.sonyericsson.permission.MUSIC in package com.sonyericsson.music
09-25 10:36:03.393 W/PackageManager(  977): Unknown permission com.sonyericsson.illumination.permission.ILLUMINATION in package com.sonyericsson.music
09-25 10:36:03.393 W/PackageManager(  977): Unknown permission com.sonymobile.dlna.permission.READ_DATA in package com.sonyericsson.music
09-25 10:36:03.393 W/PackageManager(  977): Unknown permission com.sonyericsson.illumination.permission.ILLUMINATION in package com.sonymobile.retaildemo
09-25 10:36:03.403 W/PackageManager(  977): Not granting permission android.permission.INTERACT_ACROSS_USERS_FULL to package com.android.email (protectionLevel=2 flags=0x40cbbc45)
09-25 10:36:03.413 W/PackageManager(  977): Not granting permission android.permission.MOUNT_UNMOUNT_FILESYSTEMS to package cn.yiqu.kaisadzpk_first (protectionLevel=18 flags=0x88be44)
09-25 10:36:03.413 W/PackageManager(  977): Unknown permission android.permission.RECEIVE_USER_PRESENT in package cn.yiqu.kaisadzpk_first
09-25 10:36:03.413 W/PackageManager(  977): Not granting permission android.permission.MODIFY_PHONE_STATE to package com.wsandroid.suite (protectionLevel=18 flags=0x88be04)
09-25 10:36:03.413 W/PackageManager(  977): Not granting permission android.permission.READ_LOGS to package com.wsandroid.suite (protectionLevel=50 flags=0x88be04)
09-25 10:36:03.413 W/PackageManager(  977): Not granting permission android.permission.BROADCAST_SMS to package com.wsandroid.suite (protectionLevel=2 flags=0x88be04)
09-25 10:36:03.413 W/PackageManager(  977): Not granting permission android.permission.WRITE_SECURE_SETTINGS to package com.wsandroid.suite (protectionLevel=50 flags=0x88be04)
09-25 10:36:03.413 W/PackageManager(  977): Not granting permission android.permission.CONTROL_LOCATION_UPDATES to package com.wsandroid.suite (protectionLevel=18 flags=0x88be04)
09-25 10:36:03.413 W/PackageManager(  977): Unknown permission android.permission.ACCESS_COARSE_UPDATES in package com.wsandroid.suite
09-25 10:36:03.413 W/PackageManager(  977): Not granting permission android.permission.MOUNT_FORMAT_FILESYSTEMS to package com.wsandroid.suite (protectionLevel=18 flags=0x88be04)
09-25 10:36:03.413 W/PackageManager(  977): Not granting permission android.permission.MOUNT_UNMOUNT_FILESYSTEMS to package com.wsandroid.suite (protectionLevel=18 flags=0x88be04)
09-25 10:36:03.413 W/PackageManager(  977): Not granting permission android.permission.DELETE_PACKAGES to package com.wsandroid.suite (protectionLevel=18 flags=0x88be04)
09-25 10:36:03.433 W/PackageManager(  977): Unknown permission com.sonyericsson.illumination.permission.ILLUMINATION in package com.sonymobile.tvout.wifidisplay
09-25 10:36:03.433 W/PackageManager(  977): Unknown permission net.emome.hamiapps.am.permission.ACCESS_HAMI_APPS in package com.walkgame.tvgo_sony_app
09-25 10:36:03.463 W/PackageManager(  977): Unknown permission com.sonyericsson.permission.CUSTOMIZATION in package com.sonyericsson.android.pobox
09-25 10:36:03.463 W/PackageManager(  977): Not granting permission android.permission.MOUNT_UNMOUNT_FILESYSTEMS to package com.game515.zhajinhua (protectionLevel=18 flags=0x80be44)
09-25 10:36:03.463 W/PackageManager(  977): Not granting permission android.permission.MOUNT_UNMOUNT_FILESYSTEMS to package com.starfield.game.android.zhenrenysz (protectionLevel=18 flags=0x983e44)
09-25 10:36:03.473 W/PackageManager(  977): Not granting permission android.permission.READ_LOGS to package tv.acfundanmaku.video (protectionLevel=50 flags=0x88be44)
09-25 10:36:03.473 W/PackageManager(  977): Unknown permission android.permission.RECEIVE_USER_PRESENT in package tv.acfundanmaku.video
09-25 10:36:03.473 W/PackageManager(  977): Not granting permission android.permission.MOUNT_UNMOUNT_FILESYSTEMS to package tv.acfundanmaku.video (protectionLevel=18 flags=0x88be44)
09-25 10:36:03.483 W/PackageManager(  977): Not granting permission android.permission.MOUNT_UNMOUNT_FILESYSTEMS to package com.youku.phone (protectionLevel=18 flags=0x98be44)
09-25 10:36:03.483 W/PackageManager(  977): Not granting permission android.permission.READ_LOGS to package com.youku.phone (protectionLevel=50 flags=0x98be44)
09-25 10:36:03.483 W/PackageManager(  977): Unknown permission android.permission.READ_SETTINGS in package com.youku.phone
09-25 10:36:03.483 W/PackageManager(  977): Unknown permission com.android.launcher.permission.PRELOAD_WORKSPACE in package com.google.android.partnersetup
09-25 10:36:03.483 W/PackageManager(  977): Not granting permission android.permission.MOUNT_UNMOUNT_FILESYSTEMS to package com.starfield.game.android.ly.apex.texaspoker (protectionLevel=18 flags=0x80be44)
09-25 10:36:03.503 W/PackageManager(  977): Not granting permission android.permission.DEVICE_POWER to package com.sonyericsson.android.socialphonebook (protectionLevel=2 flags=0x40c8be45)
09-25 10:36:03.503 W/PackageManager(  977): Unknown permission com.sonyericsson.permission.VOIPCALLLOG in package com.sonyericsson.android.socialphonebook
09-25 10:36:03.503 W/PackageManager(  977): Unknown permission com.android.email.permission.ACCESS_GAL_PROVIDER in package com.sonyericsson.android.socialphonebook
09-25 10:36:03.503 W/PackageManager(  977): Unknown permission com.sonymobile.providers.landownerprovider.permission.READ in package com.sonyericsson.android.socialphonebook
09-25 10:36:03.513 W/PackageManager(  977): Unknown permission com.google.android.providers.gmail.permission.READ_GMAIL in package com.mobisystems.office
09-25 10:36:03.523 W/PackageManager(  977): Unknown permission com.sonyericsson.illumination.permission.ILLUMINATION in package com.android.nfc
09-25 10:36:03.523 W/PackageManager(  977): Unknown permission com.sonyericsson.permission.MUSIC in package com.sonyericsson.music.googlelyricsplugin
09-25 10:36:03.533 W/PackageManager(  977): Not granting permission android.permission.READ_LOGS to package com.tencent.token (protectionLevel=50 flags=0x80be44)
09-25 10:36:03.543 W/PackageManager(  977): Not granting permission com.android.launcher.permission.READ_SETTINGS to package com.dianping.v1 because it was previously installed without
09-25 10:36:03.543 W/PackageManager(  977): Unknown permission android.permission.READ_SETTINGS in package com.dianping.v1
09-25 10:36:03.543 W/PackageManager(  977): Not granting permission android.permission.MOUNT_UNMOUNT_FILESYSTEMS to package com.dianping.v1 (protectionLevel=18 flags=0x88be44)
09-25 10:36:03.543 W/PackageManager(  977): Not granting permission android.permission.READ_LOGS to package com.dianping.v1 (protectionLevel=50 flags=0x88be44)
09-25 10:36:03.563 W/PackageManager(  977): Not granting permission android.permission.DEVICE_POWER to package com.tencent.qqgame.qqTexaswvga (protectionLevel=2 flags=0x80be44)
09-25 10:36:03.563 W/PackageManager(  977): Unknown permission android.permission.RECEIVE_USER_PRESENT in package com.tencent.qqgame.qqTexaswvga
09-25 10:36:03.563 W/PackageManager(  977): Not granting permission android.permission.READ_LOGS to package com.tencent.qqgame.qqTexaswvga (protectionLevel=50 flags=0x80be44)
09-25 10:36:03.563 W/PackageManager(  977): Not granting permission android.permission.BATTERY_STATS to package com.tencent.qqgame.qqTexaswvga (protectionLevel=18 flags=0x80be44)
09-25 10:36:03.573 W/PackageManager(  977): Unknown permission com.qualcomm.permission.ACCESS_LOCATION_API in package com.qualcomm.location
09-25 10:36:03.583 W/PackageManager(  977): Unknown permission com.vodafone.vodafone360updates.permission.SHOW_SETUP_WIZARD in package com.sonyericsson.setupwizard
09-25 10:36:03.603 W/PackageManager(  977): Unknown permission android.permission.ACCESS_COARSE_UPDATES in package com.sina.weibo
09-25 10:36:03.603 W/PackageManager(  977): Not granting permission com.android.launcher.permission.READ_SETTINGS to package com.sina.weibo because it was previously installed without
09-25 10:36:03.603 W/PackageManager(  977): Not granting permission android.permission.READ_LOGS to package com.sina.weibo (protectionLevel=50 flags=0x88be44)
09-25 10:36:03.603 W/PackageManager(  977): Not granting permission android.permission.MOUNT_UNMOUNT_FILESYSTEMS to package com.sina.weibo (protectionLevel=18 flags=0x88be44)
09-25 10:36:03.603 W/PackageManager(  977): Unknown permission android.permission.RECEIVE_USER_PRESENT in package com.sina.weibo
09-25 10:36:03.613 W/PackageManager(  977): Not granting permission android.permission.MOUNT_UNMOUNT_FILESYSTEMS to package org.dakiler.android.fcgame (protectionLevel=18 flags=0x80be44)
09-25 10:36:03.613 W/PackageManager(  977): Unknown permission com.sonyericsson.illumination.permission.ILLUMINATION in package com.sonyericsson.organizer
09-25 10:36:03.623 W/PackageManager(  977): Unknown permission com.estrongs.android.pop.PERMISSION in package com.estrongs.android.pop
09-25 10:36:03.623 W/PackageManager(  977): Unknown permission com.sonyericsson.permission.MUSIC in package com.sonyericsson.musicvisualizer
09-25 10:36:03.623 W/PackageManager(  977): Unknown permission com.sonymobile.dlna.permission.READ_DATA in package com.sonyericsson.musicvisualizer
09-25 10:36:03.623 W/PackageManager(  977): Unknown permission com.sony.walkman.database.media.permission.ACCESS_DRM_METADATA in package com.sonyericsson.musicvisualizer
09-25 10:36:03.623 W/PackageManager(  977): Not granting permission com.sonymobile.permission.SYSTEM_UI_VISIBILITY_EXTENSIONS to package com.sonyericsson.musicvisualizer (protectionLevel=18 flags=0xc8be45)
09-25 10:36:03.633 W/PackageManager(  977): Not granting permission android.permission.MANAGE_DOCUMENTS to package com.google.android.youtube (protectionLevel=18 flags=0x983ec5)
09-25 10:36:03.633 W/PackageManager(  977): Unknown permission android.permission.ACCESS_DRM in package com.sonyericsson.photoeditor
09-25 10:36:03.633 W/PackageManager(  977): Not granting permission com.android.launcher.permission.READ_SETTINGS to package com.tencent.qqmusic because it was previously installed without
09-25 10:36:03.643 W/PackageManager(  977): Not granting permission android.permission.MOUNT_UNMOUNT_FILESYSTEMS to package com.tencent.qqmusic (protectionLevel=18 flags=0x88be64)
09-25 10:36:03.643 W/PackageManager(  977): Unknown permission com.chrome.permission.DEVICE_EXTRAS in package com.android.chrome
09-25 10:36:03.643 W/PackageManager(  977): Unknown permission com.sec.enterprise.knox.MDM_CONTENT_PROVIDER in package com.android.chrome
09-25 10:36:03.653 W/PackageManager(  977): Unknown permission andriod.permission.MANAGE_USB in package com.sonyericsson.usbux
09-25 10:36:03.653 W/PackageManager(  977): Unknown permission com.twitter.android.permission.AUTH_APP in package com.sonymobile.twitter.account
09-25 10:36:03.653 W/PackageManager(  977): Unknown permission com.sonymobile.dlna.permission.READ_DATA in package com.sonyericsson.dtcpctrl
09-25 10:36:03.663 W/PackageManager(  977): Not granting permission android.permission.MOUNT_UNMOUNT_FILESYSTEMS to package com.tencent.game.rhythmmaster (protectionLevel=18 flags=0x80be44)
09-25 10:36:03.663 W/PackageManager(  977): Not granting permission android.permission.READ_LOGS to package com.tencent.game.rhythmmaster (protectionLevel=50 flags=0x80be44)
09-25 10:36:03.663 W/PackageManager(  977): Unknown permission android.permission.ACCESS_FIND_LOCATION in package com.starcloudcasino.winthree
09-25 10:36:03.663 W/PackageManager(  977): Unknown permission android.permission.RECEIVE_USER_PRESENT in package com.starcloudcasino.winthree
09-25 10:36:03.833 W/ContextImpl(25266): Implicit intents with startService are not safe: Intent { act=jp.naver.android.npush.intent.action.SUBSCRIBE (has extras) } android.content.ContextWrapper.startService:494 jp.naver.android.npush.register.NPushMessaging.requestSubscribe:48 jp.naver.android.npush.register.NPushMessaging.requestSubscribe:32 
09-25 10:36:03.873 I/SocialEngine(32732): [main] PluginManager.onReceive: Package com.starcloudcasino.winthree was added
09-25 10:36:03.893 I/InputReader(  977): Reconfiguring input devices.  changes=0x00000010
09-25 10:36:03.893 I/ActivityManager(  977): Start proc com.alipay.android.app for broadcast com.alipay.android.app/com.alipay.notify.BroadcastActionReceiver: pid=25851 uid=10203 gids={50203, 3003, 1028, 1015}
09-25 10:36:03.943 I/dalvikvm(25851): Enabling JNI app bug workarounds for target SDK version 7...
09-25 10:36:03.943 W/IntentResolver(  977): resolveIntent: multiple matches, only some with CATEGORY_DEFAULT
09-25 10:36:03.953 I/PackageManager(  977):   Action: "android.intent.action.SENDTO"
09-25 10:36:03.953 I/PackageManager(  977):   Category: "android.intent.category.DEFAULT"
09-25 10:36:03.953 I/PackageManager(  977):   Scheme: "sms"
09-25 10:36:03.953 I/PackageManager(  977): Adding preferred activity ComponentInfo{com.sonyericsson.conversations/com.sonyericsson.conversations.ui.ConversationListActivity} for user 0 :
09-25 10:36:03.993 I/PackageManager(  977):   Action: "android.intent.action.SENDTO"
09-25 10:36:03.993 I/PackageManager(  977):   Category: "android.intent.category.DEFAULT"
09-25 10:36:03.993 I/PackageManager(  977):   Scheme: "smsto"
09-25 10:36:03.993 W/IntentResolver(  977): resolveIntent: multiple matches, only some with CATEGORY_DEFAULT
09-25 10:36:03.993 I/PackageManager(  977): Adding preferred activity ComponentInfo{com.sonyericsson.conversations/com.sonyericsson.conversations.ui.ConversationListActivity} for user 0 :
09-25 10:36:04.023 D/dalvikvm( 1590): GC_CONCURRENT freed 534K, 13% free 51594K/58988K, paused 3ms+4ms, total 28ms
09-25 10:36:04.023 D/dalvikvm( 1590): WAIT_FOR_CONCURRENT_GC blocked 16ms
09-25 10:36:04.044 W/IntentResolver(  977): resolveIntent: multiple matches, only some with CATEGORY_DEFAULT
09-25 10:36:04.044 I/ActivityManager(  977): Process com.sonyericsson.android.bootinfo:remote (pid 25346) has died.
09-25 10:36:04.054 I/PackageManager(  977):   Action: "android.intent.action.SENDTO"
09-25 10:36:04.054 I/PackageManager(  977):   Category: "android.intent.category.DEFAULT"
09-25 10:36:04.054 I/PackageManager(  977):   Scheme: "mms"
09-25 10:36:04.054 I/PackageManager(  977): Adding preferred activity ComponentInfo{com.sonyericsson.conversations/com.sonyericsson.conversations.ui.ConversationListActivity} for user 0 :
09-25 10:36:04.114 W/IntentResolver(  977): resolveIntent: multiple matches, only some with CATEGORY_DEFAULT
09-25 10:36:04.124 I/PackageManager(  977):   Action: "android.intent.action.SENDTO"
09-25 10:36:04.124 I/PackageManager(  977):   Category: "android.intent.category.DEFAULT"
09-25 10:36:04.124 I/PackageManager(  977):   Scheme: "mmsto"
09-25 10:36:04.124 I/PackageManager(  977): Adding preferred activity ComponentInfo{com.sonyericsson.conversations/com.sonyericsson.conversations.ui.ConversationListActivity} for user 0 :
09-25 10:36:04.164 I/PackageManager(  977):   Action: "android.intent.action.SENDTO"
09-25 10:36:04.164 I/PackageManager(  977):   Category: "android.intent.category.DEFAULT"
09-25 10:36:04.164 I/PackageManager(  977):   Scheme: "sms"
09-25 10:36:04.164 W/IntentResolver(  977): resolveIntent: multiple matches, only some with CATEGORY_DEFAULT
09-25 10:36:04.164 I/PackageManager(  977): Adding preferred activity ComponentInfo{com.sonyericsson.conversations/com.sonyericsson.conversations.ui.ConversationListActivity} for user 0 :
09-25 10:36:04.204 I/PackageManager(  977):   Action: "android.intent.action.SENDTO"
09-25 10:36:04.204 I/PackageManager(  977):   Category: "android.intent.category.DEFAULT"
09-25 10:36:04.204 I/PackageManager(  977):   Scheme: "smsto"
09-25 10:36:04.204 W/IntentResolver(  977): resolveIntent: multiple matches, only some with CATEGORY_DEFAULT
09-25 10:36:04.204 I/PackageManager(  977): Adding preferred activity ComponentInfo{com.sonyericsson.conversations/com.sonyericsson.conversations.ui.ConversationListActivity} for user 0 :
09-25 10:36:04.244 I/PackageManager(  977):   Action: "android.intent.action.SENDTO"
09-25 10:36:04.244 I/PackageManager(  977):   Category: "android.intent.category.DEFAULT"
09-25 10:36:04.244 I/PackageManager(  977):   Scheme: "mms"
09-25 10:36:04.244 W/IntentResolver(  977): resolveIntent: multiple matches, only some with CATEGORY_DEFAULT
09-25 10:36:04.244 I/PackageManager(  977): Adding preferred activity ComponentInfo{com.sonyericsson.conversations/com.sonyericsson.conversations.ui.ConversationListActivity} for user 0 :
09-25 10:36:04.274 W/IntentResolver(  977): resolveIntent: multiple matches, only some with CATEGORY_DEFAULT
09-25 10:36:04.284 I/PackageManager(  977):   Action: "android.intent.action.SENDTO"
09-25 10:36:04.284 I/PackageManager(  977):   Category: "android.intent.category.DEFAULT"
09-25 10:36:04.284 I/PackageManager(  977):   Scheme: "mmsto"
09-25 10:36:04.284 I/PackageManager(  977): Adding preferred activity ComponentInfo{com.sonyericsson.conversations/com.sonyericsson.conversations.ui.ConversationListActivity} for user 0 :
09-25 10:36:04.324 W/ContextImpl(25851): Implicit intents with startService are not safe: Intent { act=com.alipay.notify.poll.config.ConfigService } android.content.ContextWrapper.stopService:499 android.content.ContextWrapper.stopService:499 com.alipay.notify.b.a:-1 
09-25 10:36:04.394 D/dalvikvm(  977): GC_EXPLICIT freed 7535K, 16% free 93824K/111384K, paused 7ms+23ms, total 553ms
09-25 10:36:04.394 D/AndroidRuntime(25745): Shutting down VM
09-25 10:36:04.394 D/BackupManagerService(  977): Received broadcast Intent { act=android.intent.action.PACKAGE_ADDED dat=package:com.starcloudcasino.winthree flg=0x4000010 (has extras) }
09-25 10:36:04.404 D/dalvikvm(25745): GC_CONCURRENT freed 95K, 15% free 564K/664K, paused 1ms+0ms, total 4ms
09-25 10:36:04.404 V/BackupManagerService(  977): addPackageParticipantsLocked: #1
09-25 10:36:04.414 I/ActivityManager(  977): Start proc com.wsandroid.suite for broadcast com.wsandroid.suite/com.wavesecure.core.WSAndroidReceiver: pid=25881 uid=10195 gids={50195, 3003, 1028, 1015}
09-25 10:36:04.424 I/dalvikvm(25881): Enabling JNI app bug workarounds for target SDK version 11...
09-25 10:36:04.464 D/StatusProvider(25881): onCreate
09-25 10:36:04.494 I/ActivityManager(  977): Start proc com.sonymobile.cameracommon for broadcast com.sonymobile.cameracommon/.provider.AddOnInstallationListener: pid=25896 uid=10025 gids={50025, 3003}
09-25 10:36:04.564 I/ActivityManager(  977): Start proc com.google.android.partnersetup for broadcast com.google.android.partnersetup/.RlzPingBroadcastReceiver: pid=25912 uid=10056 gids={50056, 3003}
09-25 10:36:04.624 I/ActivityManager(  977): Process com.google.android.apps.plus (pid 25170) has died.
09-25 10:36:04.634 E/JavaBinder(  977): !!! FAILED BINDER TRANSACTION !!!
09-25 10:36:04.674 I/ActivityManager(  977): Delay finish: com.google.android.partnersetup/.AppInstalledReceiver
09-25 10:36:04.674 I/ActivityManager(  977): Resuming delayed broadcast
09-25 10:36:04.684 I/ActivityManager(  977): Start proc com.android.musicfx for broadcast com.android.musicfx/.Compatibility$Receiver: pid=25931 uid=10073 gids={50073, 3003, 3002}
09-25 10:36:04.744 I/ActivityManager(  977): Start proc com.svox.pico for broadcast com.svox.pico/.VoiceDataInstallerReceiver: pid=25947 uid=10092 gids={50092, 1028, 1015}
09-25 10:36:04.804 I/ActivityManager(  977): Start proc com.sonymobile.social.services for broadcast com.sonyericsson.facebook.proxylogin/.permissions.PackageChangedReceiver: pid=25964 uid=10043 gids={50043, 3003}
09-25 10:36:04.874 I/ActivityManager(  977): Start proc android.process.acore for broadcast com.android.providers.contacts/.PackageIntentReceiver: pid=25978 uid=10013 gids={50013}
09-25 10:36:04.984 D/SiteAdvisor(25881): com.mcafee.android.util.Utils.getSupportedInstalledBrowserComponents(Unknown Source): 'BackgroundWoker-TemporaryThread-1': Browser component :com.android.browser/com.android.browser.BrowserActivity not supported
09-25 10:36:04.984 D/SiteAdvisor(25881): com.mcafee.android.util.Utils.getSupportedInstalledBrowserComponents(Unknown Source): 'BackgroundWoker-TemporaryThread-1': Browser component :com.google.android.browser/com.android.browser.BrowserActivity not supported
09-25 10:36:04.984 D/SiteAdvisor(25881): com.mcafee.android.util.Utils.getSupportedInstalledBrowserComponents(Unknown Source): 'BackgroundWoker-TemporaryThread-1': Browser component :com.amazon.cloud9/com.amazon.cloud9.BrowserActivity not supported
09-25 10:36:04.984 I/SiteAdvisor(25881): com.mcafee.android.configuration.Configuration$Runtime.loadSupportedBrowsers(Unknown Source): 'BackgroundWoker-TemporaryThread-1': Loading supported browsers: com.android.chrome/com.android.chrome.Main; 
09-25 10:36:04.984 D/SiteAdvisor(25881): com.mcafee.android.configuration.Configuration$Runtime.<init>(Unknown Source): 'BackgroundWoker-TemporaryThread-1': Here is the storedCurrentAppVersion: 2.3.0.549
09-25 10:36:04.994 D/SiteAdvisor(25881): com.mcafee.android.configuration.Configuration$Runtime.<init>(Unknown Source): 'BackgroundWoker-TemporaryThread-1': Here about to commit perfs
09-25 10:36:04.994 E/SAComponenet(25881): Thread:11636	 Calling teardown for SA.
09-25 10:36:05.024 I/ActivityManager(  977): Start proc com.android.voicedialer for broadcast com.android.voicedialer/.VoiceDialerReceiver: pid=25999 uid=10164 gids={50164, 3002}
09-25 10:36:05.085 I/ActivityManager(  977): Start proc com.google.android.apps.plus for broadcast com.google.android.apps.plus/.service.PackagesMediaMonitor: pid=26012 uid=10094 gids={50094, 3003, 3002, 1028, 1015}
09-25 10:36:05.115 D/dalvikvm(  328): GC_EXPLICIT freed 41K, 15% free 50494K/58988K, paused 4ms+4ms, total 39ms
09-25 10:36:05.165 D/dalvikvm(26012): No JNI_OnLoad found in /system/lib/libplus_jni_v8.so 0x44720d60, skipping init
09-25 10:36:05.315 I/ActivityManager(  977): Start proc com.sonymobile.autopairing for broadcast com.sonymobile.autopairing/.AndroidPackageIntentReceiver: pid=26036 uid=10315 gids={50315, 3002, 3001, 3003}
09-25 10:36:05.385 I/ContactLocale(25978): AddressBook Labels [zh_CN]: [, A, B, C, D, E, F, G, H, I, J, K, L, M, N, O, P, Q, R, S, T, U, V, W, X, Y, Z, , , , , , , , , , , , , , , , , , , , , , , , , , , , , , , , , , , , , , , , , , , , , , , , , , , , , , , , , , , , , , , , , , , , , , , , , , , , , , , , , , , , , , , , , , , , , , , , , , , , , , , , , , , , , , , , , , , , , , , , , , , , , , , , , , , , , , , , , , , , , , , , , , , , , , , , , , , , #, ]
09-25 10:36:05.395 E/JavaBinder(  977): !!! FAILED BINDER TRANSACTION !!!
09-25 10:36:05.395 D/StatusBar.NetworkController( 1293): refreshViews: Data not connected!! Set no data type icon / Roaming
09-25 10:36:05.435 I/ActivityManager(  977): Start proc com.sonymobile.runtimeskinning.core for broadcast com.sonymobile.runtimeskinning.core/com.sonymobile.runtimeskinning.picker.install.PackageInstallReceiver: pid=26049 uid=10318 gids={50318, 3003}
09-25 10:36:05.505 D/PackageBroadcastService(20205): Received broadcast action=android.intent.action.PACKAGE_ADDED and uri=com.starcloudcasino.winthree
09-25 10:36:05.515 W/ResourceType( 1293): CREATING STRING CACHE OF 44 bytes
09-25 10:36:05.525 I/ActivityManager(  977): Start proc com.google.android.apps.docs for broadcast com.google.android.apps.docs/.receivers.AppPackageAddRemoveReceiver: pid=26064 uid=10297 gids={50297, 3003, 1028, 1015}
09-25 10:36:05.575 I/PeopleContactsSync(20205): CP2 sync disabled
09-25 10:36:05.615 I/ActivityManager(  977): Process com.sonymobile.experienceflow2 (pid 24820) has died.
09-25 10:36:05.625 D/dalvikvm( 1293): GC_CONCURRENT freed 20308K, 28% free 89152K/123136K, paused 4ms+14ms, total 86ms
09-25 10:36:05.625 D/dalvikvm( 1293): WAIT_FOR_CONCURRENT_GC blocked 85ms
09-25 10:36:06.146 W/GAV2    (26064): Thread[main,5,main]: Need to call initialize() and be in fallback mode to start dispatch.
09-25 10:36:06.166 I/InternalIcingCorporaPro(11597): Updating corpora: APPS=com.starcloudcasino.winthree, CONTACTS=MAYBE
09-25 10:36:06.166 I/ActivityManager(  977): Delay finish: com.google.android.googlequicksearchbox/com.google.android.search.core.summons.icing.InternalIcingCorporaProvider$CorporaChangedReceiver
09-25 10:36:06.186 I/ActivityManager(  977): Resuming delayed broadcast
09-25 10:36:06.286 I/ActivityManager(  977): Delay finish: com.wandoujia.phoenix2.usbproxy/com.wandoujia.pmp.receivers.AppChangedReceiver
09-25 10:36:06.286 I/ActivityManager(  977): Resuming delayed broadcast
09-25 10:36:06.296 I/ActivityManager(  977): Start proc com.sonyericsson.trackid for broadcast com.sonyericsson.trackid/.model.android.receiver.TrackIdBroadcastReceiver: pid=26108 uid=10199 gids={50199, 3003, 1028, 1015}
09-25 10:36:06.336 I/InternalIcingCorporaPro(11597): UpdateCorporaTask done [took 164 ms] updated apps [took 164 ms] 
09-25 10:36:06.366 D/BluetoothManagerService(  977): Message: 20
09-25 10:36:06.366 D/BluetoothManagerService(  977): Added callback: android.bluetooth.IBluetoothManagerCallback$Stub$Proxy@45496eb8:true
09-25 10:36:06.366 W/ContextImpl(26108): Implicit intents with startService are not safe: Intent { act=com.broadcom.fm.fmreceiver.IFmReceiverService } android.content.ContextWrapper.bindService:517 com.broadcom.fm.fmreceiver.FmProxy.<init>:626 com.broadcom.fm.fmreceiver.FmProxy.getProxy:600 
09-25 10:36:06.366 E/FmProxy (26108): Could not bind to IFmReceiverService Service
09-25 10:36:06.366 W/ActivityManager(  977): Unable to start service Intent { act=com.broadcom.fm.fmreceiver.IFmReceiverService } U=0: not found
09-25 10:36:06.376 D/QService(20574): onStartCommand hsy.broadcast.msg.onReceiver
09-25 10:36:06.376 I/AppStateReceiver(20574): received intent Intent { act=android.intent.action.PACKAGE_ADDED dat=package:com.starcloudcasino.winthree flg=0x4000010 cmp=com.maopaoke.mpk6001578/com.maopaoke.hsy.QReceiver (has extras) }
09-25 10:36:06.376 I/AppStateReceiver(20574): added com.starcloudcasino.winthree
09-25 10:36:06.376 W/ContextImpl(20574): Implicit intents with startService are not safe: Intent { act=com.maopaoke.hsy.service (has extras) } android.content.ContextWrapper.startService:494 com.maopaoke.hsy.core.sdk.c.a:-1 com.maopaoke.hsy.core.sdk.SdkManager.command:-1 
09-25 10:36:06.406 E/JavaBinder(  977): !!! FAILED BINDER TRANSACTION !!!
09-25 10:36:06.406 D/StatusBar.NetworkController( 1293): refreshViews: Data not connected!! Set no data type icon / Roaming
09-25 10:36:06.406 I/ActivityManager(  977): Start proc com.sonymobile.advancedwidget.entrance for broadcast com.sonymobile.advancedwidget.entrance/com.sonymobile.entrance.logging.PackageInstallationReceiver: pid=26125 uid=10031 gids={50031, 3003, 1028, 1015, 3002, 3001}
09-25 10:36:06.416 D/QService(20574): onStartCommand hsy.service.msg.onCommand
09-25 10:36:06.416 D/dalvikvm(  977): GC_EXPLICIT freed 738K, 16% free 93859K/111384K, paused 6ms+22ms, total 234ms
09-25 10:36:06.536 W/GAV2    (26125): Thread[main,5,main]: Need to call initialize() and be in fallback mode to start dispatch.
09-25 10:36:06.556 I/ActivityManager(  977): Delay finish: com.sonymobile.advancedwidget.entrance/com.sonymobile.entrance.logging.PackageInstallationReceiver
09-25 10:36:06.646 I/ActivityManager(  977): Resuming delayed broadcast
09-25 10:36:06.696 D/dalvikvm(23361): GC_FOR_ALLOC freed 317K, 14% free 51016K/58988K, paused 21ms, total 22ms
09-25 10:36:06.786 D/dalvikvm(23361): GC_CONCURRENT freed 40K, 13% free 51394K/58988K, paused 3ms+3ms, total 23ms
09-25 10:36:06.936 I/ActivityManager(  977): Start proc com.sonyericsson.android.addoncamera.artfilter for broadcast com.sonyericsson.android.addoncamera.artfilter/.addon.CameraAddonReceiver: pid=26148 uid=10014 gids={50014, 1028, 1015, 1023, 3003}
09-25 10:36:07.036 D/CameraAddonReceiver(26148): onReceive() intent:Intent { act=com.sonymobile.camera.addon.action.REQUEST_REGISTER flg=0x30 cmp=com.sonyericsson.android.addoncamera.artfilter/.addon.CameraAddonReceiver }
09-25 10:36:07.036 D/dalvikvm(25978): GC_EXPLICIT freed 2770K, 13% free 51644K/58988K, paused 6ms+8ms, total 54ms
09-25 10:36:07.076 I/ActivityManager(  977): Start proc com.sonyericsson.android.camera3d for broadcast com.sonyericsson.android.camera3d/.addon.CameraAddonReceiver: pid=26164 uid=10104 gids={50104, 1028, 1015, 1023, 3003}
09-25 10:36:07.177 D/CameraAddonReceiver(26164): onReceive() intent:Intent { act=com.sonymobile.camera.addon.action.REQUEST_REGISTER flg=0x30 cmp=com.sonyericsson.android.camera3d/.addon.CameraAddonReceiver }
09-25 10:36:07.207 I/ActivityManager(  977): Start proc com.sonyericsson.android.camera for broadcast com.sonyericsson.android.camera/.addon.CameraAddonReceiver: pid=26177 uid=10105 gids={50105, 1028, 1015, 1023, 3003}
09-25 10:36:07.247 W/Settings(  594): Setting airplane_mode_on has moved from android.provider.Settings.System to android.provider.Settings.Global, returning read-only value.
09-25 10:36:07.247 D/LBS     (  594): request Cell location 
09-25 10:36:07.277 D/dalvikvm(25978): GC_CONCURRENT freed 1088K, 14% free 51048K/58988K, paused 14ms+4ms, total 55ms
09-25 10:36:07.307 D/LBS     (  594): request wifi location 
09-25 10:36:07.317 D/LBS     (  594): result 3
09-25 10:36:07.337 I/Icing   (20205): Indexing 4E42FD37478BE26569037BACE8F4C46CC9563F84 from com.google.android.googlequicksearchbox
09-25 10:36:07.347 D/CameraAddonReceiver(26177): onReceive() intent:Intent { act=com.sonymobile.camera.addon.action.REQUEST_REGISTER flg=0x30 cmp=com.sonyericsson.android.camera/.addon.CameraAddonReceiver }
09-25 10:36:07.387 E/QCALOG  (  473): [MessageQ] ProcessNewMessage: [XT-CS] unknown deliver target [OS-Agent]
09-25 10:36:07.387 D/dalvikvm(20205): GC_CONCURRENT freed 464K, 14% free 51303K/58988K, paused 4ms+13ms, total 50ms
09-25 10:36:07.387 E/QCALOG  (  473): [MessageQ] ProcessNewMessage: [XTWiFi-PE] unknown deliver target [OS-Agent]
09-25 10:36:07.397 E/QCALOG  (  473): [MessageQ] ProcessNewMessage: [XTWWAN-PE] unknown deliver target [OS-Agent]
09-25 10:36:07.407 E/JavaBinder(  977): !!! FAILED BINDER TRANSACTION !!!
09-25 10:36:07.417 D/StatusBar.NetworkController( 1293): refreshViews: Data not connected!! Set no data type icon / Roaming
09-25 10:36:07.417 W/SQLiteConnectionPool(20205): A SQLiteConnection object for database '/data/data/com.google.android.gms/databases/metrics.db' was leaked!  Please fix your application to end transactions in progress properly and to close the database when it is no longer needed.
09-25 10:36:07.417 W/SQLiteConnectionPool(20205): A SQLiteConnection object for database '/data/data/com.google.android.gms/databases/help_responses.db' was leaked!  Please fix your application to end transactions in progress properly and to close the database when it is no longer needed.
09-25 10:36:07.417 W/SQLiteConnectionPool(20205): A SQLiteConnection object for database '/data/data/com.google.android.gms/databases/history_query.db' was leaked!  Please fix your application to end transactions in progress properly and to close the database when it is no longer needed.
09-25 10:36:07.477 D/dalvikvm(25978): GC_CONCURRENT freed 490K, 14% free 51038K/58988K, paused 13ms+3ms, total 43ms
09-25 10:36:07.627 D/dalvikvm(25978): GC_CONCURRENT freed 458K, 14% free 51046K/58988K, paused 4ms+3ms, total 30ms
09-25 10:36:07.847 D/dalvikvm(25978): GC_CONCURRENT freed 498K, 14% free 51039K/58988K, paused 8ms+3ms, total 57ms
09-25 10:36:08.017 D/dalvikvm(25978): GC_CONCURRENT freed 506K, 14% free 51043K/58988K, paused 4ms+5ms, total 53ms
09-25 10:36:08.017 D/dalvikvm(25978): WAIT_FOR_CONCURRENT_GC blocked 16ms
09-25 10:36:08.188 D/dalvikvm(25978): GC_CONCURRENT freed 426K, 14% free 51054K/58988K, paused 11ms+4ms, total 38ms
09-25 10:36:08.198 I/Icing   (20205): Indexing done 4E42FD37478BE26569037BACE8F4C46CC9563F84
09-25 10:36:08.238 D/dalvikvm(25881): GC_EXPLICIT freed 1621K, 13% free 51891K/58988K, paused 5ms+9ms, total 66ms
09-25 10:36:08.398 E/JavaBinder(  977): !!! FAILED BINDER TRANSACTION !!!
09-25 10:36:08.398 D/StatusBar.NetworkController( 1293): refreshViews: Data not connected!! Set no data type icon / Roaming
09-25 10:36:08.448 D/dalvikvm(25978): GC_CONCURRENT freed 466K, 14% free 51068K/58988K, paused 4ms+5ms, total 37ms
09-25 10:36:08.558 D/dalvikvm( 1524): GC_EXPLICIT freed 308K, 11% free 65501K/73060K, paused 3ms+9ms, total 54ms
09-25 10:36:08.918 D/dalvikvm(  977): GC_EXPLICIT freed 430K, 16% free 93704K/111384K, paused 8ms+21ms, total 262ms
09-25 10:36:09.189 D/dalvikvm( 1524): GC_EXPLICIT freed 159K, 11% free 65491K/73060K, paused 5ms+10ms, total 60ms
09-25 10:36:09.509 D/dalvikvm(25881): GC_CONCURRENT freed 865K, 13% free 51433K/58988K, paused 7ms+7ms, total 93ms
09-25 10:36:09.509 D/dalvikvm(25881): WAIT_FOR_CONCURRENT_GC blocked 4ms
09-25 10:36:09.549 D/dalvikvm(25881): GC_EXPLICIT freed 144K, 14% free 51288K/58988K, paused 4ms+5ms, total 40ms
09-25 10:36:09.669 D/dalvikvm( 1524): GC_EXPLICIT freed 140K, 11% free 65501K/73060K, paused 7ms+8ms, total 63ms
09-25 10:36:10.079 D/dalvikvm(  977): GC_EXPLICIT freed 172K, 16% free 93663K/111384K, paused 18ms+16ms, total 225ms
09-25 10:36:10.089 W/GAV2    (26064): Thread[main,5,main]: dispatch call queued.  Need to call GAServiceManager.getInstance().initialize().
09-25 10:36:10.410 E/JavaBinder(  977): !!! FAILED BINDER TRANSACTION !!!
09-25 10:36:10.410 D/StatusBar.NetworkController( 1293): refreshViews: Data not connected!! Set no data type icon / Roaming
09-25 10:36:11.110 I/GAV2    (26064): Thread[GAThread,5,main]: No campaign data found.
09-25 10:36:11.120 D/dalvikvm( 5691): GC_CONCURRENT freed 404K, 15% free 50632K/58988K, paused 11ms+3ms, total 61ms
09-25 10:36:11.531 W/ContextImpl(26125): Implicit intents with startService are not safe: Intent { act=com.google.android.gms.analytics.service.START (has extras) } android.content.ContextWrapper.bindService:517 com.google.analytics.tracking.android.AnalyticsGmsCoreClient.connect:82 com.google.analytics.tracking.android.GAServiceProxy.connectToService:279 
09-25 10:36:11.541 I/GAV2    (26125): Thread[GAThread,5,main]: No campaign data found.
09-25 10:36:12.382 E/QCALOG  (  473): [MessageQ] ProcessNewMessage: [XT-CS] unknown deliver target [OS-Agent]
09-25 10:36:12.392 E/QCALOG  (  473): [MessageQ] ProcessNewMessage: [XTWiFi-PE] unknown deliver target [OS-Agent]
09-25 10:36:12.392 E/QCALOG  (  473): [MessageQ] ProcessNewMessage: [XTWWAN-PE] unknown deliver target [OS-Agent]
09-25 10:36:12.442 E/JavaBinder(  977): !!! FAILED BINDER TRANSACTION !!!
09-25 10:36:12.442 D/StatusBar.NetworkController( 1293): refreshViews: Data not connected!! Set no data type icon / Roaming
09-25 10:36:12.582 D/dalvikvm(  594): GC_CONCURRENT freed 582K, 10% free 53274K/58992K, paused 15ms+7ms, total 77ms
09-25 10:36:12.582 D/dalvikvm(  594): WAIT_FOR_CONCURRENT_GC blocked 54ms
09-25 10:36:13.453 E/JavaBinder(  977): !!! FAILED BINDER TRANSACTION !!!
09-25 10:36:13.453 D/StatusBar.NetworkController( 1293): refreshViews: Data not connected!! Set no data type icon / Roaming
09-25 10:36:13.633 D/dalvikvm(  594): GC_CONCURRENT freed 915K, 10% free 53288K/58992K, paused 8ms+4ms, total 48ms
09-25 10:36:13.633 D/dalvikvm(  594): WAIT_FOR_CONCURRENT_GC blocked 26ms
09-25 10:36:13.633 D/AppBackupActivity(  594): requestId = 50 requestStruct = com.tencent.assistant.protocol.n@44ee68e0
09-25 10:36:13.763 D/dalvikvm(  594): GC_CONCURRENT freed 1065K, 11% free 53087K/58992K, paused 3ms+5ms, total 50ms
09-25 10:36:13.813 D/AppBackupActivity(  594): requestId = 52 requestStruct = com.tencent.assistant.protocol.n@4486cc70
09-25 10:36:13.863 D/AppBackupActivity(  594): requestId = 54 requestStruct = com.tencent.assistant.protocol.n@4498b830
09-25 10:36:13.973 D/dalvikvm(  594): GC_CONCURRENT freed 183K, 9% free 53711K/58992K, paused 5ms+6ms, total 41ms
09-25 10:36:14.183 D/dalvikvm(  594): GC_CONCURRENT freed 1237K, 10% free 53502K/58992K, paused 8ms+5ms, total 56ms
09-25 10:36:14.484 E/GpsXtraDownloader(  977): No XTRA servers were specified in the GPS configuration
09-25 10:36:15.024 D/AppBackupActivity(  594): requestId = 56 requestStruct = com.tencent.assistant.protocol.n@44889098
09-25 10:36:15.204 D/dalvikvm(  594): GC_CONCURRENT freed 1350K, 10% free 53149K/58992K, paused 4ms+10ms, total 75ms
09-25 10:36:15.204 D/dalvikvm(  594): WAIT_FOR_CONCURRENT_GC blocked 59ms
09-25 10:36:16.496 E/QCALOG  (  473): [MessageQ] ProcessNewMessage: [LOWI-SERVER] unknown deliver target [OS-Agent]
09-25 10:36:16.496 D/AppBackupActivity(  594): requestId = 58 requestStruct = com.tencent.assistant.protocol.n@447a3340
09-25 10:36:17.387 E/QCALOG  (  473): [MessageQ] ProcessNewMessage: [XT-CS] unknown deliver target [OS-Agent]
09-25 10:36:17.397 E/QCALOG  (  473): [MessageQ] ProcessNewMessage: [XTWiFi-PE] unknown deliver target [OS-Agent]
09-25 10:36:17.397 E/QCALOG  (  473): [MessageQ] ProcessNewMessage: [XTWWAN-PE] unknown deliver target [OS-Agent]
09-25 10:36:17.517 E/JavaBinder(  977): !!! FAILED BINDER TRANSACTION !!!
09-25 10:36:17.517 D/StatusBar.NetworkController( 1293): refreshViews: Data not connected!! Set no data type icon / Roaming
09-25 10:36:17.547 I/EventLogService(20205): Aggregate from 1411610767776 (log), 1411610767776 (data)
09-25 10:36:17.637 W/EventLogAggregator(20205): Unknown tag: snet
09-25 10:36:17.637 W/EventLogAggregator(20205): Unknown tag: snet_gcore
09-25 10:36:17.697 I/ActivityManager(  977): Start proc com.sonyericsson.crashmonitor for broadcast com.sonyericsson.crashmonitor/.receiver.CrashMonitorServiceBroadcastReceiver: pid=26281 uid=10108 gids={50108, 1007, 1028, 1015, 1023}
09-25 10:36:17.737 D/dalvikvm(20205): GC_CONCURRENT freed 298K, 13% free 51415K/58988K, paused 4ms+4ms, total 36ms
09-25 10:36:18.528 E/JavaBinder(  977): !!! FAILED BINDER TRANSACTION !!!
09-25 10:36