09-25 10:34:14.532 I/SocialEngine(23851): [Thread-11478] SocialEngineProvider.addUriHelpersForPlugins: com.sonyericsson.socialengine.plugins.facebook
09-25 10:34:14.532 I/SocialEngine(23851): [Thread-11478] SocialEngineProvider.addUriHelpersForPlugins: Facebook
09-25 10:34:14.532 I/SocialEngine(23851): [Thread-11478] SocialEngineProvider.addUriHelpersForPlugins: 0
09-25 10:34:14.552 I/system_monitor(  323): alarm_callback - Received MAX alarm: apq_therm at Level:16
09-25 10:34:14.552 I/cpu_frequency(  323): execute_action - cpu frequency mitigation requester = apq_therm freq = 1512000
09-25 10:34:14.552 I/cpu_frequency(  323): Using previous CPU[0] frequency
09-25 10:34:14.552 I/cpu_frequency(  323): Using previous CPU[1] frequency
09-25 10:34:14.552 I/cpu_frequency(  323): Using previous CPU[2] frequency
09-25 10:34:14.552 I/cpu_frequency(  323): Using previous CPU[3] frequency
09-25 10:34:14.552 I/cpu_frequency(  323): log_idd - Thermal mitigation:sensor = apq_therm from level = 16 to 15
09-25 10:34:14.552 I/sysmon-charge_current_limit(  323): set_charge_current_level - Set OK Charge Current limit:level 0
09-25 10:34:14.552 I/sysmon-charge_current_limit(  323): log_idd - Thermal mitigation:sensor = apq_therm from level = 16 to 15
09-25 10:34:14.552 I/sysmon-charge_current_limit(  323): execute_action - Set OK Charge Current limit:level 0
09-25 10:34:14.552 I/sysmon-usb_current_limit(  323): set_usb_current_level - Set OK USB Current limit: 1500mA
09-25 10:34:14.552 I/sysmon-usb_current_limit(  323): log_idd - Thermal mitigation:sensor = apq_therm from level = 16 to 15
09-25 10:34:14.552 I/system_monitor(  323): log_idd - Thermal mitigation:sensor = apq_therm from level = 16 to 15
09-25 10:34:14.552 I/sysmon-gpu_frequency(  323): execute_action - gpu_perflevel mitigation requester = apq_therm freq = 400000000 Hz
09-25 10:34:14.552 I/sysmon-gpu_frequency(  323): GPU[0] frequency limited to 400000000 Hz
09-25 10:34:14.552 I/sysmon-gpu_frequency(  323): log_idd - Thermal mitigation:sensor = apq_therm from level = 16 to 15
09-25 10:34:14.552 V/sysmon-modem_lagan(  323): execute_action [341] LOCK 0xb6e90054 from 543
09-25 10:34:14.552 V/sysmon-modem_lagan(  323): execute_action mutex 0xb6e90054 GOT by 543
09-25 10:34:14.552 I/sysmon-modem_lagan(  323): execute_action - modem_level mitigation requester = apq_therm level = 0
09-25 10:34:14.552 I/sysmon-modem_lagan(  323): Fusion modem already at mitigation state 0
09-25 10:34:14.552 V/sysmon-modem_lagan(  323): execute_action [392] UNLOCK 0xb6e90054 from 543
09-25 10:34:14.552 E/bl_ctrl (  321): set_bl_limit: thremal limit 212
09-25 10:34:14.552 I/illumination-service(  321): Client disconnected
09-25 10:34:14.552 I/illumination-service(  321): Client disconnected
09-25 10:34:14.552 I/libsysmon(  977): handle_notification - Called
09-25 10:34:14.552 I/libsysmon(  977): handle_notification - Dumping notification
09-25 10:34:14.552 I/libsysmon(  977): name: apq_therm
09-25 10:34:14.552 I/libsysmon(  977): current_level: 15
09-25 10:34:14.552 I/libsysmon(  977): prev_level: 16
09-25 10:34:14.552 I/libsysmon(  977): shutdown_in: 0
09-25 10:34:14.552 I/libsysmon(  977): Adding action: CAM_NORMAL
09-25 10:34:14.552 I/libsysmon(  977): Adding action: cpu_perflevel
09-25 10:34:14.552 I/libsysmon(  977): Adding action: charge_current_limit
09-25 10:34:14.552 I/libsysmon(  977): Adding action: usb_current_limit
09-25 10:34:14.552 I/libsysmon(  977): Adding action: lcd_brightnesslevel
09-25 10:34:14.552 I/libsysmon(  977): Adding action: gpu_perflevel
09-25 10:34:14.552 I/libsysmon(  977): Adding action: modem_level
09-25 10:34:14.552 I/libsysmon(  977): handle_notification - Going to callback function
09-25 10:34:14.552 W/ContextImpl(  977): Calling a method in the system process without a qualified user: android.app.ContextImpl.startService:1519 android.content.ContextWrapper.startService:494 com.sonyericsson.psm.sysmonservice.SysmonActionService.doMitigationAction:278 com.sonyericsson.psm.sysmonservice.SysmonMonitor.handleCameraAction:230 com.sonyericsson.psm.sysmonservice.SysmonMonitor.handleSysmonActions:214 
09-25 10:34:14.562 W/ContextImpl(21908): Calling a method in the system process without a qualified user: android.app.ContextImpl.sendBroadcast:1163 android.content.ContextWrapper.sendBroadcast:365 com.sonyericsson.psm.sysmonservice.SysmonActionService.onStartCommand:81 android.app.ActivityThread.handleServiceArgs:2764 android.app.ActivityThread.access$2100:144 
09-25 10:34:14.612 E/JavaBinder(  977): !!! FAILED BINDER TRANSACTION !!!
09-25 10:34:14.612 D/StatusBar.NetworkController( 1293): refreshViews: Data not connected!! Set no data type icon / Roaming
09-25 10:34:14.652 D/dalvikvm(23851): GC_CONCURRENT freed 6568K, 12% free 52406K/58988K, paused 8ms+6ms, total 108ms
09-25 10:34:14.932 I/ActivityManager( 1602): Timeline: Activity_launch_request id:com.starcloudcasino.winthree time:78266202
09-25 10:34:14.932 I/ActivityManager(  977): START u0 {act=android.intent.action.MAIN cat=[android.intent.category.LAUNCHER] flg=0x10200000 cmp=com.starcloudcasino.winthree/com.happiplay.MainActivity} from pid 1602
09-25 10:34:15.063 I/ActivityManager(  977): Config changes=480 {0.85 460mcc2mnc zh_CN ldltr sw360dp w598dp h335dp 480dpi nrml land finger -keyb/v/h -nav/h s.232 skinPackageSeq.1}
09-25 10:34:15.073 I/InputReader(  977): Reconfiguring input devices.  changes=0x00000004
09-25 10:34:15.073 I/InputReader(  977): Device reconfigured: id=9, name='clearpad', size 1080x1920, orientation 1, mode 1, display id 0
09-25 10:34:15.083 E/JavaBinder(  977): !!! FAILED BINDER TRANSACTION !!!
09-25 10:34:15.113 D/PhoneStatusBar( 1293): mSettingsPanelGravity = 55
09-25 10:34:15.123 D/ALSAStreamOps(  314): setParameters(): keyRouting with device 0x2
09-25 10:34:15.123 D/ALSAStreamOps(  314): setParameters(): keyRouting with device 0x2
09-25 10:34:15.123 V/AudioHardwareALSA(  314): device = 0x2,mCurDevice 0x2
09-25 10:34:15.123 V/AudioHardwareALSA(  314): doRouting: device 0x2 newMode 0 mVoiceCallState 1            mVolteCallActive 1 mVoice2CallActive 1 mIsFmActive 0
09-25 10:34:15.123 V/AudioHardwareALSA(  314): bool android_audio_legacy::AudioHardwareALSA::routeCall(int, int, uint32_t): CurCallState=1 newCallState=1, vsid =10c01000
09-25 10:34:15.123 V/AudioHardwareALSA(  314): bool android_audio_legacy::AudioHardwareALSA::routeCall(int, int, uint32_t)(): NO-OP in CALL_INACTIVE for vsid:10c01000
09-25 10:34:15.123 V/AudioHardwareALSA(  314): bool android_audio_legacy::AudioHardwareALSA::isAnyCallActive()() ret=0
09-25 10:34:15.123 V/ALSADevice(  314): mInChannels:1
09-25 10:34:15.123 D/ALSADevice(  314): route: devices 0x2 in mode 0
09-25 10:34:15.123 V/ALSADevice(  314): switchDevice: device 0x2 mode:0
09-25 10:34:15.123 V/ALSADevice(  314): nonCallOutputRouting: 0x2
09-25 10:34:15.123 V/ALSADevice(  314): Routing to rx=xLoud Speaker
09-25 10:34:15.123 V/ALSADevice(  314): nonCallInputRouting: 0
09-25 10:34:15.123 V/ALSADevice(  314): Routing to tx=none
09-25 10:34:15.123 V/ALSADevice(  314): switchDevice,rxDev:xLoud Speaker, txDev:(null), curRxDev:xLoud Speaker, curTxDev:Camcorder Stereo
09-25 10:34:15.123 D/alsa_ucm(  314): snd_use_case_set(): uc_mgr 0xb7642240 identifier _enadev value xLoud Speaker
09-25 10:34:15.123 D/alsa_ucm(  314): Set mixer controls for HiFi enable 1
09-25 10:34:15.123 D/alsa_ucm(  314): Setting mixer control: SLIMBUS_0_RX Audio Mixer MultiMedia1, value: 1
09-25 10:34:15.123 D/alsa_ucm(  314): Set mixer controls for Play Lowlatency Music enable 1
09-25 10:34:15.123 D/alsa_ucm(  314): Setting mixer control: SLIMBUS_0_RX Audio Mixer MultiMedia5, value: 1
09-25 10:34:15.123 D/ALSADevice(  314): switchDevice: mCurTxUCMDevivce Camcorder Stereo mCurRxDevDevice xLoud Speaker
09-25 10:34:15.153 D/dalvikvm( 1472): GC_FOR_ALLOC freed 1388K, 14% free 59137K/68604K, paused 41ms, total 41ms
09-25 10:34:15.223 D/dalvikvm( 1472): GC_CONCURRENT freed 3221K, 15% free 58693K/68604K, paused 4ms+4ms, total 34ms
09-25 10:34:15.223 I/ActivityManager(  977): Process com.sony.smallapp.managerservice (pid 23791) has died.
09-25 10:34:15.253 I/ActivityManager(  977): Process com.sonyericsson.music (pid 23851) has died.
09-25 10:34:15.273 W/Settings( 1293): Setting airplane_mode_on has moved from android.provider.Settings.System to android.provider.Settings.Global, returning read-only value.
09-25 10:34:15.373 D/dalvikvm( 1293): GC_CONCURRENT freed 29050K, 33% free 83389K/123136K, paused 5ms+12ms, total 90ms
09-25 10:34:15.373 D/dalvikvm( 1293): WAIT_FOR_CONCURRENT_GC blocked 40ms
09-25 10:34:15.373 I/dalvikvm-heap( 1293): Grow heap (frag case) to 98.061MB for 16588816-byte allocation
09-25 10:34:15.433 D/dalvikvm( 1293): GC_CONCURRENT freed 82K, 20% free 99506K/123136K, paused 16ms+8ms, total 61ms
09-25 10:34:15.573 I/SemcDlna: (20096): The server list is clear, then refreshing in [2] secs...
09-25 10:34:15.573 I/SemcDlna: (20096): The renderer list is clear, then refreshing in [2] secs...
09-25 10:34:15.753 I/Choreographer( 1293): Skipped 37 frames!  The application may be doing too much work on its main thread.
09-25 10:34:15.833 D/StatusBar.NetworkController( 1293): refreshViews: Data not connected!! Set no data type icon / Roaming
09-25 10:34:15.873 D/android.widget.GridLayout( 1293): vertical constraints: y1-y0>=236, y2-y1>=237, y2-y0<=472 are inconsistent; permanently removing: y2-y0<=472. 
09-25 10:34:15.933 E/QCALOG  (  473): [MessageQ] ProcessNewMessage: [LOWI-SERVER] unknown deliver target [OS-Agent]
09-25 10:34:16.814 E/QCALOG  (  473): [MessageQ] ProcessNewMessage: [XT-CS] unknown deliver target [OS-Agent]
09-25 10:34:16.824 E/QCALOG  (  473): [MessageQ] ProcessNewMessage: [XTWiFi-PE] unknown deliver target [OS-Agent]
09-25 10:34:16.824 E/QCALOG  (  473): [MessageQ] ProcessNewMessage: [XTWWAN-PE] unknown deliver target [OS-Agent]
09-25 10:34:17.014 W/WindowManager(  977): Window freeze timeout expired.
09-25 10:34:17.014 W/WindowManager(  977): Force clearing orientation change: Window{45498940 u0 Starting com.starcloudcasino.winthree}
09-25 10:34:17.014 W/WindowManager(  977): Force clearing orientation change: Window{447aa0d8 u0 com.starcloudcasino.winthree/com.happiplay.MainActivity}
09-25 10:34:17.014 W/WindowManager(  977): Force clearing orientation change: Window{45850f68 u0 com.android.systemui.ImageWallpaper}
09-25 10:34:17.165 W/ActivityManager(  977): Activity destroy timeout for ActivityRecord{44799fd8 u0 com.starcloudcasino.winthree/com.happiplay.MainActivity t114 f}
09-25 10:34:17.285 I/SemcDlna: (20096): The [1] server(s) are found!!!
09-25 10:34:18.085 D/ALSADevice(  314): standby: handle 0xb76fbde0 h 0x0
09-25 10:34:18.085 V/ALSADevice(  314): standby handle h 0xb7d55738
09-25 10:34:18.136 D/alsa_ucm(  314): snd_use_case_set(): uc_mgr 0xb7642240 identifier _dismod value Play Lowlatency Music
09-25 10:34:18.136 D/alsa_ucm(  314): Set mixer controls for Play Lowlatency Music enable 0
09-25 10:34:18.136 D/alsa_ucm(  314): Setting mixer control: SLIMBUS_0_RX Audio Mixer MultiMedia5, value: 0
09-25 10:34:18.136 V/ALSADevice(  314): use case is HiFi
09-25 10:34:18.136 V/ALSADevice(  314): Number of modifiers 0
09-25 10:34:18.136 V/ALSADevice(  314): usecase_type is 1
09-25 10:34:18.136 D/alsa_ucm(  314): snd_use_case_set(): uc_mgr 0xb7642240 identifier _disdev value Camcorder Stereo
09-25 10:34:18.136 D/alsa_ucm(  314): disdev: device Camcorder Stereo not enabled, no need to disable
09-25 10:34:18.136 V/AudioHardwareALSA(  314): closeUsbPlaybackIfNothingActive, musbPlaybackState: 0
09-25 10:34:18.136 D/AudioUsbALSA(  314): exitPlaybackThread, mproxypfdPlayback: -1
09-25 10:34:18.136 D/AudioUsbALSA(  314): closeDevice handle 0x0
09-25 10:34:18.136 D/AudioUsbALSA(  314): closeDevice handle 0x0
09-25 10:34:18.996 W/IInputConnectionWrapper(22782): getExtractedText on inactive InputConnection
09-25 10:34:18.996 I/InputConnectionWrapper.ICC( 1472): Got out-of-sequence callback 10738 (expected 10777) in setExtractedText, ignoring.
09-25 10:34:19.006 W/IInputConnectionWrapper(22782): getTextBeforeCursor on inactive InputConnection
09-25 10:34:19.006 I/InputConnectionWrapper.ICC( 1472): Got out-of-sequence callback 10739 (expected 10777) in setTextBeforeCursor, ignoring.
09-25 10:34:19.006 W/IInputConnectionWrapper(22782): getTextAfterCursor on inactive InputConnection
09-25 10:34:19.006 I/InputConnectionWrapper.ICC( 1472): Got out-of-sequence callback 10740 (expected 10777) in setTextAfterCursor, ignoring.
09-25 10:34:19.006 I/Choreographer(22782): Skipped 854 frames!  The application may be doing too much work on its main thread.
09-25 10:34:19.006 E/ActivityThread(22782): Performing stop of activity that is not resumed: {com.starcloudcasino.winthree/com.happiplay.MainActivity}
09-25 10:34:19.006 E/ActivityThread(22782): java.lang.RuntimeException: Performing stop of activity that is not resumed: {com.starcloudcasino.winthree/com.happiplay.MainActivity}
09-25 10:34:19.006 E/ActivityThread(22782): 	at android.app.ActivityThread.performStopActivityInner(ActivityThread.java:3251)
09-25 10:34:19.006 E/ActivityThread(22782): 	at android.app.ActivityThread.handleStopActivity(ActivityThread.java:3338)
09-25 10:34:19.006 E/ActivityThread(22782): 	at android.app.ActivityThread.access$1100(ActivityThread.java:144)
09-25 10:34:19.006 E/ActivityThread(22782): 	at android.app.ActivityThread$H.handleMessage(ActivityThread.java:1273)
09-25 10:34:19.006 E/ActivityThread(22782): 	at android.os.Handler.dispatchMessage(Handler.java:102)
09-25 10:34:19.006 E/ActivityThread(22782): 	at android.os.Looper.loop(Looper.java:212)
09-25 10:34:19.006 E/ActivityThread(22782): 	at android.app.ActivityThread.main(ActivityThread.java:5151)
09-25 10:34:19.006 E/ActivityThread(22782): 	at java.lang.reflect.Method.invokeNative(Native Method)
09-25 10:34:19.006 E/ActivityThread(22782): 	at java.lang.reflect.Method.invoke(Method.java:515)
09-25 10:34:19.006 E/ActivityThread(22782): 	at com.android.internal.os.ZygoteInit$MethodAndArgsCaller.run(ZygoteInit.java:878)
09-25 10:34:19.006 E/ActivityThread(22782): 	at com.android.internal.os.ZygoteInit.main(ZygoteInit.java:694)
09-25 10:34:19.006 E/ActivityThread(22782): 	at dalvik.system.NativeStart.main(Native Method)
09-25 10:34:19.026 W/IInputConnectionWrapper(22782): getSelectedText on inactive InputConnection
09-25 10:34:19.026 I/InputConnectionWrapper.ICC( 1472): Got out-of-sequence callback 10741 (expected 10777) in setSelectedText, ignoring.
09-25 10:34:19.167 I/SemcDlna: (20096): No clients is registered now...
09-25 10:34:19.167 I/SemcDlna: (20096): disabling the server control point...
09-25 10:34:19.587 I/SemcDlna: (20096): ...Done!!
09-25 10:34:19.587 I/SemcDlna: (20096): disabling the renderer control point...
09-25 10:34:19.587 I/SemcDlna: (20096): ...Done!!
09-25 10:34:19.587 I/SemcDlna: (20096): The server list is clear, then refreshing in [2] secs...
09-25 10:34:19.587 I/SemcDlna: (20096): The renderer list is clear, then refreshing in [2] secs...
09-25 10:34:19.747 I/SemcDlna: (20096): destroying Upnp CP service...
09-25 10:34:19.747 I/SemcDlna: (20096): Upnp client manager service destroyed...
09-25 10:34:20.067 W/WindowManager(  977): App freeze timeout expired.
09-25 10:34:20.067 W/WindowManager(  977): Force clearing freeze: AppWindowToken{461e0de8 token=Token{44cccf90 ActivityRecord{44a37420 u0 com.starcloudcasino.winthree/com.happiplay.MainActivity t115}}}
09-25 10:34:20.147 I/WindowManager(  977): Screen frozen for +5s126ms due to Window{45498940 u0 Starting com.starcloudcasino.winthree}
09-25 10:34:20.628 E/JavaBinder(  977): !!! FAILED BINDER TRANSACTION !!!
09-25 10:34:20.628 D/StatusBar.NetworkController( 1293): refreshViews: Data not connected!! Set no data type icon / Roaming
09-25 10:34:21.058 D/ALSADevice(  314): standby: handle 0xb76a2240 h 0x0
09-25 10:34:21.058 V/ALSADevice(  314): standby handle h 0xb77c4030
09-25 10:34:21.239 D/alsa_ucm(  314): snd_use_case_set(): uc_mgr 0xb7642240 identifier _verb value Inactive
09-25 10:34:21.239 D/alsa_ucm(  314): Set mixer controls for HiFi enable 0
09-25 10:34:21.239 D/alsa_ucm(  314): Setting mixer control: SLIMBUS_0_RX Audio Mixer MultiMedia1, value: 0
09-25 10:34:21.239 V/ALSADevice(  314): Number of modifiers 0
09-25 10:34:21.239 V/ALSADevice(  314): usecase_type is 0
09-25 10:34:21.239 D/alsa_ucm(  314): snd_use_case_set(): uc_mgr 0xb7642240 identifier _disdev value Camcorder Stereo
09-25 10:34:21.239 D/alsa_ucm(  314): disdev: device Camcorder Stereo not enabled, no need to disable
09-25 10:34:21.239 D/alsa_ucm(  314): snd_use_case_set(): uc_mgr 0xb7642240 identifier _disdev value xLoud Speaker
09-25 10:34:21.239 D/alsa_ucm(  314): Set mixer controls for xLoud Speaker enable 0
09-25 10:34:21.239 D/alsa_ucm(  314): Setting mixer control: RX3 MIX1 INP1, value: ZERO
09-25 10:34:21.239 D/alsa_ucm(  314): Setting mixer control: RX3 MIX1 INP2, value: ZERO
09-25 10:34:21.239 D/alsa_ucm(  314): Setting mixer control: LINEOUT1 Volume, value: 0
09-25 10:34:21.239 D/alsa_ucm(  314): Setting mixer control: SLIM TX3 MUX, value: ZERO
09-25 10:34:21.239 D/alsa_ucm(  314): Setting mixer control: SLIM TX5 MUX, value: ZERO
09-25 10:34:21.249 V/AudioHardwareALSA(  314): closeUsbPlaybackIfNothingActive, musbPlaybackState: 0
09-25 10:34:21.249 D/AudioUsbALSA(  314): exitPlaybackThread, mproxypfdPlayback: -1
09-25 10:34:21.249 D/AudioUsbALSA(  314): closeDevice handle 0x0
09-25 10:34:21.249 D/AudioUsbALSA(  314): closeDevice handle 0x0
09-25 10:34:21.809 E/QCALOG  (  473): [MessageQ] ProcessNewMessage: [XT-CS] unknown deliver target [OS-Agent]
09-25 10:34:21.819 E/QCALOG  (  473): [MessageQ] ProcessNewMessage: [XTWiFi-PE] unknown deliver target [OS-Agent]
09-25 10:34:21.819 E/QCALOG  (  473): [MessageQ] ProcessNewMessage: [XTWWAN-PE] unknown deliver target [OS-Agent]
09-25 10:34:21.989 D/dalvikvm(20663): GC_FOR_ALLOC freed 411K, 7% free 55712K/59408K, paused 71ms, total 71ms
09-25 10:34:21.989 I/dalvikvm-heap(20663): Grow heap (frag case) to 55.237MB for 28438-byte allocation
09-25 10:34:22.059 D/dalvikvm(20663): GC_FOR_ALLOC freed 66K, 7% free 55698K/59436K, paused 53ms, total 53ms
09-25 10:34:22.059 I/dalvikvm-heap(20663): Grow heap (frag case) to 55.237MB for 42652-byte allocation
09-25 10:34:22.109 D/dalvikvm(20663): GC_FOR_ALLOC freed 28K, 7% free 55712K/59480K, paused 53ms, total 53ms
09-25 10:34:22.109 I/dalvikvm-heap(20663): Grow heap (frag case) to 55.271MB for 63974-byte allocation
09-25 10:34:22.169 D/dalvikvm(20663): GC_FOR_ALLOC freed 42K, 7% free 55733K/59544K, paused 54ms, total 54ms
09-25 10:34:22.230 D/dalvikvm(20663): GC_FOR_ALLOC freed 80K, 7% free 55723K/59544K, paused 52ms, total 52ms
09-25 10:34:22.260 D/StatusBar.NetworkController( 1293): refreshViews: Data not connected!! Set no data type icon / Roaming
09-25 10:34:22.270 E/Parcel  (  439): Reading a NULL string not supported here.
09-25 10:34:22.270 E/Parcel  (  439): Reading a NULL string not supported here.
09-25 10:34:22.290 D/dalvikvm(20663): GC_FOR_ALLOC freed 16K, 7% free 55774K/59544K, paused 53ms, total 54ms
09-25 10:34:22.290 I/dalvikvm-heap(20663): Grow heap (frag case) to 55.336MB for 68788-byte allocation
09-25 10:34:22.340 D/dalvikvm(20663): GC_FOR_ALLOC freed 164K, 7% free 55731K/59612K, paused 49ms, total 50ms
09-25 10:34:22.350 D/dalvikvm(  977): GC_EXPLICIT freed 5986K, 17% free 92787K/111384K, paused 6ms+19ms, total 204ms
09-25 10:34:22.400 D/dalvikvm(20663): GC_FOR_ALLOC freed 45K, 7% free 55798K/59612K, paused 53ms, total 53ms
09-25 10:34:22.400 I/dalvikvm-heap(20663): Grow heap (frag case) to 55.338MB for 46418-byte allocation
09-25 10:34:22.450 D/dalvikvm(20663): GC_FOR_ALLOC freed <1K, 7% free 55866K/59660K, paused 51ms, total 51ms
09-25 10:34:22.450 I/dalvikvm-heap(20663): Grow heap (frag case) to 55.405MB for 46418-byte allocation
09-25 10:34:22.520 D/dalvikvm(20663): GC_FOR_ALLOC freed 458K, 7% free 55776K/59708K, paused 53ms, total 53ms
09-25 10:34:22.580 D/dalvikvm(20663): GC_FOR_ALLOC freed 212K, 7% free 55794K/59708K, paused 53ms, total 54ms
09-25 10:34:22.610 D/dalvikvm( 5691): GC_CONCURRENT freed 410K, 15% free 50639K/58988K, paused 14ms+3ms, total 37ms
09-25 10:34:22.630 E/JavaBinder(  977): !!! FAILED BINDER TRANSACTION !!!
09-25 10:34:22.630 D/StatusBar.NetworkController( 1293): refreshViews: Data not connected!! Set no data type icon / Roaming
09-25 10:34:22.640 D/dalvikvm(20663): GC_FOR_ALLOC freed 63K, 7% free 55794K/59708K, paused 51ms, total 51ms
09-25 10:34:22.690 D/dalvikvm(20663): GC_FOR_ALLOC freed 159K, 7% free 55794K/59708K, paused 50ms, total 50ms
09-25 10:34:24.962 E/WindowManager(  977): Starting window AppWindowToken{461e0de8 token=Token{44cccf90 ActivityRecord{44a37420 u0 com.starcloudcasino.winthree/com.happiplay.MainActivity t115}}} timed out
09-25 10:34:24.972 W/ActivityManager(  977): Launch timeout has expired, giving up wake lock!
09-25 10:34:25.643 E/JavaBinder(  977): !!! FAILED BINDER TRANSACTION !!!
09-25 10:34:25.643 D/StatusBar.NetworkController( 1293): refreshViews: Data not connected!! Set no data type icon / Roaming
09-25 10:34:26.644 E/JavaBinder(  977): !!! FAILED BINDER TRANSACTION !!!
09-25 10:34:26.644 D/StatusBar.NetworkController( 1293): refreshViews: Data not connected!! Set no data type icon / Roaming
09-25 10:34:26.814 E/QCALOG  (  473): [MessageQ] ProcessNewMessage: [XT-CS] unknown deliver target [OS-Agent]
09-25 10:34:26.824 E/QCALOG  (  473): [MessageQ] ProcessNewMessage: [XTWiFi-PE] unknown deliver target [OS-Agent]
09-25 10:34:26.824 E/QCALOG  (  473): [MessageQ] ProcessNewMessage: [XTWWAN-PE] unknown deliver target [OS-Agent]
09-25 10:34:29.026 D/dalvikvm(22782): Unregistering JNI method Lcom/unity3d/player/UnityPlayer;.nativeVideoFrameCallback:VILII
09-25 10:34:29.026 D/dalvikvm(22782): Unregistering JNI method Lcom/unity3d/player/UnityPlayer;.nativeSoftInputClosed:V
09-25 10:34:29.026 D/dalvikvm(22782): Unregistering JNI method Lcom/unity3d/player/UnityPlayer;.nativeSetTouchDeltaY:VF
09-25 10:34:29.026 D/dalvikvm(22782): Unregistering JNI method Lcom/unity3d/player/UnityPlayer;.nativeSetInputString:VL
09-25 10:34:29.026 D/dalvikvm(22782): Unregistering JNI method Lcom/unity3d/player/UnityPlayer;.nativeSetInputCanceled:VZ
09-25 10:34:29.026 D/dalvikvm(22782): Unregistering JNI method Lcom/unity3d/player/UnityPlayer;.nativeSetExtras:VL
09-25 10:34:29.026 D/dalvikvm(22782): Unregistering JNI method Lcom/unity3d/player/UnityPlayer;.nativeSetDefaultDisplay:VI
09-25 10:34:29.026 D/dalvikvm(22782): Unregistering JNI method Lcom/unity3d/player/UnityPlayer;.nativeResume:V
09-25 10:34:29.026 D/dalvikvm(22782): Unregistering JNI method Lcom/unity3d/player/UnityPlayer;.nativeResize:VIIII
09-25 10:34:29.026 D/dalvikvm(22782): Unregistering JNI method Lcom/unity3d/player/UnityPlayer;.nativeRequestedAA:I
09-25 10:34:29.026 D/dalvikvm(22782): Unregistering JNI method Lcom/unity3d/player/UnityPlayer;.nativeRequested32bitDisplayBuffer:Z
09-25 10:34:29.026 D/dalvikvm(22782): Unregistering JNI method Lcom/unity3d/player/UnityPlayer;.nativeRender:Z
09-25 10:34:29.026 D/dalvikvm(22782): Unregistering JNI method Lcom/unity3d/player/UnityPlayer;.nativeRecreateGfxState:VL
09-25 10:34:29.026 D/dalvikvm(22782): Unregistering JNI method Lcom/unity3d/player/UnityPlayer;.nativePause:Z
09-25 10:34:29.026 D/dalvikvm(22782): Unregistering JNI method Lcom/unity3d/player/UnityPlayer;.nativeInjectEvent:ZL
09-25 10:34:29.026 D/dalvikvm(22782): Unregistering JNI method Lcom/unity3d/player/UnityPlayer;.nativeInitWWW:VL
09-25 10:34:29.026 D/dalvikvm(22782): Unregistering JNI method Lcom/unity3d/player/UnityPlayer;.nativeFocusChanged:VZ
09-25 10:34:29.026 D/dalvikvm(22782): Unregistering JNI method Lcom/unity3d/player/UnityPlayer;.nativeFile:VL
09-25 10:34:29.026 D/dalvikvm(22782): Unregistering JNI method Lcom/unity3d/player/UnityPlayer;.nativeDone:V
09-25 10:34:29.026 D/dalvikvm(22782): Unregistering JNI method Lcom/unity3d/player/UnityPlayer;.nativeActivityIndicatorStyle:I
09-25 10:34:29.026 D/dalvikvm(22782): Unregistering JNI method Lcom/unity3d/player/UnityPlayer;.initJni:VL
09-25 10:34:29.026 D/dalvikvm(22782): Unregistering JNI method Lcom/unity3d/player/UnityPlayer;.UnitySendMessage:VLLL
09-25 10:34:29.026 D/dalvikvm(22782): Unregistering JNI method Lcom/unity3d/player/UnityPlayer;.nativeSetLocationStatus:VI
09-25 10:34:29.026 D/dalvikvm(22782): Unregistering JNI method Lcom/unity3d/player/UnityPlayer;.nativeSetLocation:VFFFFDF
09-25 10:34:29.026 D/dalvikvm(22782): Unregistering JNI method Lcom/unity3d/player/UnityPlayer;.nativeForwardEventsToDalvik:VZ
09-25 10:34:29.026 D/dalvikvm(22782): Unregistering JNI method Lcom/unity3d/player/UnityPlayer;.nativeDeviceOrientation:VI
09-25 10:34:29.026 D/dalvikvm(22782): Unregistering JNI method Lorg/fmod/FMODAudioDevice;.fmodUnblockStreaming:I
09-25 10:34:29.026 D/dalvikvm(22782): Unregistering JNI method Lorg/fmod/FMODAudioDevice;.fmodProcess:IL
09-25 10:34:29.026 D/dalvikvm(22782): Unregistering JNI method Lorg/fmod/FMODAudioDevice;.fmodInitJni:I
09-25 10:34:29.026 D/dalvikvm(22782): Unregistering JNI method Lorg/fmod/FMODAudioDevice;.fmodGetInfo:II
09-25 10:34:29.026 D/dalvikvm(22782): Unregistering JNI method Lorg/fmod/FMODAudioDevice;.fmodBlockStreaming:I
09-25 10:34:29.026 D/dalvikvm(22782): Unregistering JNI method Lorg/fmod/FMODAudioDevice;.fmodProcessMicData:ILI
09-25 10:34:29.026 D/dalvikvm(22782): Unregistering JNI method Lcom/unity3d/player/ReflectionHelper;.nativeProxyInvoke:LILL
09-25 10:34:29.026 D/dalvikvm(22782): Unregistering JNI method Lcom/unity3d/player/ReflectionHelper;.nativeProxyFinalize:VI
09-25 10:34:29.046 F/libc    (22782): Fatal signal 11 (SIGSEGV) at 0x765f3f70 (code=1), thread 23435 (UnityPreload)
09-25 10:34:29.046 I/Process (22782): Sending signal. PID: 22782 SIG: 9
09-25 10:34:29.056 I/DEBUG   (  325): tid 23435 does not exist in pid 22782. ignoring debug request
09-25 10:34:29.086 I/ActivityManager(  977): Process com.starcloudcasino.winthree (pid 22782) has died.
09-25 10:34:29.086 I/WindowState(  977): WIN DEATH: Window{447aa0d8 u0 com.starcloudcasino.winthree/com.happiplay.MainActivity}
09-25 10:34:29.096 W/ActivityManager(  977): Scheduling restart of crashed service com.starcloudcasino.winthree/cn.jpush.android.service.PushService in 1000ms
09-25 10:34:29.116 I/ActivityManager(  977): Start proc com.starcloudcasino.winthree for activity com.starcloudcasino.winthree/com.happiplay.MainActivity: pid=24016 uid=10351 gids={50351, 3003, 1028, 1015}
09-25 10:34:29.126 I/MPL-storeload(  977): mpl state size = 4340
09-25 10:34:29.126 E/MPL-storeload(  977): calData from inv_save_mpl_states, size=2
09-25 10:34:29.126 I/MPL-storeload(  977): cal data size to write = 4340
09-25 10:34:29.136 I/MPL-storeload(  977): Bytes written = 4340
09-25 10:34:29.186 D/dalvikvm(24016): Trying to load lib /data/app-lib/com.starcloudcasino.winthree-1/libmain.so 0x447190d0
09-25 10:34:29.186 D/dalvikvm(24016): Added shared lib /data/app-lib/com.starcloudcasino.winthree-1/libmain.so 0x447190d0
09-25 10:34:29.236 D/BaseAccessActivity(24016): Init Thread
09-25 10:34:29.236 D/MainActivity(24016): init jpush
09-25 10:34:29.236 D/dalvikvm(24016): Trying to load lib /data/app-lib/com.starcloudcasino.winthree-1/libLoginEncrypt.so 0x447190d0
09-25 10:34:29.236 D/dalvikvm(24016): Added shared lib /data/app-lib/com.starcloudcasino.winthree-1/libLoginEncrypt.so 0x447190d0
09-25 10:34:29.236 D/dalvikvm(24016): No JNI_OnLoad found in /data/app-lib/com.starcloudcasino.winthree-1/libLoginEncrypt.so 0x447190d0, skipping init
09-25 10:34:29.266 D/BuildUtils(24016): loadConfiguration() => main platform:win3_google
09-25 10:34:29.266 D/GameAppInfo(24016): parsePlatformType: baidu
09-25 10:34:29.266 E/GameAppInfo(24016): Parse failed.
09-25 10:34:29.266 D/GameAppInfo(24016): parsePlatformType: pf_tencent
09-25 10:34:29.266 D/GameAppInfo(24016): parsePlatformType: pf_google
09-25 10:34:29.266 D/GameAppInfo(24016): parsePlatformType: pf_google_mainland
09-25 10:34:29.266 D/GameAppInfo(24016): parsePlatformType: pf_china_mm
09-25 10:34:29.266 D/GameAppInfo(24016): parsePlatformType: pf_tencent
09-25 10:34:29.266 D/GameAppInfo(24016): parsePlatformType: pf_yingyh
09-25 10:34:29.266 D/GameAppInfo(24016): parsePlatformType: pf_tencent
09-25 10:34:29.266 D/GameAppInfo(24016): parsePlatformType: pf_tencent
09-25 10:34:29.266 D/GameAppInfo(24016): parsePlatformType: pf_anzhi
09-25 10:34:29.266 D/dalvikvm(24016): Trying to load lib /data/app-lib/com.starcloudcasino.winthree-1/libjpush.so 0x447190d0
09-25 10:34:29.276 D/dalvikvm(24016): Added shared lib /data/app-lib/com.starcloudcasino.winthree-1/libjpush.so 0x447190d0
09-25 10:34:29.276 D/GameAppInfo(24016): parsePlatformType: pf_wandoujia
09-25 10:34:29.276 D/GameAppInfo(24016): parsePlatformType: pf_jifeng
09-25 10:34:29.276 D/GameAppInfo(24016): parsePlatformType: pf_google
09-25 10:34:29.276 D/GameAppInfo(24016): parsePlatformType: pf_google_mainland
09-25 10:34:29.276 D/GameAppInfo(24016): parsePlatformType: pf_baidu
09-25 10:34:29.276 D/GameAppInfo(24016): parsePlatformType: pf_baidu_youguo
09-25 10:34:29.276 D/GameAppInfo(24016): parsePlatformType: pf_qihoo_360
09-25 10:34:29.276 D/GameAppInfo(24016): parsePlatformType: pf_91_game
09-25 10:34:29.276 D/GameAppInfo(24016): parsePlatformType: pf_xiaocong
09-25 10:34:29.276 D/GameAppInfo(24016): parsePlatformType: pf_google
09-25 10:34:29.276 D/HappuplayAnalyzer(24016): onAppLaunched.
09-25 10:34:29.286 D/BuildUtils(24016): GetGameAppInfo:pf_google, main platformpf_google
09-25 10:34:29.286 D/BuildUtils(24016): get main app info for :pf_google
09-25 10:34:29.286 D/HappuplayAnalyzer(24016): Game Launched analysis url:http://texas.upupgame.com/mobile.php?touch=1&deviceuid=4aa7cec462930c53&device=C6602&f=com.starcloudcasino.winthree.googleplay&bundleid=com.starcloudcasino.winthree&ver=1.0.0
09-25 10:34:29.427 D/BaseAccessActivity(24016): onResume.
09-25 10:34:29.747 D/MobclickAgent(24016): App resume from background
09-25 10:34:30.678 D/BaseAccessActivity(24016): Init SDK Operator.
09-25 10:34:30.678 D/SDKOperator(24016): makeMainSDKOperator for pf_google
09-25 10:34:30.678 D/BuildUtils(24016): GetGameAppInfo:pf_google, main platformpf_google
09-25 10:34:30.678 D/BuildUtils(24016): get main app info for :pf_google
09-25 10:34:30.688 D/IabHelper(24016): Starting in-app billing setup.
09-25 10:34:30.708 E/Tdsy Modify Facebook(24016): 337070366339665
09-25 10:34:30.738 D/CommonTools(24016): check Shortcut.
09-25 10:34:30.758 I/Choreographer(24016): Skipped 63 frames!  The application may be doing too much work on its main thread.
09-25 10:34:30.778 W/WindowManager(  977): Access to extended visibility flags denied: Requires com.sonymobile.permission.SYSTEM_UI_VISIBILITY_EXTENSIONS permission.
09-25 10:34:30.778 W/WindowManager(  977): Access to extended visibility flags denied: Requires com.sonymobile.permission.SYSTEM_UI_VISIBILITY_EXTENSIONS permission.
09-25 10:34:30.798 W/WindowManager(  977): Access to extended visibility flags denied: Requires com.sonymobile.permission.SYSTEM_UI_VISIBILITY_EXTENSIONS permission.
09-25 10:34:30.798 W/WindowManager(  977): Access to extended visibility flags denied: Requires com.sonymobile.permission.SYSTEM_UI_VISIBILITY_EXTENSIONS permission.
09-25 10:34:30.798 I/Adreno-EGL(24016): <qeglDrvAPI_eglInitialize:381>: EGL 1.4 QUALCOMM build:  (CL3869936)
09-25 10:34:30.798 I/Adreno-EGL(24016): OpenGL ES Shader Compiler Version: 17.01.11.SPL
09-25 10:34:30.798 I/Adreno-EGL(24016): Build Date: 03/28/14 Fri
09-25 10:34:30.798 I/Adreno-EGL(24016): Local Branch: 
09-25 10:34:30.798 I/Adreno-EGL(24016): Remote Branch: 
09-25 10:34:30.798 I/Adreno-EGL(24016): Local Patches: 
09-25 10:34:30.798 I/Adreno-EGL(24016): Reconstruct Branch: 
09-25 10:34:30.848 D/OpenGLRenderer(24016): Enabling debug mode 0
09-25 10:34:30.858 D/dalvikvm( 5691): GC_CONCURRENT freed 453K, 15% free 50591K/58988K, paused 35ms+4ms, total 67ms
09-25 10:34:30.858 W/WindowManager(  977): Access to extended visibility flags denied: Requires com.sonymobile.permission.SYSTEM_UI_VISIBILITY_EXTENSIONS permission.
09-25 10:34:30.858 W/WindowManager(  977): Access to extended visibility flags denied: Requires com.sonymobile.permission.SYSTEM_UI_VISIBILITY_EXTENSIONS permission.
09-25 10:34:30.868 W/WindowManager(  977): Access to extended visibility flags denied: Requires com.sonymobile.permission.SYSTEM_UI_VISIBILITY_EXTENSIONS permission.
09-25 10:34:30.868 W/WindowManager(  977): Access to extended visibility flags denied: Requires com.sonymobile.permission.SYSTEM_UI_VISIBILITY_EXTENSIONS permission.
09-25 10:34:30.868 D/IabHelper(24016): Billing service connected.
09-25 10:34:30.868 D/IabHelper(24016): Checking for in-app billing 3 support.
09-25 10:34:30.868 D/Finsky  (23326): [11460] InAppBillingUtils.getPreferredAccount: com.starcloudcasino.winthree: Account from first account - [M6fyIPYMsh7ZTBySXtKPkEktmG8]
09-25 10:34:30.868 D/IabHelper(24016): In-app billing version 3 supported for com.starcloudcasino.winthree
09-25 10:34:30.868 D/Finsky  (23326): [11461] InAppBillingUtils.getPreferredAccount: com.starcloudcasino.winthree: Account from first account - [M6fyIPYMsh7ZTBySXtKPkEktmG8]
09-25 10:34:30.878 D/IabHelper(24016): Subscriptions AVAILABLE.
09-25 10:34:30.878 D/GooglePlayBillingOperator(24016): Set up seccess.
09-25 10:34:30.878 W/WindowManager(  977): Access to extended visibility flags denied: Requires com.sonymobile.permission.SYSTEM_UI_VISIBILITY_EXTENSIONS permission.
09-25 10:34:30.878 W/WindowManager(  977): Access to extended visibility flags denied: Requires com.sonymobile.permission.SYSTEM_UI_VISIBILITY_EXTENSIONS permission.
09-25 10:34:30.878 W/WindowManager(  977): Access to extended visibility flags denied: Requires com.sonymobile.permission.SYSTEM_UI_VISIBILITY_EXTENSIONS permission.
09-25 10:34:30.878 W/WindowManager(  977): Access to extended visibility flags denied: Requires com.sonymobile.permission.SYSTEM_UI_VISIBILITY_EXTENSIONS permission.
09-25 10:34:30.938 W/WindowManager(  977): Access to extended visibility flags denied: Requires com.sonymobile.permission.SYSTEM_UI_VISIBILITY_EXTENSIONS permission.
09-25 10:34:30.938 W/WindowManager(  977): Access to extended visibility flags denied: Requires com.sonymobile.permission.SYSTEM_UI_VISIBILITY_EXTENSIONS permission.
09-25 10:34:30.958 W/IInputConnectionWrapper( 1602): showStatusIcon on inactive InputConnection
09-25 10:34:30.958 I/ActivityManager(  977): Displayed com.starcloudcasino.winthree/com.happiplay.MainActivity: +15s942ms
09-25 10:34:30.958 I/ActivityManager(  977): Timeline: Activity_windows_visible id: ActivityRecord{44a37420 u0 com.starcloudcasino.winthree/com.happiplay.MainActivity t115} time:78282227
09-25 10:34:30.978 W/WindowManager(  977): Access to extended visibility flags denied: Requires com.sonymobile.permission.SYSTEM_UI_VISIBILITY_EXTENSIONS permission.
09-25 10:34:30.978 W/WindowManager(  977): Access to extended visibility flags denied: Requires com.sonymobile.permission.SYSTEM_UI_VISIBILITY_EXTENSIONS permission.
09-25 10:34:30.998 I/ActivityManager(24016): Timeline: Activity_idle id: android.os.BinderProxy@44714648 time:78282264
09-25 10:34:31.038 E/rsC++   ( 1602): RS Message thread exiting.
09-25 10:34:31.098 W/Adreno-EGL(24016): <qeglDrvAPI_eglGetConfigAttrib:603>: EGL_BAD_ATTRIBUTE
09-25 10:34:31.098 W/Adreno-EGL(24016): <qeglDrvAPI_eglGetConfigAttrib:603>: EGL_BAD_ATTRIBUTE
09-25 10:34:31.108 D/Unity   (24016): GL_AMD_compressed_ATC_texture GL_AMD_performance_monitor GL_AMD_program_binary_Z400 GL_EXT_debug_label GL_EXT_debug_marker GL_EXT_discard_framebuffer GL_EXT_robustness GL_EXT_texture_format_BGRA8888 GL_EXT_texture_type_2_10_10_10_REV GL_NV_fence GL_OES_compressed_ETC1_RGB8_texture GL_OES_depth_texture GL_OES_depth24 GL_OES_EGL_image GL_OES_EGL_image_external GL_OES_element_index_uint GL_OES_fbo_render_mipmap GL_OES_fragment_precision_high GL_OES_get_program_binary GL_OES_packed_depth_stencil GL_OES_depth_texture_cube_map GL_OES_rgb8_rgba8 GL_OES_standard_derivatives GL_OES_texture_3D GL_OES_texture_float GL_OES_texture_half_float GL_OES_texture_half_float_linear GL_OES_texture_npot GL_OES_vertex_half_float GL_OES_vertex_type_10_10_10_2 GL_OES_vertex_array_object GL_QCOM_alpha_test GL_QCOM_binning_control GL_QCOM_driver_control GL_QCOM_perfmon_global_mode GL_QCOM_extended_get GL_QCOM_extended_get2 GL_QCOM_tiled_rendering GL_QCOM_writeonly_rendering GL_EXT_sRGB GL_EXT_sRGB_write_control GL_EXT_texture_sRGB_dec
09-25 10:34:31.108 D/Unity   (24016): ode GL_EXT_multisampled_render_to_texture GL_EXT_color_buffer_float GL_EXT_color_buffer_half_float GL_EXT_disjoint_timer_query 
09-25 10:34:31.138 W/libc    (24016): pthread_create sched_setscheduler call failed: Operation not permitted
09-25 10:34:31.158 D/ALSADevice(  314): route: devices 0x2 in mode 0
09-25 10:34:31.158 V/ALSADevice(  314): switchDevice: device 0x2 mode:0
09-25 10:34:31.158 V/ALSADevice(  314): nonCallOutputRouting: 0x2
09-25 10:34:31.158 V/ALSADevice(  314): Routing to rx=xLoud Speaker
09-25 10:34:31.158 V/ALSADevice(  314): nonCallInputRouting: 0
09-25 10:34:31.158 V/ALSADevice(  314): Routing to tx=none
09-25 10:34:31.158 V/ALSADevice(  314): switchDevice,rxDev:xLoud Speaker, txDev:(null), curRxDev:xLoud Speaker, curTxDev:Camcorder Stereo
09-25 10:34:31.158 D/alsa_ucm(  314): snd_use_case_set(): uc_mgr 0xb7642240 identifier _enadev value xLoud Speaker
09-25 10:34:31.158 D/ALSADevice(  314): switchDevice: mCurTxUCMDevivce Camcorder Stereo mCurRxDevDevice xLoud Speaker
09-25 10:34:31.158 D/alsa_ucm(  314): snd_use_case_set(): uc_mgr 0xb7642240 identifier _verb value HiFi
09-25 10:34:31.158 D/alsa_ucm(  314): Set mixer controls for xLoud Speaker enable 1
09-25 10:34:31.158 D/alsa_ucm(  314): acdb_id 520 cap 1 enable 1
09-25 10:34:31.158 D/ACDB-LOADER(  314): ACDB -> send_audio_cal, acdb_id = 520, path =  0
09-25 10:34:31.158 D/ACDB-LOADER(  314): ACDB -> send_adm_topology
09-25 10:34:31.158 D/ACDB-LOADER(  314): ACDB -> ACDB_CMD_GET_AUDPROC_COMMON_TOPOLOGY_ID
09-25 10:34:31.158 D/ACDB-LOADER(  314): ACDB -> send_audtable
09-25 10:34:31.158 D/ACDB-LOADER(  314): ACDB -> ACDB_CMD_GET_AUDPROC_COMMON_TABLE
09-25 10:34:31.158 D/ACDB-LOADER(  314): ACDB -> AUDIO_SET_AUDPROC_CAL
09-25 10:34:31.158 D/ACDB-LOADER(  314): ACDB -> send_audvoltable
09-25 10:34:31.158 D/ACDB-LOADER(  314): ACDB -> ACDB_CMD_GET_AUDPROC_GAIN_DEP_VOLTBL_STEP_COPP
09-25 10:34:31.158 D/ACDB-LOADER(  314): ACDB -> AUDIO_SET_AUDPROC_VOL_CAL
09-25 10:34:31.158 D/ACDB-LOADER(  314): ACDB -> AUDIO_SET_AFE_CAL
09-25 10:34:31.158 D/ACDB-LOADER(  314): ACDB -> send_hw_delay : acdb_id = 520 path = 0
09-25 10:34:31.158 D/ACDB-LOADER(  314): ACDB -> ACDB_CMD_GET_DEVICE_PROPERTY_SIZE
09-25 10:34:31.158 D/ACDB-LOADER(  314): ACDB -> ACDB_AVSYNC_INFO: ACDB_CMD_GET_DEVICE_PROPERTY
09-25 10:34:31.158 D/ACDB-LOADER(  314): send_hw_delay id = 520 delay_num_entries = 1 result = 0
09-25 10:34:31.158 D/alsa_ucm(  314): Setting mixer control: SLIM_0_RX Channels, value: Two
09-25 10:34:31.158 D/alsa_ucm(  314): Setting mixer control: RX3 MIX1 INP1, value: RX1
09-25 10:34:31.168 D/alsa_ucm(  314): Setting mixer control: RX3 MIX1 INP2, value: RX2
09-25 10:34:31.168 D/alsa_ucm(  314): Setting mixer control: LINEOUT1 Volume, value: 100
09-25 10:34:31.168 D/alsa_ucm(  314): Setting mixer control: SLIM TX3 MUX, value: RMIX3
09-25 10:34:31.168 D/alsa_ucm(  314): Setting mixer control: SLIM TX5 MUX, value: RMIX3
09-25 10:34:31.168 D/alsa_ucm(  314): Setting mixer control: RX3 Digital Volume, value: 68
09-25 10:34:31.168 D/alsa_ucm(  314): Set mixer controls for HiFi enable 1
09-25 10:34:31.168 D/alsa_ucm(  314): Setting mixer control: SLIMBUS_0_RX Audio Mixer MultiMedia1, value: 1
09-25 10:34:31.168 D/ALSADevice(  314): close: handle 0xb76a2240 h 0x0
09-25 10:34:31.168 D/ALSADevice(  314): open: handle 0xb76a2240, format 0x2
09-25 10:34:31.168 V/ALSADevice(  314): Music case
09-25 10:34:31.168 D/ALSADevice(  314): Device value returned is hw:0,0
09-25 10:34:31.168 V/ALSADevice(  314): flags 0, devName hw:0,0
09-25 10:34:31.178 V/ALSADevice(  314): pcm_open returned fd 39
09-25 10:34:31.178 D/ALSADevice(  314): handle->format: 0x2
09-25 10:34:31.178 D/ALSADevice(  314): setHardwareParams: reqBuffSize 2048 channels 2 sampleRate 48000
09-25 10:34:31.178 D/ALSADevice(  314): setHardwareParams: buffer_size 16384, period_size 2048, period_cnt 8
09-25 10:34:31.178 W/WindowManager(  977): Access to extended visibility flags denied: Requires com.sonymobile.permission.SYSTEM_UI_VISIBILITY_EXTENSIONS permission.
09-25 10:34:31.178 W/WindowManager(  977): Access to extended visibility flags denied: Requires com.sonymobile.permission.SYSTEM_UI_VISIBILITY_EXTENSIONS permission.
09-25 10:34:31.689 D/StatusBar.NetworkController( 1293): refreshViews: Data not connected!! Set no data type icon / Roaming
09-25 10:34:31.719 E/Parcel  (  439): Reading a NULL string not supported here.
09-25 10:34:31.719 E/Parcel  (  439): Reading a NULL string not supported here.
09-25 10:34:31.809 E/QCALOG  (  473): [MessageQ] ProcessNewMessage: [XT-CS] unknown deliver target [OS-Agent]
09-25 10:34:31.829 E/QCALOG  (  473): [MessageQ] ProcessNewMessage: [XTWiFi-PE] unknown deliver target [OS-Agent]
09-25 10:34:31.829 E/QCALOG  (  473): [MessageQ] ProcessNewMessage: [XTWWAN-PE] unknown deliver target [OS-Agent]
09-25 10:34:32.660 E/JavaBinder(  977): !!! FAILED BINDER TRANSACTION !!!
09-25 10:34:32.670 D/StatusBar.NetworkController( 1293): refreshViews: Data not connected!! Set no data type icon / Roaming
09-25 10:34:33.661 E/JavaBinder(  977): !!! FAILED BINDER TRANSACTION !!!
09-25 10:34:33.661 D/StatusBar.NetworkController( 1293): refreshViews: Data not connected!! Set no data type icon / Roaming
09-25 10:34:34.031 E/Parcel  (  439): Reading a NULL string not supported here.
09-25 10:34:34.031 E/Parcel  (  439): Reading a NULL string not supported here.
09-25 10:34:34.031 D/StatusBar.NetworkController( 1293): refreshViews: Data not connected!! Set no data type icon / Roaming
09-25 10:34:34.672 E/JavaBinder(  977): !!! FAILED BINDER TRANSACTION !!!
09-25 10:34:34.672 D/StatusBar.NetworkController( 1293): refreshViews: Data not connected!! Set no data type icon / Roaming
09-25 10:34:35.573 D/StatusBar.NetworkController( 1293): refreshViews: Data not connected!! Set no data type icon / Roaming
09-25 10:34:35.573 E/Parcel  (  439): Reading a NULL string not supported here.
09-25 10:34:35.573 E/Parcel  (  439): Reading a NULL string not supported here.
09-25 10:34:35.673 E/JavaBinder(  977): !!! FAILED BINDER TRANSACTION !!!
09-25 10:34:35.673 D/StatusBar.NetworkController( 1293): refreshViews: Data not connected!! Set no data type icon / Roaming
09-25 10:34:36.403 E/Parcel  (  439): Reading a NULL string not supported here.
09-25 10:34:36.403 E/Parcel  (  439): Reading a NULL string not supported here.
09-25 10:34:36.403 D/StatusBar.NetworkController( 1293): refreshViews: Data not connected!! Set no data type icon / Roaming
09-25 10:34:36.824 E/QCALOG  (  473): [MessageQ] ProcessNewMessage: [XT-CS] unknown deliver target [OS-Agent]
09-25 10:34:36.824 E/QCALOG  (  473): [MessageQ] ProcessNewMessage: [XTWiFi-PE] unknown deliver target [OS-Agent]
09-25 10:34:36.824 E/QCALOG  (  473): [MessageQ] ProcessNewMessage: [XTWWAN-PE] unknown deliver target [OS-Agent]
09-25 10:34:37.685 E/JavaBinder(  977): !!! FAILED BINDER TRANSACTION !!!
09-25 10:34:37.685 D/StatusBar.NetworkController( 1293): refreshViews: Data not connected!! Set no data type icon / Roaming
09-25 10:34:38.575 D/StatusBar.NetworkController( 1293): refreshViews: Data not connected!! Set no data type icon / Roaming
09-25 10:34:38.585 E/Parcel  (  439): Reading a NULL string not supported here.
09-25 10:34:38.585 E/Parcel  (  439): Reading a NULL string not supported here.
09-25 10:34:39.036 D/dalvikvm( 5691): GC_CONCURRENT freed 354K, 15% free 50633K/58988K, paused 12ms+7ms, total 53ms
09-25 10:34:40.698 E/JavaBinder(  977): !!! FAILED BINDER TRANSACTION !!!
09-25 10:34:40.698 D/StatusBar.NetworkController( 1293): refreshViews: Data not connected!! Set no data type icon / Roaming
09-25 10:34:41.108 D/StatusBar.NetworkController( 1293): refreshViews: Data not connected!! Set no data type icon / Roaming
09-25 10:34:41.108 E/Parcel  (  439): Reading a NULL string not supported here.
09-25 10:34:41.108 E/Parcel  (  439): Reading a NULL string not supported here.
09-25 10:34:41.699 E/JavaBinder(  977): !!! FAILED BINDER TRANSACTION !!!
09-25 10:34:41.699 D/StatusBar.NetworkController( 1293): refreshViews: Data not connected!! Set no data type icon / Roaming
09-25 10:34:41.819 E/QCALOG  (  473): [MessageQ] ProcessNewMessage: [XT-CS] unknown deliver target [OS-Agent]
09-25 10:34:41.819 E/QCALOG  (  473): [MessageQ] ProcessNewMessage: [XTWiFi-PE] unknown deliver target [OS-Agent]
09-25 10:34:41.819 E/QCALOG  (  473): [MessageQ] ProcessNewMessage: [XTWWAN-PE] unknown deliver target [OS-Agent]
09-25 10:34:42.709 E/JavaBinder(  977): !!! FAILED BINDER TRANSACTION !!!
09-25 10:34:42.709 D/StatusBar.NetworkController( 1293): refreshViews: Data not connected!! Set no data type icon / Roaming
09-25 10:34:44.721 E/JavaBinder(  977): !!! FAILED BINDER TRANSACTION !!!
09-25 10:34:44.721 D/StatusBar.NetworkController( 1293): refreshViews: Data not connected!! Set no data type icon / Roaming
09-25 10:34:46.824 E/QCALOG  (  473): [MessageQ] ProcessNewMessage: [XT-CS] unknown deliver target [OS-Agent]
09-25 10:34:46.824 E/QCALOG  (  473): [MessageQ] ProcessNewMessage: [XTWiFi-PE] unknown deliver target [OS-Agent]
09-25 10:34:46.824 E/QCALOG  (  473): [MessageQ] ProcessNewMessage: [XTWWAN-PE] unknown deliver target [OS-Agent]
09-25 10:34:47.194 D/dalvikvm( 5691): GC_CONCURRENT freed 396K, 15% free 50633K/58988K, paused 11ms+3ms, total 42ms
09-25 10:34:48.896 I/libboot (19712): ParseRecvData begin
09-25 10:34:48.896 I/libboot (19712): totalsize = 431
09-25 10:34:48.896 I/libboot (19712): m_RetCode: 0
09-25 10:34:48.896 I/libboot (19712): ssoData deserialize done
09-25 10:34:48.896 I/libboot (19712): uin = 114842559, cmd = OnlinePush.ReqPush, recvSize = 431
09-25 10:34:48.896 I/libboot (19712): Parse Other Resp
09-25 10:34:48.896 I/libboot (19712): onResponse done
09-25 10:34:48.896 I/libboot (19712): buffer size is 0, end!
09-25 10:34:48.896 I/libboot (19712): ParseRecvData end
09-25 10:34:48.986 E/QQMessageFacade(19712): addMessage add message error happen .... mr.msgid = 1411612488990
09-25 10:34:49.036 I/libboot (19712): #####encodeRequest begin#####
09-25 10:34:49.036 I/libboot (19712): Sign State = 1
09-25 10:34:49.036 I/libboot (19712): ssodata init 114842559 
09-25 10:34:49.036 I/libboot (19712): ssodata set Simple true
09-25 10:34:49.036 I/libboot (19712): A2 Simple true
09-25 10:34:49.036 I/libboot (19712): IMEI Simple true
09-25 10:34:49.036 I/libboot (19712): Ksid Simple true
09-25 10:34:49.036 I/libboot (19712): uin = 114842559, servicecmd = QQServiceDiscussSvc.ReqGetDiscussInfo lower = qqservicediscusssvc.reqgetdiscussinfo
09-25 10:34:49.036 I/libboot (19712): Account size = 1
09-25 10:34:49.036 I/libboot (19712): Account uin: 114842559
09-25 10:34:49.036 I/libboot (19712): encyped by key
09-25 10:34:49.036 I/libboot (19712): #####encode end#######
09-25 10:34:49.046 I/libboot (19712): #####encodeRequest begin#####
09-25 10:34:49.046 I/libboot (19712): Sign State = 1
09-25 10:34:49.046 I/libboot (19712): ssodata init 114842559 
09-25 10:34:49.046 I/libboot (19712): ssodata set Simple true
09-25 10:34:49.046 I/libboot (19712): A2 Simple true
09-25 10:34:49.046 I/libboot (19712): IMEI Simple true
09-25 10:34:49.046 I/libboot (19712): Ksid Simple true
09-25 10:34:49.046 I/libboot (19712): uin = 114842559, servicecmd = OnlinePush.RespPush lower = onlinepush.resppush
09-25 10:34:49.046 I/libboot (19712): Account size = 1
09-25 10:34:49.046 I/libboot (19712): Account uin: 114842559
09-25 10:34:49.046 I/libboot (19712): encyped by key
09-25 10:34:49.046 I/libboot (19712): #####encode end#######
09-25 10:34:49.566 I/libboot (19712): ParseRecvData begin
09-25 10:34:49.566 I/libboot (19712): totalsize = 767
09-25 10:34:49.566 I/libboot (19712): m_RetCode: 0
09-25 10:34:49.566 I/libboot (19712): ssoData deserialize done
09-25 10:34:49.566 I/libboot (19712): uin = 114842559, cmd = QQServiceDiscussSvc.ReqGetDiscussInfo, recvSize = 767
09-25 10:34:49.566 I/libboot (19712): Parse Other Resp
09-25 10:34:49.566 I/libboot (19712): onResponse done
09-25 10:34:49.566 I/libboot (19712): buffer size is 0, end!
09-25 10:34:49.566 I/libboot (19712): ParseRecvData end
09-25 10:34:49.676 D/dalvikvm(19712): GC_CONCURRENT freed 365K, 13% free 51654K/58988K, paused 11ms+9ms, total 50ms
09-25 10:34:50.527 E/Parcel  (  439): Reading a NULL string not supported here.
09-25 10:34:50.527 E/Parcel  (  439): Reading a NULL string not supported here.
09-25 10:34:50.527 D/StatusBar.NetworkController( 1293): refreshViews: Data not connected!! Set no data type icon / Roaming
09-25 10:34:50.737 E/JavaBinder(  977): !!! FAILED BINDER TRANSACTION !!!
09-25 10:34:50.737 D/StatusBar.NetworkController( 1293): refreshViews: Data not connected!! Set no data type icon / Roaming
09-25 10:34:51.818 E/QCALOG  (  473): [MessageQ] ProcessNewMessage: [XT-CS] unknown deliver target [OS-Agent]
09-25 10:34:51.818 E/QCALOG  (  473): [MessageQ] ProcessNewMessage: [XTWiFi-PE] unknown deliver target [OS-Agent]
09-25 10:34:51.818 E/QCALOG  (  473): [MessageQ] ProcessNewMessage: [XTWWAN-PE] unknown deliver target [OS-Agent]
09-25 10:34:52.729 E/JavaBinder(  977): !!! FAILED BINDER TRANSACTION !!!
09-25 10:34:52.749 D/StatusBar.NetworkController( 1293): refreshViews: Data not connected!! Set no data type icon / Roaming
09-25 10:34:52.869 E/Parcel  (  439): Reading a NULL string not supported here.
09-25 10:34:52.869 E/Parcel  (  439): Reading a NULL string not supported here.
09-25 10:34:52.869 D/StatusBar.NetworkController( 1293): refreshViews: Data not connected!! Set no data type icon / Roaming
