--------- beginning of /dev/log/system
09-25 09:58:26.321 I/ActivityManager(  977): Start proc com.google.android.partnersetup for content provider com.google.android.partnersetup/.RlzAppProvider: pid=11619 uid=10056 gids={50056, 3003}
09-25 09:58:29.063 W/ActivityManager(  977): Unable to start service Intent { act=sina.push.action.service.null (has extras) } U=0: not found
09-25 09:58:29.734 I/ActivityManager(  977): Start proc jp.naver.line.android for broadcast jp.naver.line.android/.alarm.LineAlarmReceiver: pid=11674 uid=10236 gids={50236, 3003, 1028, 1015, 3002}
09-25 09:58:29.984 W/InputMethodManagerService(  977): Window already focused, ignoring focus gain of: com.android.internal.view.IInputMethodClient$Stub$Proxy@45485950 attribute=android.view.inputmethod.EditorInfo@45287400, token = android.os.BinderProxy@44e90f98
09-25 09:58:31.325 I/ActivityManager(  977): START u0 {act=android.intent.action.MAIN cat=[android.intent.category.HOME] flg=0x10000000 cmp=com.sonyericsson.home/com.sonymobile.home.HomeActivity (has extras)} from pid 10501
09-25 09:58:31.406 W/InputMethodManagerService(  977): Starting input on non-focused client com.android.internal.view.IInputMethodClient$Stub$Proxy@45d98548 (uid=10326 pid=10501)
09-25 09:58:32.336 W/BroadcastQueue(  977): Permission Denial: broadcasting Intent { act=android.intent.action.USER_PRESENT flg=0x24000010 } from com.android.keyguard (pid=1293, uid=10243) requires com.alipay.notify.permission.BOOT_COMPLETED due to receiver com.alipay.android.app/com.alipay.notify.BroadcastActionReceiver
09-25 09:58:32.346 W/BroadcastQueue(  977): Permission Denial: broadcasting Intent { act=android.intent.action.USER_PRESENT flg=0x24000010 } from com.android.keyguard (pid=1293, uid=10243) requires com.alipay.mobile.push.permission.PUSH_EVENT due to receiver com.eg.android.AlipayGphone/com.alipay.pushsdk.BroadcastActionReceiver
09-25 09:58:32.356 I/ActivityManager(  977): Start proc com.sonymobile.mx.android for broadcast com.sonymobile.mx.android/.receivers.StopMessageReceiver: pid=11766 uid=10256 gids={50256, 3003, 1028, 1015, 3002, 3001}
09-25 09:58:32.487 I/ActivityManager(  977): Start proc com.sonyericsson.tvout.mhl for broadcast com.sonyericsson.tvout.mhl/.TvOutReceiver: pid=11785 uid=1000 gids={41000, 2993, 3003, 1028, 1015, 3002, 3001, 2001, 3006, 1021, 3004, 3005, 1000, 3009, 1023, 1010}
09-25 09:58:32.527 W/ContextImpl(  523): Calling a method in the system process without a qualified user: android.app.ContextImpl.startService:1519 android.content.ContextWrapper.startService:494 android.content.ContextWrapper.startService:494 com.sonyericsson.usbux.service.UsbServiceReceiver.onReceive:58 android.app.ActivityThread.handleReceiver:2481 
09-25 09:58:32.537 I/ActivityManager(  977): Start proc com.sonyericsson.android.locationbasedwifi:service for broadcast com.sonyericsson.android.locationbasedwifi/.LbwBroadcastReciever: pid=11799 uid=10068 gids={50068}
09-25 09:58:32.637 W/ContextImpl( 5691): Calling a method in the system process without a qualified user: android.app.ContextImpl.startService:1519 android.content.ContextWrapper.startService:494 android.content.ContextWrapper.startService:494 com.sonymobile.phoneusage.service.UserPresentReceiver.onReceiveInternal:21 com.sonymobile.phoneusage.service.DeviceUsageReceiver.onReceive:27 
09-25 09:58:32.667 I/ActivityManager(  977): Start proc com.dianping.v1 for broadcast com.dianping.v1/com.dianping.pushservice.PhoneStatusReceiver: pid=11815 uid=10190 gids={50190, 3003, 1028, 1015}
09-25 09:58:32.867 I/ActivityManager(  977): Start proc com.happiplay.texas for broadcast com.happiplay.texas/cn.jpush.android.service.PushReceiver: pid=11837 uid=10344 gids={50344, 3003, 1028, 1015}
09-25 09:58:33.007 I/ActivityManager(  977): Start proc com.iknowing.vbuluo.android for broadcast com.iknowing.vbuluo.android/com.igexin.sdk.SdkReceiver: pid=11854 uid=10278 gids={50278, 1028, 1015, 3003}
09-25 09:58:33.097 I/ActivityManager(  977): Start proc com.maopaoke.mpk6001578 for broadcast com.maopaoke.mpk6001578/com.maopaoke.hsy.QReceiver: pid=11868 uid=10312 gids={50312, 1028, 1015, 3003}
09-25 09:58:33.107 E/ActivityThread(27926): Failed to find provider info for sdk.download.com.iknowing.vbuluo.android
09-25 09:58:33.317 W/BroadcastQueue(  977): Permission Denial: broadcasting Intent { act=android.intent.action.USER_PRESENT flg=0x24000010 } from com.android.keyguard (pid=1293, uid=10243) is not exported from uid 10189 due to receiver com.tencent.android.qqdownloader/com.tencent.assistant.module.timer.ScheduleJobReceiver
09-25 09:59:02.986 D/QcConnectivityService(  977): handleInetConditionHoldEnd: net=1, condition=100, published condition=100
09-25 10:00:09.011 I/ActivityManager(  977): Process com.sonyericsson.crashmonitor (pid 11466) has died.
09-25 10:04:40.205 W/BackupManagerService(  977): dataChanged but no participant pkg='com.android.providers.settings' uid=10334
09-25 10:05:21.025 W/FileUtils( 6040): Failed to chmod(/storage/emulated/0/baidu/pushservice/database/pushstat_3.4.db): libcore.io.ErrnoException: chmod failed: EPERM (Operation not permitted)
09-25 10:05:26.010 W/ProcessCpuTracker(  977): Skipping unknown process pid 13802
09-25 10:05:26.020 W/ProcessCpuTracker(  977): Skipping unknown process pid 13804
09-25 10:05:26.020 W/ProcessCpuTracker(  977): Skipping unknown process pid 13813
09-25 10:06:07.591 D/QcConnectivityService(  977): Sampling interval elapsed, updating statistics ..
09-25 10:06:07.611 D/QcConnectivityService(  977): Done.
09-25 10:06:07.611 D/QcConnectivityService(  977): Setting timer for 720seconds
09-25 10:06:07.811 I/ActivityManager(  977): Start proc com.sonyericsson.crashmonitor for broadcast com.sonyericsson.crashmonitor/.receiver.CrashMonitorServiceBroadcastReceiver: pid=13933 uid=10108 gids={50108, 1007, 1028, 1015, 1023}
09-25 10:07:03.275 D/QcConnectivityService(  977): handleInetConditionHoldEnd: net=1, condition=100, published condition=100
09-25 10:09:05.344 I/ActivityManager(  977): Process com.google.android.partnersetup (pid 11619) has died.
09-25 10:09:37.205 I/ActivityManager(  977): Process com.sonyericsson.android.bootinfo:remote (pid 11481) has died.
09-25 10:11:55.920 D/MobileDataStateTracker(  977): default: setPolicyDataEnable(enabled=true)
09-25 10:11:55.950 I/ActivityManager(  977): Start proc com.sonyericsson.trackid for broadcast com.sonyericsson.trackid/.widget.TrackIdWidgetProvider: pid=15391 uid=10199 gids={50199, 3003, 1028, 1015}
09-25 10:11:56.051 W/ActivityManager(  977): Unable to start service Intent { act=com.broadcom.fm.fmreceiver.IFmReceiverService } U=0: not found
09-25 10:11:56.351 I/ActivityManager(  977): Process com.sonymobile.experienceflow2 (pid 10724) has died.
09-25 10:12:00.805 W/ProcessCpuTracker(  977): Skipping unknown process pid 15424
09-25 10:12:46.189 W/ProcessCpuTracker(  977): Skipping unknown process pid 15583
09-25 10:12:46.189 W/ProcessCpuTracker(  977): Skipping unknown process pid 15585
09-25 10:13:07.010 I/ActivityManager(  977): Process com.sonymobile.photoanalyzer (pid 32527) has died.
09-25 10:13:07.010 W/ActivityManager(  977): Scheduling restart of crashed service com.sonymobile.photoanalyzer/.service.PhotoAnalyzerService in 1000ms
09-25 10:14:00.282 W/FileUtils( 6040): Failed to chmod(/storage/emulated/0/baidu/pushservice/database/pushstat_3.4.db): libcore.io.ErrnoException: chmod failed: EPERM (Operation not permitted)
09-25 10:14:26.177 I/ActivityManager(  977): Process com.sonyericsson.psm.sysmonservice (pid 3733) has died.
09-25 10:14:26.177 W/ActivityManager(  977): Scheduling restart of crashed service com.sonyericsson.psm.sysmonservice/.SysmonActionService in 1000ms
09-25 10:15:03.533 D/QcConnectivityService(  977): handleInetConditionHoldEnd: net=1, condition=100, published condition=100
09-25 10:18:07.623 D/QcConnectivityService(  977): Sampling interval elapsed, updating statistics ..
09-25 10:18:07.643 D/QcConnectivityService(  977): Done.
09-25 10:18:07.643 D/QcConnectivityService(  977): Setting timer for 720seconds
09-25 10:18:17.383 I/ActivityManager(  977): Start proc com.sonyericsson.android.bootinfo:remote for service com.sonyericsson.android.bootinfo/.MiscTaService: pid=16789 uid=1000 gids={41000, 2993, 3003, 1028, 1015, 3002, 3001, 2001, 3006, 1021, 3004, 3005, 1000, 3009, 1023, 1010}
09-25 10:18:17.563 W/ContextImpl( 5691): Calling a method in the system process without a qualified user: android.app.ContextImpl.startService:1519 android.content.ContextWrapper.startService:494 android.content.ContextWrapper.startService:494 com.sonymobile.phoneusage.service.plugin.crashstatus.CrashStatusReceiver.onReceiveInternal:31 com.sonymobile.phoneusage.service.DeviceUsageReceiver.onReceive:27 
09-25 10:20:28.440 W/ProcessCpuTracker(  977): Skipping unknown process pid 17355
09-25 10:20:28.440 W/ProcessCpuTracker(  977): Skipping unknown process pid 17357
09-25 10:23:03.201 W/FileUtils( 6040): Failed to chmod(/storage/emulated/0/baidu/pushservice/database/pushstat_3.4.db): libcore.io.ErrnoException: chmod failed: EPERM (Operation not permitted)
09-25 10:23:03.782 D/QcConnectivityService(  977): handleInetConditionHoldEnd: net=1, condition=100, published condition=100
09-25 10:24:45.541 I/ProcessStatsService(  977): Prepared write state in 32ms
09-25 10:26:05.049 W/ProcessCpuTracker(  977): Skipping unknown process pid 18946
09-25 10:26:05.059 W/ProcessCpuTracker(  977): Skipping unknown process pid 18949
09-25 10:26:55.698 W/ProcessCpuTracker(  977): Skipping unknown process pid 19137
09-25 10:26:55.698 W/ProcessCpuTracker(  977): Skipping unknown process pid 19140
09-25 10:26:55.698 W/ProcessCpuTracker(  977): Skipping unknown process pid 19148
09-25 10:26:55.698 W/ProcessCpuTracker(  977): Skipping unknown process pid 19150
09-25 10:28:31.832 I/PowerManagerService(  977): Going to sleep due to screen timeout...
09-25 10:28:32.092 W/ContextImpl( 5691): Calling a method in the system process without a qualified user: android.app.ContextImpl.startService:1519 android.content.ContextWrapper.startService:494 com.sonymobile.phoneusage.service.ScreenReceiver.onReceiveInternal:23 com.sonymobile.phoneusage.service.DeviceUsageReceiver.onReceive:27 android.app.LoadedApk$ReceiverDispatcher$Args.run:781 
09-25 10:28:37.278 I/ActivityManager(  977): Start proc com.sonymobile.experienceflow2 for service com.sonymobile.experienceflow2/com.sonymobile.experienceflow.wallpaper.ExperienceFlowService: pid=19607 uid=10298 gids={50298}
09-25 10:28:41.159 I/ActivityManager(  977): Start proc com.sonyericsson.lockscreen.uxpnxt for content provider com.sonyericsson.lockscreen.uxpnxt/com.sonymobile.lockscreen.wallpaper.WallpaperProvider: pid=19664 uid=10155 gids={50155, 1028, 1015}
09-25 10:28:43.408 I/ActivityManager(  977): Process com.tencent.minihd.qq (pid 11137) has died.
09-25 10:28:43.408 W/ActivityManager(  977): Scheduling restart of crashed service com.tencent.minihd.qq/com.tencent.msfqq2011.im.MobileQQService in 1000ms
09-25 10:28:43.408 W/ActivityManager(  977): Scheduling restart of crashed service com.tencent.minihd.qq/com.tencent.qq.video.VcController in 11000ms
09-25 10:28:43.718 I/ActivityManager(  977): Process com.iknowing.vbuluo.pushservice (pid 27926) has died.
09-25 10:28:43.718 W/ActivityManager(  977): Scheduling restart of crashed service com.iknowing.vbuluo.android/com.igexin.sdk.SdkMainService in 20694ms
09-25 10:28:43.718 W/ActivityManager(  977): Scheduling restart of crashed service com.iknowing.vbuluo.android/sdk.download.DownloadService in 30693ms
09-25 10:28:43.718 W/ActivityManager(  977): Scheduling restart of crashed service com.iknowing.vbuluo.android/com.igexin.sdk.coordinator.SdkMsgService in 40693ms
09-25 10:28:44.149 I/ActivityManager(  977): Process com.alipay.pushservice (pid 26615) has died.
09-25 10:28:44.149 W/ActivityManager(  977): Scheduling restart of crashed service com.eg.android.AlipayGphone/com.alipay.pushsdk.push.NotificationService in 50258ms
09-25 10:28:44.439 I/ActivityManager(  977): Start proc com.tencent.minihd.qq for service com.tencent.minihd.qq/com.tencent.msfqq2011.im.MobileQQService: pid=19712 uid=10237 gids={50237, 1028, 1015, 3003}
09-25 10:28:50.398 I/ActivityManager(  977): Process com.tencent.qqgame.qqTexaswvga:xg_service_v2 (pid 27243) has died.
09-25 10:28:50.398 W/ActivityManager(  977): Scheduling restart of crashed service com.tencent.qqgame.qqTexaswvga/com.tencent.android.tpush.service.XGPushService in 1000ms
09-25 10:28:51.449 I/ActivityManager(  977): Start proc com.tencent.qqgame.qqTexaswvga:xg_service_v2 for service com.tencent.qqgame.qqTexaswvga/com.tencent.android.tpush.service.XGPushService: pid=19797 uid=10334 gids={50334, 3003, 1028, 1015, 3002}
09-25 10:28:52.228 I/PowerManagerService(  977): Waking up from sleep...
09-25 10:28:52.638 I/WindowManager(  977): Lock screen displayed!
09-25 10:28:52.728 I/ActivityManager(  977): Process com.wandoujia.phoenix2.usbproxy (pid 5140) has died.
09-25 10:28:52.728 W/ActivityManager(  977): Scheduling restart of crashed service com.wandoujia.phoenix2.usbproxy/com.wandoujia.phoenix2.services.ConnectionService in 1000ms
09-25 10:28:52.768 I/ActivityManager(  977): Process com.bohaoo.yingsanzhang:umengService_v1 (pid 26777) has died.
09-25 10:28:52.768 W/ActivityManager(  977): Scheduling restart of crashed service com.bohaoo.yingsanzhang/com.umeng.message.UmengService in 53820ms
09-25 10:28:53.019 I/EntropyMixer(  977): Writing entropy...
09-25 10:28:53.089 W/ContextImpl( 5691): Calling a method in the system process without a qualified user: android.app.ContextImpl.startService:1519 android.content.ContextWrapper.startService:494 com.sonymobile.phoneusage.service.ScreenReceiver.onReceiveInternal:23 com.sonymobile.phoneusage.service.DeviceUsageReceiver.onReceive:27 android.app.LoadedApk$ReceiverDispatcher$Args.run:781 
09-25 10:28:53.169 W/BroadcastQueue(  977): Failure sending broadcast Intent { act=android.intent.action.SCREEN_ON flg=0x50000010 }
09-25 10:28:53.169 W/BroadcastQueue(  977): android.os.DeadObjectException
09-25 10:28:53.169 W/BroadcastQueue(  977): 	at android.os.BinderProxy.transact(Native Method)
09-25 10:28:53.169 W/BroadcastQueue(  977): 	at android.content.IIntentReceiver$Stub$Proxy.performReceive(IIntentReceiver.java:124)
09-25 10:28:53.169 W/BroadcastQueue(  977): 	at com.android.server.am.BroadcastQueue.performReceiveLocked(BroadcastQueue.java:425)
09-25 10:28:53.169 W/BroadcastQueue(  977): 	at com.android.server.am.BroadcastQueue.deliverToRegisteredReceiverLocked(BroadcastQueue.java:508)
09-25 10:28:53.169 W/BroadcastQueue(  977): 	at com.android.server.am.BroadcastQueue.processNextBroadcast(BroadcastQueue.java:715)
09-25 10:28:53.169 W/BroadcastQueue(  977): 	at com.android.server.am.ActivityManagerService.finishReceiver(ActivityManagerService.java:13925)
09-25 10:28:53.169 W/BroadcastQueue(  977): 	at android.app.ActivityManagerNative.onTransact(ActivityManagerNative.java:384)
09-25 10:28:53.169 W/BroadcastQueue(  977): 	at com.android.server.am.ActivityManagerService.onTransact(ActivityManagerService.java:2091)
09-25 10:28:53.169 W/BroadcastQueue(  977): 	at android.os.Binder.execTransact(Binder.java:404)
09-25 10:28:53.169 W/BroadcastQueue(  977): 	at dalvik.system.NativeStart.run(Native Method)
09-25 10:28:53.319 I/ActivityManager(  977): Process com.google.android.gms.drive (pid 3157) has died.
09-25 10:28:53.319 W/ActivityManager(  977): Scheduling restart of crashed service com.google.android.gms/.drive.api.ApiService in 63267ms
09-25 10:28:53.359 I/ActivityManager(  977): Process com.baidu.BaiduMap:MapCoreService (pid 5031) has died.
09-25 10:28:53.359 F/ActivityManager(  977): Service ServiceRecord{46b122c0 u0 com.baidu.BaiduMap/com.baidu.location.SManager} in process ProcessRecord{447a7228 5031:com.baidu.BaiduMap:MapCoreService/u0a28} not same as in map: null
09-25 10:28:53.369 W/ActivityManager(  977): Scheduling restart of crashed service com.baidu.BaiduMap/com.baidu.location.f in 73220ms
09-25 10:28:53.439 I/ActivityManager(  977): Start proc com.sonyericsson.extras.liveware for broadcast com.sonyericsson.extras.liveware/.asf.EventReceiver: pid=19831 uid=10175 gids={50175, 3002, 3001, 3003, 1028, 1015}
09-25 10:28:53.459 I/ActivityManager(  977): Start proc com.alipay.pushservice for service com.eg.android.AlipayGphone/com.alipay.pushsdk.push.NotificationService: pid=19844 uid=10220 gids={50220, 3003, 1028, 1015, 3002, 3001}
09-25 10:28:53.479 W/BackupManagerService(  977): dataChanged but no participant pkg='com.android.providers.settings' uid=10334
09-25 10:28:53.519 I/EntropyMixer(  977): Writing entropy...
09-25 10:28:53.629 I/ActivityManager(  977): Process com.dianping.v1 (pid 11815) has died.
09-25 10:28:53.659 I/ActivityManager(  977): Process com.sonymobile.dlna (pid 31375) has died.
09-25 10:28:53.659 W/ActivityManager(  977): Scheduling restart of crashed service com.sonymobile.dlna/com.sonyericsson.dlna.partycontroller.PartyStreamingProxyService in 82932ms
09-25 10:28:53.759 I/ActivityManager(  977): Start proc com.wandoujia.phoenix2.usbproxy for service com.wandoujia.phoenix2.usbproxy/com.wandoujia.phoenix2.services.ConnectionService: pid=19864 uid=10340 gids={50340, 3003, 1028, 1015}
09-25 10:28:53.779 I/ActivityManager(  977): Process com.sonymobile.playanywhere (pid 31434) has died.
09-25 10:28:53.779 F/ActivityManager(  977): Service ServiceRecord{46a7b238 u0 com.sonymobile.playanywhere/.service.PlayAnywhereService} in process ProcessRecord{459cbfc8 31434:com.sonymobile.playanywhere/1000} not same as in map: null
09-25 10:28:53.829 D/UsbDebuggingManager(  977): Received public key: QAAAAJ1e6zlL6HGjHLohZJkFo7NsR/uPdB4Ou0Y4tgWJOygbC61h3AOj+tjfJqfO9X6oavETQ0UOWpS4WWWl9VUSMHffaj2ZR8K362CwEbzEYX+HmteRwAQYbMbYvDexGUH5duJpoBuV2VNPq6wqWtjeQTQ0dIUE2wzTh6hkI6jCHUof5GSqua6z5EykaVQCQP+OVBK+XhPCGFyjRMM6Lw9kTz54QEUcZYBkP3PSKewABHWS+3l7Gv5TG6+1Vmx3kAcGtxZxatQmV3BQ91CDo+QqpH/pMw/cxuY9NzPKY9mHw6BIvzlWthbCYVQl//J0B7R96Mn3VeJEKTSCpWaVnTABqpc1mCfAYADeJW8fA72jPJFMHR5CQDbQN9ktpPRoyyMURPIJcw4rG3AIfu7/4Fv+3mUYr7nlkFPfgm5niDvtfDQE7wtuvc/JrWdWZWjSA5PnIw6XuiIioWRlur3QJIb05mfvLEx30XlSok+1QCpz5xwcX0s6tUMhWhmRSeHcoJJHt/HqoQIcX6wjTosS3FRwbsSbHcalPE6n+JO7k2rZCRR7ldsfJ43QoslenwD8veFug9cLv5TmGWfZCAsFCO0PIW8SigLte2IK5nrBDM03Twlk+wnyG/PvsVTTanrjkP189tGgHUc0Zs8Yp5GXs1pJ4HRlAY0qzcMYK9lo0ZEwMEUtBiVDZQEAAQA= dingsongyun@Tdsy
09-25 10:28:53.829 W/ActivityManager(  977): Scheduling restart of crashed service com.sonymobile.playanywhere/.service.CrossProcessService in 1000ms
09-25 10:28:53.849 W/ContextImpl(  977): Calling a method in the system process without a qualified user: android.app.ContextImpl.startActivity:1060 com.android.server.usb.UsbDebuggingManager.showConfirmationDialog:255 com.android.server.usb.UsbDebuggingManager.access$900:45 com.android.server.usb.UsbDebuggingManager$UsbDebuggingHandler.handleMessage:211 android.os.Handler.dispatchMessage:102 
09-25 10:28:53.849 W/ContextImpl(  977): Calling a method in the system process without a qualified user: android.app.ContextImpl.startActivity:1072 android.app.ContextImpl.startActivity:1061 com.android.server.usb.UsbDebuggingManager.showConfirmationDialog:255 com.android.server.usb.UsbDebuggingManager.access$900:45 com.android.server.usb.UsbDebuggingManager$UsbDebuggingHandler.handleMessage:211 
09-25 10:28:53.849 I/ActivityManager(  977): START u0 {flg=0x10000000 cmp=com.android.systemui/.usb.UsbDebuggingActivity (has extras)} from pid 977
09-25 10:28:53.909 I/ActivityManager(  977): Process com.sonymobile.mx.android (pid 11766) has died.
09-25 10:28:53.949 W/ContextImpl(  523): Calling a method in the system process without a qualified user: android.app.ContextImpl.startService:1519 android.content.ContextWrapper.startService:494 android.content.ContextWrapper.startService:494 com.sonyericsson.usbux.service.UsbServiceReceiver.onReceive:58 android.app.ActivityThread.handleReceiver:2481 
09-25 10:28:53.979 W/ContextImpl(  523): Calling a method in the system process without a qualified user: android.app.ContextImpl.startService:1519 android.content.ContextWrapper.startService:494 android.content.ContextWrapper.startService:494 com.sonyericsson.usbux.service.UsbServiceReceiver.onReceive:58 android.app.ActivityThread.handleReceiver:2481 
09-25 10:28:54.029 W/BackupManagerService(  977): dataChanged but no participant pkg='com.android.providers.settings' uid=10334
09-25 10:28:54.109 I/ActivityManager(  977): Start proc com.android.providers.calendar for content provider com.android.providers.calendar/.CalendarProvider2: pid=19887 uid=10024 gids={50024, 3003, 1028, 1015}
09-25 10:28:54.119 W/BackupManagerService(  977): dataChanged but no participant pkg='com.android.providers.settings' uid=10334
09-25 10:28:54.159 I/ActivityManager(  977): Start proc com.wsandroid.suite for broadcast com.wsandroid.suite/com.wavesecure.core.WSAndroidReceiver: pid=19903 uid=10195 gids={50195, 3003, 1028, 1015}
09-25 10:28:54.270 I/ActivityManager(  977): Process com.sonyericsson.android.locationbasedwifi:service (pid 11799) has died.
09-25 10:28:54.330 I/ActivityManager(  977): Start proc com.sonymobile.photoanalyzer for broadcast com.sonymobile.photoanalyzer/.service.PowerReceiver: pid=19929 uid=10135 gids={50135, 1028, 1015}
09-25 10:28:54.350 I/ActivityManager(  977): Process com.sina.weibo:remote (pid 26877) has died.
09-25 10:28:54.350 W/ActivityManager(  977): Scheduling restart of crashed service com.sina.weibo/com.sina.push.service.SinaPushService in 82237ms
09-25 10:28:54.350 W/ActivityManager(  977): Scheduling restart of crashed service com.sina.weibo/.notification.hottopic.HotTopicService in 92237ms
09-25 10:28:54.430 W/BackupManagerService(  977): dataChanged but no participant pkg='com.android.providers.settings' uid=10334
09-25 10:28:54.450 I/ActivityManager(  977): Start proc com.google.android.apps.uploader for broadcast com.google.android.apps.uploader/com.google.android.picasasync.BatteryReceiver: pid=19945 uid=10071 gids={50071, 3003, 1028, 1015}
09-25 10:28:54.590 I/ActivityManager(  977): Process com.happiplay.texas (pid 11837) has died.
09-25 10:28:54.650 I/ActivityManager(  977): Start proc com.google.android.apps.plus for broadcast com.google.android.apps.plus/.iu.InstantUploadEnvironment$BatteryReceiver: pid=19977 uid=10094 gids={50094, 3003, 3002, 1028, 1015}
09-25 10:28:54.660 I/ActivityManager(  977): Process com.google.android.gms (pid 4985) has died.
09-25 10:28:54.740 I/ActivityManager(  977): Delaying start of: ServiceRecord{46ab4968 u0 com.android.providers.calendar/.EmptyService}
09-25 10:28:54.790 W/BackupManagerService(  977): dataChanged but no participant pkg='com.android.providers.settings' uid=10334
09-25 10:28:54.850 I/ActivityManager(  977): Start proc com.sonymobile.playanywhere for service com.sonymobile.playanywhere/.service.CrossProcessService: pid=20008 uid=1000 gids={41000, 2993, 3003, 1028, 1015, 3002, 3001, 2001, 3006, 1021, 3004, 3005, 1000, 3009, 1023, 1010}
09-25 10:28:54.900 W/BackupManagerService(  977): dataChanged but no participant pkg='com.android.providers.settings' uid=10334
09-25 10:28:54.980 I/ActivityManager(  977): Process com.iknowing.vbuluo.android (pid 11854) has died.
09-25 10:28:55.030 I/ActivityManager(  977): Process com.poketec.texas (pid 11317) has died.
09-25 10:28:55.030 W/ActivityManager(  977): Scheduling restart of crashed service com.poketec.texas/.service.push.PushService in 1000ms
09-25 10:28:55.060 W/ContextImpl(20008): Calling a method in the system process without a qualified user: android.app.ContextImpl.bindService:1583 android.content.ContextWrapper.bindService:517 com.sonymobile.playanywhere.service.PlayAnywhereServiceUtil.bindService:53 com.sonymobile.playanywhere.service.CrossProcessService.onCreate:85 android.app.ActivityThread.handleCreateService:2634 
09-25 10:28:55.070 I/ActivityManager(  977): Start proc android.process.acore for content provider com.android.providers.contacts/.SemcContactsProvider2: pid=20039 uid=10013 gids={50013}
09-25 10:28:55.080 I/ActivityManager(  977): Process com.sonyericsson.trackid (pid 15391) has died.
09-25 10:28:55.110 I/ActivityManager(  977): Start proc com.android.chrome for broadcast com.android.chrome/com.google.android.apps.chrome.precache.PrecacheServiceLauncher: pid=20054 uid=10030 gids={50030, 3003, 1028, 1015}
09-25 10:28:55.120 I/ActivityManager(  977): Process com.maopaoke.hsy.service (pid 29214) has died.
09-25 10:28:55.120 W/ActivityManager(  977): Scheduling restart of crashed service com.maopaoke.mpk6001578/com.maopaoke.hsy.QService in 101473ms
09-25 10:28:55.200 I/ActivityManager(  977): Process com.maopaoke.mpk6001578 (pid 11868) has died.
09-25 10:28:55.230 I/ActivityManager(  977): Process com.tencent.qqmusic (pid 11258) has died.
09-25 10:28:55.230 E/WifiService(  977): Multicaster binderDied
09-25 10:28:55.230 W/ActivityManager(  977): Scheduling restart of crashed service com.tencent.qqmusic/.common.conn.ConnectionService in 101358ms
09-25 10:28:55.561 W/ContextImpl(20008): Calling a method in the system process without a qualified user: android.app.ContextImpl.sendBroadcast:1163 android.content.ContextWrapper.sendBroadcast:365 com.sonymobile.playanywhere.enabler.WfdEnabler.sendRequestPairedList:1073 com.sonymobile.playanywhere.enabler.WfdEnabler.setup:994 com.sonymobile.playanywhere.service.PlayAnywhereSinkControllerImpl.setupEnablers:1395 
09-25 10:28:55.561 W/ContextImpl(20008): Calling a method in the system process without a qualified user: android.app.ContextImpl.bindService:1583 android.content.ContextWrapper.bindService:517 com.sonymobile.playanywhere.partystreaming.PartyStreamingUtils.bindService:35 com.sonymobile.playanywhere.service.PlayAnywhereSinkControllerImpl.setup:1149 com.sonymobile.playanywhere.service.PlayAnywhereService.onCreate:62 
09-25 10:28:55.571 I/ActivityManager(  977): Start proc com.sonymobile.dlna for service com.sonymobile.dlna/com.sonyericsson.dlna.partycontroller.PartyStreamingProxyService: pid=20096 uid=10316 gids={50316, 3003, 1028, 1015, 1023, 3002}
09-25 10:28:55.981 I/ActivityManager(  977): Process com.sonyericsson.crashmonitor (pid 13933) has died.
09-25 10:28:56.011 I/ActivityManager(  977): Process com.sonymobile.enterprise.service (pid 11421) has died.
09-25 10:28:56.011 W/ActivityManager(  977): Scheduling restart of crashed service com.sonymobile.enterprise.service/.EnterpriseService in 110583ms
09-25 10:28:56.041 I/ActivityManager(  977): Start proc com.sonyericsson.capabilities for broadcast com.sonyericsson.capabilities/.DefCapUpdaterReceiver: pid=20142 uid=10035 gids={50035, 1023, 1028, 1015}
09-25 10:28:56.071 I/ActivityManager(  977): Start proc com.poketec.texas for service com.poketec.texas/.service.push.PushService: pid=20156 uid=10337 gids={50337, 3003, 1028, 1015}
09-25 10:28:56.101 I/ActivityManager(  977): Process com.sonyericsson.tvout.mhl (pid 11785) has died.
09-25 10:28:56.532 I/ActivityManager(  977): Start proc com.sonyericsson.crashmonitor for broadcast com.sonyericsson.crashmonitor/.receiver.CrashMonitorServiceBroadcastReceiver: pid=20192 uid=10108 gids={50108, 1007, 1028, 1015, 1023}
09-25 10:28:56.562 I/ActivityManager(  977): Start proc com.google.android.gms for service com.google.android.gms/.icing.service.IndexService: pid=20205 uid=10052 gids={50052, 3007, 2001, 3003, 1007, 3006, 1028, 1015, 3002, 3001}
09-25 10:28:56.652 I/ActivityManager(  977): Delay finish: com.sonyericsson.crashmonitor/.receiver.CrashMonitorServiceBroadcastReceiver
09-25 10:28:57.673 W/ProcessCpuTracker(  977): Skipping unknown process pid 19816
09-25 10:28:57.673 W/ProcessCpuTracker(  977): Skipping unknown process pid 19818
09-25 10:28:58.614 W/InputMethodManagerService(  977): Window already focused, ignoring focus gain of: com.android.internal.view.IInputMethodClient$Stub$Proxy@45697340 attribute=android.view.inputmethod.EditorInfo@45b0d3e8, token = android.os.BinderProxy@44eeb180
09-25 10:28:58.634 I/ActivityManager(  977): Process com.sonyericsson.lockscreen.uxpnxt (pid 19664) has died.
09-25 10:29:03.338 W/ProcessCpuTracker(  977): Skipping unknown process pid 20273
09-25 10:29:03.338 W/ProcessCpuTracker(  977): Skipping unknown process pid 20275
09-25 10:29:05.751 I/ActivityManager(  977): Start proc com.bohaoo.yingsanzhang:umengService_v1 for service com.bohaoo.yingsanzhang/com.umeng.message.UmengService: pid=20288 uid=10289 gids={50289, 3003, 1028, 1015}
09-25 10:29:05.761 W/ActivityManager(  977): Unable to start service Intent { act=com.ali.android.ipp.laiwang (has extras) } U=0: not found
09-25 10:29:05.761 W/ActivityManager(  977): Unable to start service Intent { act=com.ali.android.ipp.taobao (has extras) } U=0: not found
09-25 10:29:06.612 I/ActivityManager(  977): Start proc com.iknowing.vbuluo.pushservice for service com.iknowing.vbuluo.android/com.igexin.sdk.SdkMainService: pid=20335 uid=10278 gids={50278, 1028, 1015, 3003}
09-25 10:29:06.752 E/ActivityThread(20335): Failed to find provider info for sdk.download.com.iknowing.vbuluo.android
09-25 10:29:06.762 E/ActivityThread(20335): Failed to find provider info for sdk.download.com.iknowing.vbuluo.android
09-25 10:29:06.792 E/ActivityThread(20335): Failed to find provider info for sdk.download.com.iknowing.vbuluo.android
09-25 10:29:06.922 E/ActivityThread(20335): Failed to find provider info for sdk.download.com.iknowing.vbuluo.android
09-25 10:29:06.992 E/ActivityThread(20335): Failed to find provider info for sdk.download.com.iknowing.vbuluo.android
09-25 10:29:08.463 I/ActivityManager(  977): Waited long enough for: ServiceRecord{45055178 u0 com.eg.android.AlipayGphone/com.alipay.pushsdk.push.NotificationService}
09-25 10:29:08.473 I/ActivityManager(  977): Resuming delayed broadcast
09-25 10:29:08.764 I/ActivityManager(  977): Delay finish: com.sonyericsson.crashmonitor/.receiver.CrashMonitorServiceBroadcastReceiver
09-25 10:29:09.274 I/ActivityManager(  977): Process com.sonymobile.experienceflow2 (pid 19607) has died.
09-25 10:29:09.444 I/ActivityManager(  977): Waited long enough for: ServiceRecord{46ae33d8 u0 com.sonymobile.photoanalyzer/.service.PhotoAnalyzerService}
09-25 10:29:09.444 I/ActivityManager(  977): Resuming delayed broadcast
09-25 10:29:09.464 I/ActivityManager(  977): Delay finish: com.google.android.apps.plus/.service.CameraMonitor
09-25 10:29:09.685 I/ActivityManager(  977): Resuming delayed broadcast
09-25 10:29:09.685 I/ActivityManager(  977): Delay finish: com.google.android.apps.plus/.service.CameraMonitor
09-25 10:29:09.745 I/ActivityManager(  977): Resuming delayed broadcast
09-25 10:29:09.765 I/ActivityManager(  977): Start proc com.sonymobile.tvout.wifidisplay for broadcast com.sonymobile.tvout.wifidisplay/.requesthandler.RequestHandlerReceiver: pid=20405 uid=1000 gids={41000, 2993, 3003, 1028, 1015, 3002, 3001, 2001, 3006, 1021, 3004, 3005, 1000, 3009, 1023, 1010}
09-25 10:29:09.855 W/ContextImpl(20405): Calling a method in the system process without a qualified user: android.app.ContextImpl.sendStickyBroadcast:1321 android.content.ContextWrapper.sendStickyBroadcast:427 com.sonymobile.tvout.wifidisplay.WfdApplication.onCreate:96 android.app.Instrumentation.callApplicationOnCreate:1007 android.app.ActivityThread.handleBindApplication:4478 
09-25 10:29:09.875 W/ContextImpl(20405): Calling a method in the system process without a qualified user: android.app.ContextImpl.sendStickyBroadcast:1321 android.content.ContextWrapper.sendStickyBroadcast:427 com.sonymobile.tvout.wifidisplay.WfdApplication.onCreate:109 android.app.Instrumentation.callApplicationOnCreate:1007 android.app.ActivityThread.handleBindApplication:4478 
09-25 10:29:09.875 W/ContextImpl(20405): Calling a method in the system process without a qualified user: android.app.ContextImpl.sendStickyBroadcast:1321 android.content.ContextWrapper.sendStickyBroadcast:427 com.sonymobile.tvout.wifidisplay.WfdApplication.onCreate:113 android.app.Instrumentation.callApplicationOnCreate:1007 android.app.ActivityThread.handleBindApplication:4478 
09-25 10:29:09.885 W/ContextImpl(20405): Calling a method in the system process without a qualified user: android.app.ContextImpl.startService:1519 android.content.ContextWrapper.startService:494 android.content.ContextWrapper.startService:494 com.sonymobile.tvout.wifidisplay.requesthandler.RequestHandlerReceiver.onReceive:39 android.app.ActivityThread.handleReceiver:2481 
09-25 10:29:09.885 I/ActivityManager(  977): Delay finish: com.sonymobile.tvout.wifidisplay/.requesthandler.RequestHandlerReceiver
09-25 10:29:09.885 W/ContextImpl(20405): Calling a method in the system process without a qualified user: android.app.ContextImpl.sendBroadcast:1163 android.content.ContextWrapper.sendBroadcast:365 android.content.ContextWrapper.sendBroadcast:365 com.sonymobile.tvout.wifidisplay.requesthandler.RequestHandlerService.notifyResult:535 com.sonymobile.tvout.wifidisplay.requesthandler.RequestHandlerService.handleControlFromPlayAnywhere:470 
09-25 10:29:09.905 W/ContextImpl(20405): Calling a method in the system process without a qualified user: android.app.ContextImpl.sendBroadcast:1163 android.content.ContextWrapper.sendBroadcast:365 android.content.ContextWrapper.sendBroadcast:365 com.sonymobile.tvout.wifidisplay.requesthandler.RequestHandlerService.handleControlFromPlayAnywhere:478 com.sonymobile.tvout.wifidisplay.requesthandler.RequestHandlerService.access$700:46 
09-25 10:29:09.905 I/ActivityManager(  977): Resuming delayed broadcast
09-25 10:29:09.915 I/ActivityManager(  977): Start proc com.android.calendar for broadcast com.android.calendar/.alerts.AlertReceiver: pid=20428 uid=10103 gids={50103, 3003, 1028, 1015}
09-25 10:29:10.565 I/ActivityManager(  977): Delay finish: com.android.calendar/.alerts.AlertReceiver
09-25 10:29:10.716 I/ActivityManager(  977): Resuming delayed broadcast
09-25 10:29:10.736 W/BroadcastQueue(  977): Permission Denial: broadcasting Intent { act=android.intent.action.USER_PRESENT flg=0x24000010 } from com.android.keyguard (pid=1293, uid=10243) requires com.alipay.notify.permission.BOOT_COMPLETED due to receiver com.alipay.android.app/com.alipay.notify.BroadcastActionReceiver
09-25 10:29:10.746 W/BroadcastQueue(  977): Permission Denial: broadcasting Intent { act=android.intent.action.USER_PRESENT flg=0x24000010 } from com.android.keyguard (pid=1293, uid=10243) requires com.alipay.mobile.push.permission.PUSH_EVENT due to receiver com.eg.android.AlipayGphone/com.alipay.pushsdk.BroadcastActionReceiver
09-25 10:29:10.766 I/ActivityManager(  977): Start proc com.sonymobile.mx.android for broadcast com.sonymobile.mx.android/.receivers.StopMessageReceiver: pid=20451 uid=10256 gids={50256, 3003, 1028, 1015, 3002, 3001}
09-25 10:29:10.876 I/ActivityManager(  977): Start proc com.sonyericsson.tvout.mhl for broadcast com.sonyericsson.tvout.mhl/.TvOutReceiver: pid=20473 uid=1000 gids={41000, 2993, 3003, 1028, 1015, 3002, 3001, 2001, 3006, 1021, 3004, 3005, 1000, 3009, 1023, 1010}
09-25 10:29:10.926 W/ContextImpl(  523): Calling a method in the system process without a qualified user: android.app.ContextImpl.startService:1519 android.content.ContextWrapper.startService:494 android.content.ContextWrapper.startService:494 com.sonyericsson.usbux.service.UsbServiceReceiver.onReceive:58 android.app.ActivityThread.handleReceiver:2481 
09-25 10:29:10.936 I/ActivityManager(  977): Start proc com.sonyericsson.android.locationbasedwifi:service for broadcast com.sonyericsson.android.locationbasedwifi/.LbwBroadcastReciever: pid=20489 uid=10068 gids={50068}
09-25 10:29:10.936 I/ActivityManager(  977): Waited long enough for: ServiceRecord{46b524c0 u0 com.google.android.googlequicksearchbox/com.google.android.search.core.service.SearchService}
09-25 10:29:10.956 I/ActivityManager(  977): Process android.process.acore (pid 20039) has died.
09-25 10:29:11.006 W/ContextImpl( 5691): Calling a method in the system process without a qualified user: android.app.ContextImpl.startService:1519 android.content.ContextWrapper.startService:494 android.content.ContextWrapper.startService:494 com.sonymobile.phoneusage.service.UserPresentReceiver.onReceiveInternal:21 com.sonymobile.phoneusage.service.DeviceUsageReceiver.onReceive:27 
09-25 10:29:11.016 I/ActivityManager(  977): Start proc com.dianping.v1 for broadcast com.dianping.v1/com.dianping.pushservice.PhoneStatusReceiver: pid=20504 uid=10190 gids={50190, 3003, 1028, 1015}
09-25 10:29:11.156 I/ActivityManager(  977): Start proc com.happiplay.texas for broadcast com.happiplay.texas/cn.jpush.android.service.PushReceiver: pid=20526 uid=10344 gids={50344, 3003, 1028, 1015}
09-25 10:29:11.216 I/ActivityManager(  977): Process com.sonyericsson.capabilities (pid 20142) has died.
09-25 10:29:11.246 I/ActivityManager(  977): Start proc com.iknowing.vbuluo.android for broadcast com.iknowing.vbuluo.android/com.igexin.sdk.SdkReceiver: pid=20541 uid=10278 gids={50278, 1028, 1015, 3003}
09-25 10:29:11.346 I/ActivityManager(  977): Start proc com.maopaoke.mpk6001578 for broadcast com.maopaoke.mpk6001578/com.maopaoke.hsy.QReceiver: pid=20556 uid=10312 gids={50312, 1028, 1015, 3003}
09-25 10:29:11.346 E/ActivityThread(20335): Failed to find provider info for sdk.download.com.iknowing.vbuluo.android
09-25 10:29:11.496 I/ActivityManager(  977): Start proc com.maopaoke.hsy.service for service com.maopaoke.mpk6001578/com.maopaoke.hsy.QService: pid=20574 uid=10312 gids={50312, 1028, 1015, 3003}
09-25 10:29:11.747 W/BroadcastQueue(  977): Permission Denial: broadcasting Intent { act=android.intent.action.USER_PRESENT flg=0x24000010 } from com.android.keyguard (pid=1293, uid=10243) is not exported from uid 10189 due to receiver com.tencent.android.qqdownloader/com.tencent.assistant.module.timer.ScheduleJobReceiver
09-25 10:29:12.157 I/ActivityManager(  977): Start proc com.bohaoo.yingsanzhang for broadcast com.bohaoo.yingsanzhang/com.umeng.message.UmengBroadcastReceiver: pid=20605 uid=10289 gids={50289, 3003, 1028, 1015}
09-25 10:29:12.237 I/ActivityManager(  977): Process com.android.chrome (pid 20054) has died.
09-25 10:29:12.247 I/ActivityManager(  977): Process com.google.android.apps.uploader (pid 19945) has died.
09-25 10:29:12.577 I/ActivityManager(  977): Start proc YouGuo.Zhajinhua.application for broadcast YouGuo.Zhajinhua.application/com.umeng.message.UmengBroadcastReceiver: pid=20632 uid=10286 gids={50286, 3003, 1028, 1015}
09-25 10:29:13.138 I/ActivityManager(  977): Process com.facebook.katana (pid 4725) has died.
09-25 10:29:13.138 F/ActivityManager(  977): Service ServiceRecord{46b3e9b0 u0 com.facebook.katana/com.facebook.fbservice.service.DefaultBlueService} in process ProcessRecord{459fc520 4725:com.facebook.katana/u0a322} not same as in map: null
09-25 10:29:13.408 W/ActivityManager(  977): Scheduling restart of crashed service com.facebook.katana/com.facebook.push.mqtt.MqttPushService in 1000ms
09-25 10:29:14.419 I/ActivityManager(  977): Start proc com.facebook.katana for service com.facebook.katana/com.facebook.push.mqtt.MqttPushService: pid=20663 uid=10322 gids={50322, 1028, 1015, 3003}
09-25 10:29:16.601 I/ActivityManager(  977): Process com.wsandroid.suite (pid 19903) has died.
09-25 10:29:17.512 W/BroadcastQueue(  977): Permission Denial: broadcasting Intent { act=android.net.conn.INET_CONDITION_ACTION flg=0x4000010 (has extras) } from null (pid=-1, uid=-1) requires com.facebook.permission.prod.FB_APP_COMMUNICATION due to registered receiver BroadcastFilter{456117a8 u0 ReceiverList{456216d8 20663 com.facebook.katana/10322/u0 remote:45183588}}
09-25 10:29:17.512 W/BroadcastQueue(  977): Permission Denial: broadcasting Intent { act=android.net.conn.CONNECTIVITY_CHANGE flg=0x4000010 (has extras) } from null (pid=-1, uid=-1) requires com.facebook.permission.prod.FB_APP_COMMUNICATION due to registered receiver BroadcastFilter{456117a8 u0 ReceiverList{456216d8 20663 com.facebook.katana/10322/u0 remote:45183588}}
09-25 10:29:17.522 W/BroadcastQueue(  977): Permission Denial: broadcasting Intent { act=android.net.conn.CONNECTIVITY_CHANGE flg=0x4000010 (has extras) } from null (pid=-1, uid=-1) requires com.facebook.permission.prod.FB_APP_COMMUNICATION due to registered receiver BroadcastFilter{44c58130 u0 ReceiverList{44e493d8 20663 com.facebook.katana/10322/u0 remote:450f7070}}
09-25 10:29:23.528 I/ActivityManager(  977): Delay finish: YouGuo.Zhajinhua.application/com.umeng.message.UmengBroadcastReceiver
09-25 10:29:23.558 I/ActivityManager(  977): Resuming delayed broadcast
09-25 10:29:23.888 V/NotificationService(  977): notifications are disabled by AppOps for com.tencent.android.qqdownloader
09-25 10:29:23.888 E/NotificationService(  977): Suppressing notification from package com.tencent.android.qqdownloader by user request.
09-25 10:29:28.583 W/ProcessCpuTracker(  977): Skipping unknown process pid 20791
09-25 10:29:28.583 W/ProcessCpuTracker(  977): Skipping unknown process pid 20794
09-25 10:29:28.583 W/ProcessCpuTracker(  977): Skipping unknown process pid 20799
09-25 10:29:28.583 W/ProcessCpuTracker(  977): Skipping unknown process pid 20800
09-25 10:29:28.583 W/ProcessCpuTracker(  977): Skipping unknown process pid 20803
09-25 10:29:28.583 W/ProcessCpuTracker(  977): Skipping unknown process pid 20805
09-25 10:29:34.379 I/ActivityManager(  977): Waited long enough for: ServiceRecord{45040438 u0 com.facebook.katana/com.facebook.vault.service.VaultManagerService}
09-25 10:29:56.610 I/ActivityManager(  977): Start proc com.google.android.gms.drive for service com.google.android.gms/.drive.api.ApiService: pid=20907 uid=10052 gids={50052, 3007, 2001, 3003, 1007, 3006, 1028, 1015, 3002, 3001}
09-25 10:30:06.620 I/ActivityManager(  977): Start proc com.baidu.BaiduMap:MapCoreService for service com.baidu.BaiduMap/com.baidu.location.f: pid=20983 uid=10028 gids={50028, 1028, 1015, 3003, 3002, 3001}
09-25 10:30:07.651 D/QcConnectivityService(  977): Sampling interval elapsed, updating statistics ..
09-25 10:30:07.721 I/ActivityManager(  977): Start proc com.tencent.qqmusic for service com.tencent.qqmusic/.business.unicom.TrafficStatisticsService: pid=21004 uid=10233 gids={50233, 3003, 1028, 1015}
09-25 10:30:07.721 D/QcConnectivityService(  977): Done.
09-25 10:30:07.721 D/QcConnectivityService(  977): Setting timer for 720seconds
09-25 10:30:07.791 I/ActivityManager(  977): Process com.sony.smallapp.managerservice (pid 11448) has died.
09-25 10:30:07.921 I/ActivityManager(  977): Process com.sonyericsson.android.bootinfo:remote (pid 16789) has died.
09-25 10:30:08.112 I/ActivityManager(  977): Process com.sonymobile.tvout.wifidisplay (pid 20405) has died.
09-25 10:30:16.610 I/ActivityManager(  977): Start proc com.sina.weibo:remote for service com.sina.weibo/com.sina.push.service.SinaPushService: pid=21138 uid=10326 gids={50326, 3003, 1028, 1015}
09-25 10:30:17.210 I/ActivityManager(  977): Start proc com.sina.weibo.image for broadcast com.sina.weibo/.photoalbum.PhotoInfosReceiver: pid=21167 uid=10326 gids={50326, 3003, 1028, 1015}
09-25 10:30:20.243 W/ActivityManager(  977): Unable to start service Intent { act=sina.push.action.service.null (has extras) } U=0: not found
09-25 10:30:46.619 I/ActivityManager(  977): Start proc com.sonymobile.enterprise.service for service com.sonymobile.enterprise.service/.EnterpriseService: pid=21457 uid=1000 gids={41000, 2993, 3003, 1028, 1015, 3002, 3001, 2001, 3006, 1021, 3004, 3005, 1000, 3009, 1023, 1010}
09-25 10:30:54.977 I/ActivityManager(  977): Process com.sonymobile.mx.android (pid 20451) has died.
09-25 10:31:03.996 D/QcConnectivityService(  977): handleInetConditionHoldEnd: net=1, condition=100, published condition=100
09-25 10:31:57.078 I/ActivityManager(  977): Start proc com.android.defcontainer for service com.android.defcontainer/.DefaultContainerService: pid=21802 uid=10036 gids={50036, 1028, 1015, 1023, 2001, 1035}
09-25 10:31:57.178 W/ActivityManager(  977): No content provider found for permission revoke: file:///data/local/tmp/winthree_googleplay_v1.0.0_alpha.apk
09-25 10:31:57.188 I/ActivityManager(  977): Start proc com.android.vending for broadcast com.android.vending/com.google.android.vending.verifier.PackageVerificationReceiver: pid=21816 uid=10090 gids={50090, 3003, 1028, 1015}
09-25 10:31:59.831 W/FileUtils( 6040): Failed to chmod(/storage/emulated/0/baidu/pushservice/database/pushstat_3.4.db): libcore.io.ErrnoException: chmod failed: EPERM (Operation not permitted)
09-25 10:32:02.273 I/ActivityManager(  977): Process com.sonyericsson.tvout.mhl (pid 20473) has died.
09-25 10:32:02.994 W/ActivityManager(  977): No content provider found for permission revoke: file:///data/local/tmp/winthree_googleplay_v1.0.0_alpha.apk
09-25 10:32:02.994 I/PackageManager(  977): Copying native libraries to /data/app-lib/vmdl1297975845
09-25 10:32:04.495 W/ContextImpl(  977): Calling a method in the system process without a qualified user: android.app.ContextImpl.startService:1519 android.content.ContextWrapper.startService:494 com.sonyericsson.psm.sysmonservice.SysmonActionService.doMitigationAction:278 com.sonyericsson.psm.sysmonservice.SysmonMonitor.handleCameraAction:230 com.sonyericsson.psm.sysmonservice.SysmonMonitor.handleSysmonActions:214 
09-25 10:32:04.525 I/ActivityManager(  977): Start proc com.sonyericsson.psm.sysmonservice for service com.sonyericsson.psm.sysmonservice/.SysmonActionService: pid=21908 uid=1000 gids={41000, 2993, 3003, 1028, 1015, 3002, 3001, 2001, 3006, 1021, 3004, 3005, 1000, 3009, 1023, 1010}
09-25 10:32:04.595 W/ContextImpl(21908): Calling a method in the system process without a qualified user: android.app.ContextImpl.sendBroadcast:1163 android.content.ContextWrapper.sendBroadcast:365 com.sonyericsson.psm.sysmonservice.SysmonActionService.onStartCommand:81 android.app.ActivityThread.handleServiceArgs:2764 android.app.ActivityThread.access$2100:144 
09-25 10:32:05.917 I/ActivityManager(  977): Force stopping com.starcloudcasino.winthree appid=10351 user=-1: uninstall pkg
09-25 10:32:05.917 I/ActivityManager(  977): Killing 10064:com.starcloudcasino.winthree/u0a351 (adj 8): stop com.starcloudcasino.winthree
09-25 10:32:05.917 W/ActivityManager(  977): Scheduling restart of crashed service com.starcloudcasino.winthree/cn.jpush.android.service.PushService in 1000ms
09-25 10:32:05.927 I/ActivityManager(  977):   Force stopping service ServiceRecord{45d671c8 u0 com.starcloudcasino.winthree/cn.jpush.android.service.PushService}
09-25 10:32:06.247 I/PackageManager(  977): Package com.starcloudcasino.winthree codePath changed from /data/app/com.starcloudcasino.winthree-2.apk to /data/app/com.starcloudcasino.winthree-1.apk; Retaining data and using new
09-25 10:32:09.800 I/ActivityManager(  977): Force stopping com.starcloudcasino.winthree appid=10351 user=-1: update pkg
09-25 10:32:09.800 W/PackageManager(  977): Code path for pkg : com.starcloudcasino.winthree changing from /data/app/com.starcloudcasino.winthree-2.apk to /data/app/com.starcloudcasino.winthree-1.apk
09-25 10:32:09.800 W/PackageManager(  977): Resource path for pkg : com.starcloudcasino.winthree changing from /data/app/com.starcloudcasino.winthree-2.apk to /data/app/com.starcloudcasino.winthree-1.apk
09-25 10:32:10.081 W/PackageManager(  977): Not granting permission android.permission.READ_LOGS to package com.youba.barcode (protectionLevel=50 flags=0x88be44)
09-25 10:32:10.111 W/PackageManager(  977): Unknown permission com.sonyericsson.permission.VOIPCALLLOG in package com.android.phone
09-25 10:32:10.111 W/PackageManager(  977): Unknown permission com.sonyericsson.illumination.permission.ILLUMINATION in package com.android.phone
09-25 10:32:10.111 W/PackageManager(  977): Unknown permission com.sonymobile.providers.landownerprovider.permission.READ in package com.android.phone
09-25 10:32:10.121 W/PackageManager(  977): Unknown permission com.google.android.providers.gmail.permission.READ_GMAIL in package com.mobisystems.fileman
09-25 10:32:10.131 W/PackageManager(  977): Unknown permission com.android.gallery3d.permission.GALLERY_PROVIDER in package com.android.bluetooth
09-25 10:32:10.131 W/PackageManager(  977): Unknown permission android.permission.MMS_SEND_OUTBOX_MSG in package com.android.bluetooth
09-25 10:32:10.131 W/PackageManager(  977): Not granting permission android.permission.MOUNT_UNMOUNT_FILESYSTEMS to package com.bohaoo.yingsanzhang (protectionLevel=18 flags=0x88bc44)
09-25 10:32:10.131 W/PackageManager(  977): Not granting permission android.permission.READ_LOGS to package com.bohaoo.yingsanzhang (protectionLevel=50 flags=0x88bc44)
09-25 10:32:10.141 W/PackageManager(  977): Unknown permission com.tencent.qqgame.permission.open in package com.qqgame.hlddz
09-25 10:32:10.151 W/PackageManager(  977): Unknown permission com.sonyericsson.permission.FMRADIO in package com.sonymobile.dlna
09-25 10:32:10.151 W/PackageManager(  977): Unknown permission com.sonyericsson.permission.MUSIC in package com.sonymobile.dlna
09-25 10:32:10.161 W/PackageManager(  977): Not granting permission android.permission.MOUNT_UNMOUNT_FILESYSTEMS to package in.dapai.ysz (protectionLevel=18 flags=0x80be44)
09-25 10:32:10.161 W/PackageManager(  977): Unknown permission android.permission.ACCESS_COARSE_UPDATES in package in.dapai.ysz
09-25 10:32:10.171 W/PackageManager(  977): Not granting permission android.permission.MOUNT_UNMOUNT_FILESYSTEMS to package YouGuo.Zhajinhua.application (protectionLevel=18 flags=0x88be44)
09-25 10:32:10.171 W/PackageManager(  977): Not granting permission android.permission.READ_LOGS to package YouGuo.Zhajinhua.application (protectionLevel=50 flags=0x88be44)
09-25 10:32:10.181 W/PackageManager(  977): Not granting permission android.permission.MOUNT_UNMOUNT_FILESYSTEMS to package com.bohaoo.yingsanzhang360 (protectionLevel=18 flags=0x88be44)
09-25 10:32:10.201 W/PackageManager(  977): Unknown permission com.sonyericsson.android.permission.FACERECOGNITION_SERVICE in package com.sonyericsson.android.camera3d
