06-20 19:22:18.503 V/MfLog   (13296): ConversationListFragment{41b52330 #0 id=0x36f8056f}, onCreateOptionsMenu
06-20 19:22:18.503 V/MfLog   (13296): ConversationListFragment{41b52330 #0 id=0x36f8056f}, onPrepareOptionsMenu
06-20 19:22:18.503 D/AutoSetting( 5613): service - handleMessage() incoming message, what:1
06-20 19:22:18.503 D/libc    (11545): [NET] getaddrinfo  hn 15, servname NULL, ai_family 0+
06-20 19:22:18.503 D/libc    (11545): [NET] ht 0x3130312e323237
06-20 19:22:18.503 D/libc    (11545): [NET] getaddrinfo-exit SUCCESS
06-20 19:22:18.503 D/QMI_FW  (  692): QCCI: QMI_CCI_TX: cntl_flag - 00, txn_id - 080a, msg_id - 0039, msg_len - 0021
06-20 19:22:18.503 D/QMI_FW  (  692): QCCI: QMUXD: xport_send[1 -> 16]: 40 bytes on conn_id=9
06-20 19:22:18.503 D/PowerManagerService(  692): releaseWakeLock(42396ce0): PARTIAL_WAKE_LOCK , tag=LocationManagerService, flags=0x1
06-20 19:22:18.513 D/libc    (11545): [NET] getaddrinfo  hn 15, servname NULL, ai_family 0+
06-20 19:22:18.513 D/libc    (11545): [NET] ht 0x3130312e323237
06-20 19:22:18.513 D/libc    (11545): [NET] getaddrinfo-exit SUCCESS
06-20 19:22:18.513 D/libc    (11545): [NET] getaddrinfo  hn 13, servname NULL, ai_family 0+
06-20 19:22:18.513 D/libc    (11545): [NET] ht 0x3138302e313636
06-20 19:22:18.513 D/libc    (11545): [NET] getaddrinfo-exit SUCCESS
06-20 19:22:18.513 D/AutoSetting( 5613): service - handleMessage() within range
06-20 19:22:18.523 D/HtcDeviceInfoManager(  692): ExtraUsageReceiver: FlushReceiver receive com.htc.launcher.intent.LAUNCHER_BAR_CHANGED
06-20 19:22:18.523 D/HtcDeviceInfoManager(  692): FLUSH, enableUB = 1
06-20 19:22:18.523 D/QMI_FW  (  692): QCCI: QMUXD: xport_rx[1 <- 16]: 14 bytes on conn_id: 9
06-20 19:22:18.523 D/QMI_FW  (  692): QCCI: QMI_CCI_RX: cntl_flag - 02, txn_id - 080a, msg_id - 0039, msg_len - 0007
06-20 19:22:18.533 D/MfLog   (13296): com.android.mms.ui.ConversationList@41b5f878, onPrepareOptionsMenu
06-20 19:22:18.533 V/MfLog   (13296): ConversationListFragment{41b52330 #0 id=0x36f8056f}, onPrepareOptionsMenu
06-20 19:22:18.533 D/GpsLocationProvider(  692): [reportHTCStatus] eventMask = 2 , status = 0
06-20 19:22:18.533 D/GpsLocationProvider(  692): [reportHTCStatus] INJECT_LOCATION
06-20 19:22:18.533 D/PowerManagerService(  692): releaseWakeLock(4275de48): PARTIAL_WAKE_LOCK , tag=prepareNotification_5, flags=0x1
06-20 19:22:18.533 D/QMI_FW  (  692): QCCI: QMUXD: xport_rx[1 <- 16]: 14 bytes on conn_id: 9
06-20 19:22:18.533 D/QMI_FW  (  692): QCCI: QMI_CCI_RX: cntl_flag - 04, txn_id - 0000, msg_id - 0039, msg_len - 0007
06-20 19:22:18.543 E/NotificationService(  692): Ignoring notification with icon==0: Notification(pri=0 contentView=null vibrate=null sound=null button=null defaults=0x0 flags=0x62 kind=[null])
06-20 19:22:18.543 D/PowerManagerService(  692): releaseWakeLock(42d53e78): PARTIAL_WAKE_LOCK , tag=*vibrator*, flags=0x1
06-20 19:22:18.543 D/PowerManagerService(  692): acquireWakeLock(422c0d30): PARTIAL_WAKE_LOCK , tag=prepareNotification_5, flags=0x1, pid=13296, uid=10107
06-20 19:22:18.553 D/HtcDeviceInfoManager(  692): appName: ; className: com.android.htccontacts.DialerTabActivity
06-20 19:22:18.553 D/HtcDeviceInfoManager(  692): appName: ; className: com.android.mms.ui.ConversationList
06-20 19:22:18.553 D/HtcDeviceInfoManager(  692): appName: ; className: com.android.browser.BrowserActivity
06-20 19:22:18.553 D/HtcDeviceInfoManager(  692): appName: ; className: com.android.camera.CameraEntry
06-20 19:22:18.553 D/WifiStateMachine(  692): get mPhoneStateListener
06-20 19:22:18.553 W/NetworkController.TELEPHONY_CALLBACK(  971): onSignalStrengthsChangedExt: phoneType=1 signalStrength=SignalStrength: 18 -1 -1 -1 -1 -1 -1 -1 -1 -1 -1 -1 gsm|lte
06-20 19:22:18.553 D/NetworkController.SIGNAL_ICON(  971): ------updatSignalStrength---
06-20 19:22:18.553 D/NetworkController.SIGNAL_ICON(  971): updatSignalStrength: mCdmaNoSim=false, mGsm1NoSim=false, mGsm2NoSim=true
06-20 19:22:18.563 D/CommonListView(13296): draw screenshot (null) 1
06-20 19:22:18.563 D/WifiStateMachine(  692): get mPhoneStateListener
06-20 19:22:18.563 D/NetworkController.SIGNAL_ICON(  971): updatSignalStrength: asu=18 isGsmRoaming=false gsmNetworkType=8
06-20 19:22:18.563 D/NetworkController.SIGNAL_ICON(  971): ---mapTelephonySignalStrength
06-20 19:22:18.563 D/NetworkController.SIGNAL_ICON(  971): mapTelephonySignalStrength: maxLevel=5 asu=18 networkType=HSDPA
06-20 19:22:18.563 D/NetworkController.SIGNAL_ICON(  971): mapTelephonySignalStrength: return iconLevel=5
06-20 19:22:18.563 D/NetworkController.SIGNAL_ICON(  971): updatSignalStrength: GSM1 SignalStrength: cdma_stat_sys_s1_5signal_5
06-20 19:22:18.563 I/StatusBar.NetworkController(  971): refreshSignalCluster phoneType5
06-20 19:22:18.563 I/NetworkController.ClusterView(  971): WifiVisible:true ,WifiIcon:stat_sys_wifi_signal_4,IsAirplaneMode:false ,AirplaneIcon:stat_sys_signal_flightmode,IsSlot1NoSim: false ,Slot1NoSimIcon: stat_sys_no_sim,IsSlot2NoSim: true ,Slot2NoSimIcon: stat_sys_no_sim
06-20 19:22:18.563 I/NetworkController.ClusterView(  971): Gsm1SignalVisible:true ,Gsm1SignalIcon: cdma_stat_sys_s1_5signal_5 ,Gsm1DataVisible:true ,Gsm1DataIcon: stat_sys_data_connected_3g_capability
06-20 19:22:18.563 I/NetworkController.ClusterView(  971): CdmaDataVisible: gone ,CdmaSignalVisible: gone, Gsm2SignalVisible: gone ,Gsm2SignalVisible: gone
06-20 19:22:18.563 I/StatusBar.NetworkController(  971): refreshSignalCluster phoneType1
06-20 19:22:18.563 I/NetworkController.ClusterView(  971): WifiVisible:true ,WifiIcon:stat_sys_wifi_signal_4,IsAirplaneMode:false ,AirplaneIcon:stat_sys_signal_flightmode,IsSlot1NoSim: false ,Slot1NoSimIcon: stat_sys_no_sim,IsSlot2NoSim: true ,Slot2NoSimIcon: stat_sys_no_sim
06-20 19:22:18.563 I/NetworkController.ClusterView(  971): Gsm1SignalVisible:true ,Gsm1SignalIcon: cdma_stat_sys_s1_5signal_5 ,Gsm1DataVisible:true ,Gsm1DataIcon: stat_sys_data_connected_3g_capability
06-20 19:22:18.563 I/NetworkController.ClusterView(  971): CdmaDataVisible: gone ,CdmaSignalVisible: gone, Gsm2SignalVisible: gone ,Gsm2SignalVisible: gone
06-20 19:22:18.563 D/StatusBar.NetworkController(  971): dumpIconState[mCdmaDataVisible=false mCdmaDataIconId=(null) mCdmaPhoneSignalVisible=false mCdmaSignalIconId=(null)][mGsm1DataVisible=true mGsm1DataIconId=stat_sys_data_connected_3g_capability mGsm1PhoneSignalVisible=true mGsm1SignalIconId=cdma_stat_sys_s1_5signal_5][mGsm2DataVisible=false mGsm2DataIconId=(null) mGsm2PhoneSignalVisible=false mGsm2SignalIconId=cdma_stat_sys_s2_5signal_null][wifiVisible=true wifiIconId=stat_sys_wifi_signal_4 airplaneMode=false]
06-20 19:22:18.563 W/NetworkController.TELEPHONY_CALLBACK(  971): onSignalStrengthsChangedExt: phoneType=1 signalStrength=SignalStrength: 18 -1 -1 -1 -1 -1 -1 -1 -1 -1 -1 -1 gsm|lte
06-20 19:22:18.563 D/NetworkController.SIGNAL_ICON(  971): ------updatSignalStrength---
06-20 19:22:18.563 D/NetworkController.SIGNAL_ICON(  971): updatSignalStrength: mCdmaNoSim=false, mGsm1NoSim=false, mGsm2NoSim=true
06-20 19:22:18.563 D/NetworkController.SIGNAL_ICON(  971): updatSignalStrength: asu=18 isGsmRoaming=false gsmNetworkType=8
06-20 19:22:18.563 D/NetworkController.SIGNAL_ICON(  971): ---mapTelephonySignalStrength
06-20 19:22:18.563 D/NetworkController.SIGNAL_ICON(  971): mapTelephonySignalStrength: maxLevel=5 asu=18 networkType=HSDPA
06-20 19:22:18.563 D/NetworkController.SIGNAL_ICON(  971): mapTelephonySignalStrength: return iconLevel=5
06-20 19:22:18.563 D/NetworkController.SIGNAL_ICON(  971): updatSignalStrength: GSM1 SignalStrength: cdma_stat_sys_s1_5signal_5
06-20 19:22:18.563 I/StatusBar.NetworkController(  971): refreshSignalCluster phoneType5
06-20 19:22:18.563 I/NetworkController.ClusterView(  971): WifiVisible:true ,WifiIcon:stat_sys_wifi_signal_4,IsAirplaneMode:false ,AirplaneIcon:stat_sys_signal_flightmode,IsSlot1NoSim: false ,Slot1NoSimIcon: stat_sys_no_sim,IsSlot2NoSim: true ,Slot2NoSimIcon: stat_sys_no_sim
06-20 19:22:18.563 I/NetworkController.ClusterView(  971): Gsm1SignalVisible:true ,Gsm1SignalIcon: cdma_stat_sys_s1_5signal_5 ,Gsm1DataVisible:true ,Gsm1DataIcon: stat_sys_data_connected_3g_capability
06-20 19:22:18.563 I/NetworkController.ClusterView(  971): CdmaDataVisible: gone ,CdmaSignalVisible: gone, Gsm2SignalVisible: gone ,Gsm2SignalVisible: gone
06-20 19:22:18.563 I/StatusBar.NetworkController(  971): refreshSignalCluster phoneType1
06-20 19:22:18.563 I/NetworkController.ClusterView(  971): WifiVisible:true ,WifiIcon:stat_sys_wifi_signal_4,IsAirplaneMode:false ,AirplaneIcon:stat_sys_signal_flightmode,IsSlot1NoSim: false ,Slot1NoSimIcon: stat_sys_no_sim,IsSlot2NoSim: true ,Slot2NoSimIcon: stat_sys_no_sim
06-20 19:22:18.563 I/NetworkController.ClusterView(  971): Gsm1SignalVisible:true ,Gsm1SignalIcon: cdma_stat_sys_s1_5signal_5 ,Gsm1DataVisible:true ,Gsm1DataIcon: stat_sys_data_connected_3g_capability
06-20 19:22:18.563 I/NetworkController.ClusterView(  971): CdmaDataVisible: gone ,CdmaSignalVisible: gone, Gsm2SignalVisible: gone ,Gsm2SignalVisible: gone
06-20 19:22:18.563 D/StatusBar.NetworkController(  971): dumpIconState[mCdmaDataVisible=false mCdmaDataIconId=(null) mCdmaPhoneSignalVisible=false mCdmaSignalIconId=(null)][mGsm1DataVisible=true mGsm1DataIconId=stat_sys_data_connected_3g_capability mGsm1PhoneSignalVisible=true mGsm1SignalIconId=cdma_stat_sys_s1_5signal_5][mGsm2DataVisible=false mGsm2DataIconId=(null) mGsm2PhoneSignalVisible=false mGsm2SignalIconId=cdma_stat_sys_s2_5signal_null][wifiVisible=true wifiIconId=stat_sys_wifi_signal_4 airplaneMode=false]
06-20 19:22:18.573 D/libc    (  254): [NET][SMD][v0204] Extended TTL = 43200, original TTL = 82 (expires=1403263420,expires_ext=1403306538,now=1403263338)
06-20 19:22:18.573 D/libc    (  254): [NET]_cache_add_p: entry 15 added (count=15), e=0x40040318 (e->expires=1403263420)
06-20 19:22:18.573 D/libc    (  254): [NET]res_nsend:resplen=272
06-20 19:22:18.573 D/libc    (  254): [NET]res_queryN: exit 3, ancount=13
06-20 19:22:18.573 D/libc    (  254): [NET]_dns_getaddrinfo-,0
06-20 19:22:18.573 D/libc    (  254): [NET] getaddrinfo-exit SUCCESS
06-20 19:22:18.573 D/libc    (20497): [NET]android_getaddrinfo_proxy-,1
06-20 19:22:18.573 D/libc    (20497): [NET] getaddrinfo-exit 1
06-20 19:22:18.573 I/global  (20497): call createSocket() return a new socket.
06-20 19:22:18.573 D/libc    (20497): [NET] getaddrinfo  hn 14, servname NULL, ai_family 0+
06-20 19:22:18.573 D/libc    (20497): [NET] ht 0x37342e3132352e
06-20 19:22:18.573 D/libc    (20497): [NET] getaddrinfo-exit SUCCESS
06-20 19:22:18.583 D/PowerManagerService(  692): releaseWakeLock(42567488): PARTIAL_WAKE_LOCK , tag=MicroMsg.WakerLock, flags=0x1
06-20 19:22:18.623 D/MSF.C.NetConnTag(  390): [E]netSend ssoSeq:55048 uin:*6530
06-20 19:22:18.623 D/MainService(  369): [MSF End]friendlist.getFriendGroupList,cost=840ms.
06-20 19:22:18.633 I/AutoMonitor(  369): STEP_FRIENDLIST, cost=1505
06-20 19:22:18.633 I/QQInitHandler(  369): STEP_FRIENDLIST cost: 1505 ms at:1505 ms
06-20 19:22:18.633 V/LightsService(  692): setLight #8: color=#c8c800
06-20 19:22:18.633 D/lights  (  692): set_color_led color=13158400, mode=255, off_min=0, off_sec=0
06-20 19:22:18.633 D/lights  (  692): [LedInfo] without indicator attribute, red:c80000, green:c800, blue:0
06-20 19:22:18.633 V/NotificationService(  692): Charging...
06-20 19:22:18.633 V/LightsService(  692): setLight #8: color=#c80000
06-20 19:22:18.633 D/lights  (  692): set_color_led color=13107200, mode=1, off_min=0, off_sec=0
06-20 19:22:18.633 D/lights  (  692): [LedInfo] without indicator attribute, red:c80000, green:0, blue:0
06-20 19:22:18.633 D/lights  (  692): [LedInfo] write attr ok name=/sys/class/leds/amber/brightness string=1,len=1
06-20 19:22:18.633 D/lights  (  692): [LedInfo] write attr ok name=/sys/class/leds/amber/blink string=0,len=1
06-20 19:22:18.633 D/lights  (  692): [LedInfo] write attr ok name=/sys/class/leds/amber/off_timer string=0 0,len=3
06-20 19:22:18.633 D/lights  (  692): [LedInfo] write attr ok name=/sys/class/leds/green/brightness string=0,len=1
06-20 19:22:18.633 D/lights  (  692): [LedInfo] write attr ok name=/sys/class/leds/green/blink string=0,len=1
06-20 19:22:18.633 D/lights  (  692): [LedInfo] write attr ok name=/sys/class/leds/green/off_timer string=0 0,len=3
06-20 19:22:18.633 D/PowerManagerService(  692): releaseWakeLock(425c18f8): PARTIAL_WAKE_LOCK , tag=MicroMsg.WakerLock, flags=0x1
06-20 19:22:18.643 D/MSF.C.NetConnTag(  390): [E]netSend ssoSeq:55049 uin:*6530
06-20 19:22:18.643 D/qdmemalloc(  242): ion: Allocated buffer base:0x4641a000 size:8355840 fd:40
06-20 19:22:18.643 D/qdmemalloc(  242): ion: Allocated buffer base:0x40041000 size:4096 fd:74
06-20 19:22:18.643 D/qdmemalloc(13296): ion: Mapped buffer base:0x6e05e000 size:8355840 offset:0 fd:83
06-20 19:22:18.643 D/qdmemalloc(13296): ion: Mapped buffer base:0x6df76000 size:4096 offset:0 fd:84
06-20 19:22:18.653 D/WakeLockManager( 1198): releaseWakeLock(com.htc.launcher.Launcher@41bfa5f8) tag=PrismLaunchActivity_4
06-20 19:22:18.653 D/PowerManagerService(  692): releaseHtcCpuCtrl(4331d778): CPU_MIN_NUM, tag=PrismLaunchActivity_4, flags=0x400
06-20 19:22:18.663 I/ActivityManager(  692): Displayed com.android.mms/.ui.ConversationList: +1s15ms
06-20 19:22:18.663 D/PowerManagerService(  692): releaseHtcCpuCtrl(432bedb8): CPU_MIN_FREQ, tag=PrismLaunchActivity_4, flags=0x100
06-20 19:22:18.673 V/LightsService(  692): setLight #8: color=#c8c800
06-20 19:22:18.673 D/lights  (  692): set_color_led color=13158400, mode=255, off_min=0, off_sec=0
06-20 19:22:18.673 D/lights  (  692): [LedInfo] without indicator attribute, red:c80000, green:c800, blue:0
06-20 19:22:18.673 V/NotificationService(  692): Charging...
06-20 19:22:18.673 V/LightsService(  692): setLight #8: color=#c80000
06-20 19:22:18.673 D/lights  (  692): set_color_led color=13107200, mode=1, off_min=0, off_sec=0
06-20 19:22:18.673 D/lights  (  692): [LedInfo] without indicator attribute, red:c80000, green:0, blue:0
06-20 19:22:18.673 D/lights  (  692): [LedInfo] write attr ok name=/sys/class/leds/amber/brightness string=1,len=1
06-20 19:22:18.673 D/lights  (  692): [LedInfo] write attr ok name=/sys/class/leds/amber/blink string=0,len=1
06-20 19:22:18.673 D/lights  (  692): [LedInfo] write attr ok name=/sys/class/leds/amber/off_timer string=0 0,len=3
06-20 19:22:18.673 D/lights  (  692): [LedInfo] write attr ok name=/sys/class/leds/green/brightness string=0,len=1
06-20 19:22:18.673 D/lights  (  692): [LedInfo] write attr ok name=/sys/class/leds/green/blink string=0,len=1
06-20 19:22:18.673 D/lights  (  692): [LedInfo] write attr ok name=/sys/class/leds/green/off_timer string=0 0,len=3
06-20 19:22:18.693 D/OnDemandProgressBar(  971): release indeterminate drawable android.widget.OnDemandProgressBar{41d5fbf8 G.ED.... ......I. 0,0-0,0 #102000d android:id/progress}
06-20 19:22:18.693 D/OnDemandProgressBar(  971): new OnDemandProgressBar android.widget.OnDemandProgressBar{41d5fbf8 G.ED.... ......I. 0,0-0,0 #102000d android:id/progress}
06-20 19:22:18.693 I/RemoteViews.Performance(  971): apply:com.tencent.mm prepareContext:0 inflateContent:16 performApply:3 actionsCount:12 bitmapMemory:0.144
06-20 19:22:18.703 D/MSF.C.NetConnTag(  390): [E]netRecv ssoSeq:55048 uin:*6530
06-20 19:22:18.703 D/qdmemalloc(  692): ion: Unmapping buffer  base:0x7907b000 size:8355840
06-20 19:22:18.703 D/qdmemalloc(  692): ion: Unmapping buffer  base:0x65e13000 size:4096
06-20 19:22:18.713 D/MainService(  369): [MSF End]account.RequestQueryQQBindingStat,cost=1ms.
06-20 19:22:18.723 D/qdmemalloc(  242): ion: Unmapping buffer  base:0x487f7000 size:8355840
06-20 19:22:18.723 D/qdmemalloc(  242): ion: Unmapping buffer  base:0x40ce0000 size:4096
06-20 19:22:18.723 D/qdmemalloc(  242): ion: Freeing buffer base:0x0 size:8355840 fd:43
06-20 19:22:18.723 D/qdmemalloc(  242): ion: Freeing buffer base:0x0 size:4096 fd:52
06-20 19:22:18.744 D/MSF.C.NetConnTag(  390): [E]netRecv ssoSeq:55049 uin:*6530
06-20 19:22:18.744 D/WifiStateMachine(  692): fetchRssiAndLinkSpeedNative RSSI = -47
06-20 19:22:18.744 D/WifiStateMachine(  692): fetchRssiAndLinkSpeedNative mLinkspeedCount = 1, mLinkspeedSum: 58
06-20 19:22:18.744 D/WifiStateMachine(  692): fetchRssiAndLinkSpeedNative send RSSIChange intent, SameSignalLevelCount =2
06-20 19:22:18.754 W/NetworkController.TELEPHONY_CALLBACK(  971): ------onReceive: android.net.wifi.RSSI_CHANGED
06-20 19:22:18.754 D/NetworkController.WIFI_ICON(  971): updateWifiState: action=android.net.wifi.RSSI_CHANGED newRssi=-47 freq=2412 newLevel=3 lastWifiLevel=3
06-20 19:22:18.754 I/StatusBar.NetworkController(  971): refreshSignalCluster phoneType5
06-20 19:22:18.754 I/NetworkController.ClusterView(  971): WifiVisible:true ,WifiIcon:stat_sys_wifi_signal_4,IsAirplaneMode:false ,AirplaneIcon:stat_sys_signal_flightmode,IsSlot1NoSim: false ,Slot1NoSimIcon: stat_sys_no_sim,IsSlot2NoSim: true ,Slot2NoSimIcon: stat_sys_no_sim
06-20 19:22:18.754 I/NetworkController.ClusterView(  971): Gsm1SignalVisible:true ,Gsm1SignalIcon: cdma_stat_sys_s1_5signal_5 ,Gsm1DataVisible:true ,Gsm1DataIcon: stat_sys_data_connected_3g_capability
06-20 19:22:18.754 I/NetworkController.ClusterView(  971): CdmaDataVisible: gone ,CdmaSignalVisible: gone, Gsm2SignalVisible: gone ,Gsm2SignalVisible: gone
06-20 19:22:18.754 I/StatusBar.NetworkController(  971): refreshSignalCluster phoneType1
06-20 19:22:18.754 I/NetworkController.ClusterView(  971): WifiVisible:true ,WifiIcon:stat_sys_wifi_signal_4,IsAirplaneMode:false ,AirplaneIcon:stat_sys_signal_flightmode,IsSlot1NoSim: false ,Slot1NoSimIcon: stat_sys_no_sim,IsSlot2NoSim: true ,Slot2NoSimIcon: stat_sys_no_sim
06-20 19:22:18.754 I/NetworkController.ClusterView(  971): Gsm1SignalVisible:true ,Gsm1SignalIcon: cdma_stat_sys_s1_5signal_5 ,Gsm1DataVisible:true ,Gsm1DataIcon: stat_sys_data_connected_3g_capability
06-20 19:22:18.754 I/NetworkController.ClusterView(  971): CdmaDataVisible: gone ,CdmaSignalVisible: gone, Gsm2SignalVisible: gone ,Gsm2SignalVisible: gone
06-20 19:22:18.754 D/StatusBar.NetworkController(  971): dumpIconState[mCdmaDataVisible=false mCdmaDataIconId=(null) mCdmaPhoneSignalVisible=false mCdmaSignalIconId=(null)][mGsm1DataVisible=true mGsm1DataIconId=stat_sys_data_connected_3g_capability mGsm1PhoneSignalVisible=true mGsm1SignalIconId=cdma_stat_sys_s1_5signal_5][mGsm2DataVisible=false mGsm2DataIconId=(null) mGsm2PhoneSignalVisible=false mGsm2SignalIconId=cdma_stat_sys_s2_5signal_null][wifiVisible=true wifiIconId=stat_sys_wifi_signal_4 airplaneMode=false]
06-20 19:22:18.784 D/PowerManagerService(  692): acquireWakeLock(42631cb0): PARTIAL_WAKE_LOCK , tag=MicroMsg.WakerLock, flags=0x1, pid=11545, uid=10170
06-20 19:22:18.804 D/MainService(  369): [MSF End]QQServiceDiscussSvc.ReqGetDiscuss,cost=57ms.
06-20 19:22:18.804 D/PowerManagerService(  692): acquireWakeLock(42631cb0): PARTIAL_WAKE_LOCK , tag=MicroMsg.WakerLock, flags=0x1, pid=11545, uid=10170
06-20 19:22:18.824 I/AutoMonitor(  369): STEP_DISCUSSIONLIST, cost=183
06-20 19:22:18.824 I/QQInitHandler(  369): STEP_DISCUSSIONLIST cost: 183 ms at:1688 ms
06-20 19:22:18.824 I/AutoMonitor(  369): STEP_PUBLIC_ACCOUNT_LIST, cost=1
06-20 19:22:18.824 I/QQInitHandler(  369): STEP_PUBLIC_ACCOUNT_LIST cost: 1 ms at:1689 ms
06-20 19:22:18.824 D/MSF.C.NetConnTag(  390): [E]netSend ssoSeq:55050 uin:*6530
06-20 19:22:18.824 I/AutoMonitor(  369): STEP_GET_SUBACCOUNT_GET_BIND, cost=3
06-20 19:22:18.824 I/QQInitHandler(  369): STEP_GET_SUBACCOUNT_GET_BIND cost: 3 ms at:1692 ms
06-20 19:22:18.854 D/MainService(  369): [MSF End]push.proxyRegister,cost=1ms.
06-20 19:22:18.864 E/MSF.C.PushManager(  390): [E]handlerPush also register Push 748905B7368DE7EBA9253A0B50EF9DC0iStatus:11
06-20 19:22:18.874 D/MainService(  369): [MSF End]push.register,cost=1ms.
06-20 19:22:18.874 I/AutoMonitor(  369): SETP_REGEDIT_PROXY_REGISTERPUSH, cost=46
06-20 19:22:18.874 I/QQInitHandler(  369): SETP_REGEDIT_PROXY_REGISTERPUSH cost: 46 ms at:1738 ms
06-20 19:22:18.884 I/AutoMonitor(  369): STEP_DOSOMETHING, cost=13
06-20 19:22:18.884 I/AutoMonitor(  369): STEP_SEND_REGISTER_DOSTH, cost=0
06-20 19:22:18.894 E/MSF.C.PushManager(  390): [E]handlerPush also register Push 748905B7368DE7EBA9253A0B50EF9DC0iStatus:11
06-20 19:22:18.904 D/MSF.C.NetConnTag(  390): [E]netSend ssoSeq:55053 uin:*6530
06-20 19:22:18.904 I/AutoMonitor(  369): STEP_SEND_REGISTER_PACKAGE, cost=17
06-20 19:22:18.904 D/CursorWindowStats( 6710): Allocate Cursor Window larger than default value, size: 4194304, default:2097152
06-20 19:22:18.904 D/MSF.C.NetConnTag(  390): [E]netRecv ssoSeq:55050 uin:*6530
06-20 19:22:18.904 D/CursorWindowStats( 6710): Allocate Cursor Window larger than default value, size: 4194304, default:2097152
06-20 19:22:18.914 D/PowerManagerService(  692): acquireWakeLock(42578898): PARTIAL_WAKE_LOCK , tag=MicroMsg.WakerLock, flags=0x1, pid=11545, uid=10170
06-20 19:22:18.914 D/PowerManagerService(  692): acquireWakeLock(42631cb0): PARTIAL_WAKE_LOCK , tag=MicroMsg.WakerLock, flags=0x1, pid=11545, uid=10170
06-20 19:22:18.924 D/CursorWindowStats( 6710): Allocate Cursor Window larger than default value, size: 4194304, default:2097152
06-20 19:22:18.934 D/MainService(  369): [MSF End]OidbSvc.0x7a2_0,cost=22ms.
06-20 19:22:18.934 D/PowerManagerService(  692): acquireWakeLock(429263d8): PARTIAL_WAKE_LOCK , tag=MicroMsg.WakerLock, flags=0x1, pid=11545, uid=10170
06-20 19:22:18.934 D/PowerManagerService(  692): acquireWakeLock(42631cb0): PARTIAL_WAKE_LOCK , tag=MicroMsg.WakerLock, flags=0x1, pid=11545, uid=10170
06-20 19:22:18.944 D/MainService(  369): [MSF End]MSF.getKey,cost=0ms.
06-20 19:22:18.944 D/MSF.C.NetConnTag(  390): [E]netRecv ssoSeq:-844092773 uin:*6530
06-20 19:22:18.954 D/PowerManagerService(  692): acquireWakeLock(429263d8): PARTIAL_WAKE_LOCK , tag=MicroMsg.WakerLock, flags=0x1, pid=11545, uid=10170
06-20 19:22:18.954 D/PowerManagerService(  692): acquireWakeLock(42631cb0): PARTIAL_WAKE_LOCK , tag=MicroMsg.WakerLock, flags=0x1, pid=11545, uid=10170
06-20 19:22:18.964 D/libc    (11545): [NET] getaddrinfo  hn 14, servname NULL, ai_family 0+
06-20 19:22:18.964 D/libc    (11545): [NET] ht 0x3130312e323236
06-20 19:22:18.964 D/libc    (11545): [NET] getaddrinfo-exit SUCCESS
06-20 19:22:18.964 D/libc    (11545): [NET] getaddrinfo  hn 14, servname NULL, ai_family 0+
06-20 19:22:18.964 D/libc    (11545): [NET] ht 0x3130312e323236
06-20 19:22:18.964 D/libc    (11545): [NET] getaddrinfo-exit SUCCESS
06-20 19:22:18.964 D/libc    (11545): [NET] getaddrinfo  hn 13, servname NULL, ai_family 0+
06-20 19:22:18.964 D/libc    (11545): [NET] ht 0x3138302e313636
06-20 19:22:18.964 D/libc    (11545): [NET] getaddrinfo-exit SUCCESS
06-20 19:22:18.974 D/MSF.C.SsoListManager(  390): [E]save push wifisso for socket://123.151.10.184:8080#00000:0:0:8;socket://123.151.10.148:80#00000:0:1:8;socket://123.151.10.158:8080#00000:0:0:8;socket://123.151.10.187:8080#00000:0:0:8;socket://123.151.10.184:8080#00000:0:1:8;socket://123.151.10.158:443#00000:0:1:8;socket://14.17.41.154:80#00000:0:1:8;socket://121.14.125.46:14000#00000:0:1:8;socket://101.227.160.23:8080#00000:0:1:8;socket://61.151.224.42:443#00000:0:1:8;socket://msfwifi.3g.qq.com:8080#00000:0:1:8;
06-20 19:22:18.974 D/MSF.C.NetConnTag(  390): [E]netSend ssoSeq:-844092773 uin:*6530
06-20 19:22:18.974 D/MSF.C.NetConnTag(  390): [E]netRecv ssoSeq:55053 uin:*6530
06-20 19:22:18.974 D/PowerManagerService(  692): acquireWakeLock(429263d8): PARTIAL_WAKE_LOCK , tag=MicroMsg.WakerLock, flags=0x1, pid=11545, uid=10170
06-20 19:22:18.974 D/PowerManagerService(  692): acquireWakeLock(425e7878): PARTIAL_WAKE_LOCK , tag=MicroMsg.WakerLock, flags=0x1, pid=11545, uid=10170
06-20 19:22:18.984 D/MSF.C.NetConnTag(  390): [E]netRecv ssoSeq:-1289461996 uin:*6530
06-20 19:22:18.984 D/MainService(  369): [MSF End]RegPrxySvc.infoLogin,cost=0ms.
06-20 19:22:18.984 D/MSF.C.NetConnTag(  390): [E]netRecv ssoSeq:-1289461995 uin:*6530
06-20 19:22:18.984 D/PowerManagerService(  692): acquireWakeLock(429263d8): PARTIAL_WAKE_LOCK , tag=MicroMsg.WakerLock, flags=0x1, pid=11545, uid=10170
06-20 19:22:18.994 D/libc    (11545): [NET] getaddrinfo  hn 15, servname NULL, ai_family 0+
06-20 19:22:18.994 D/libc    (11545): [NET] ht 0x3130312e323237
06-20 19:22:18.994 D/libc    (11545): [NET] getaddrinfo-exit SUCCESS
06-20 19:22:18.994 D/MessagingShortcut(13296): updateMsgShortcut, msg count> 0
06-20 19:22:18.994 D/MessagingShortcut(13296): mPresentUnreadCount: 0
06-20 19:22:18.994 D/libc    (11545): [NET] getaddrinfo  hn 15, servname NULL, ai_family 0+
06-20 19:22:18.994 D/libc    (11545): [NET] ht 0x3130312e323237
06-20 19:22:18.994 D/libc    (11545): [NET] getaddrinfo-exit SUCCESS
06-20 19:22:18.994 D/libc    (11545): [NET] getaddrinfo  hn 13, servname NULL, ai_family 0+
06-20 19:22:18.994 D/libc    (11545): [NET] ht 0x3138302e313636
06-20 19:22:18.994 D/libc    (11545): [NET] getaddrinfo-exit SUCCESS
06-20 19:22:18.994 D/MainService(  369): [MSF End]RegPrxySvc.GetMsgV2,cost=1ms.
06-20 19:22:18.994 D/MainService(  369): [MSF End]RegPrxySvc.PushParam,cost=1ms.
06-20 19:22:18.994 V/LightsService(  692): setLight #8: color=#c8c800
06-20 19:22:18.994 D/lights  (  692): set_color_led color=13158400, mode=255, off_min=0, off_sec=0
06-20 19:22:18.994 D/lights  (  692): [LedInfo] without indicator attribute, red:c80000, green:c800, blue:0
06-20 19:22:18.994 V/NotificationService(  692): Charging...
06-20 19:22:18.994 V/LightsService(  692): setLight #8: color=#c80000
06-20 19:22:18.994 D/lights  (  692): set_color_led color=13107200, mode=1, off_min=0, off_sec=0
06-20 19:22:18.994 D/lights  (  692): [LedInfo] without indicator attribute, red:c80000, green:0, blue:0
06-20 19:22:18.994 D/lights  (  692): [LedInfo] write attr ok name=/sys/class/leds/amber/brightness string=1,len=1
06-20 19:22:18.994 D/lights  (  692): [LedInfo] write attr ok name=/sys/class/leds/amber/blink string=0,len=1
06-20 19:22:18.994 D/lights  (  692): [LedInfo] write attr ok name=/sys/class/leds/amber/off_timer string=0 0,len=3
06-20 19:22:18.994 D/lights  (  692): [LedInfo] write attr ok name=/sys/class/leds/green/brightness string=0,len=1
06-20 19:22:18.994 D/lights  (  692): [LedInfo] write attr ok name=/sys/class/leds/green/blink string=0,len=1
06-20 19:22:18.994 D/lights  (  692): [LedInfo] write attr ok name=/sys/class/leds/green/off_timer string=0 0,len=3
06-20 19:22:19.004 D/PowerManagerService(  692): acquireWakeLock(429263d8): PARTIAL_WAKE_LOCK , tag=MicroMsg.WakerLock, flags=0x1, pid=11545, uid=10170
06-20 19:22:19.004 D/PowerManagerService(  692): acquireWakeLock(425e7878): PARTIAL_WAKE_LOCK , tag=MicroMsg.WakerLock, flags=0x1, pid=11545, uid=10170
06-20 19:22:19.014 D/libc    (11545): [NET] getaddrinfo  hn 15, servname NULL, ai_family 0+
06-20 19:22:19.014 D/libc    (11545): [NET] ht 0x3130312e323237
06-20 19:22:19.014 D/libc    (11545): [NET] getaddrinfo-exit SUCCESS
06-20 19:22:19.014 D/PowerManagerService(  692): acquireWakeLock(429263d8): PARTIAL_WAKE_LOCK , tag=MicroMsg.WakerLock, flags=0x1, pid=11545, uid=10170
06-20 19:22:19.024 D/libc    (11545): [NET] getaddrinfo  hn 15, servname NULL, ai_family 0+
06-20 19:22:19.024 D/libc    (11545): [NET] ht 0x3130312e323237
06-20 19:22:19.024 D/libc    (11545): [NET] getaddrinfo-exit SUCCESS
06-20 19:22:19.024 D/libc    (11545): [NET] getaddrinfo  hn 13, servname NULL, ai_family 0+
06-20 19:22:19.024 D/libc    (11545): [NET] ht 0x3138302e313636
06-20 19:22:19.024 D/libc    (11545): [NET] getaddrinfo-exit SUCCESS
06-20 19:22:19.024 D/libc    (11545): [NET] getaddrinfo  hn 14, servname NULL, ai_family 0+
06-20 19:22:19.024 D/libc    (11545): [NET] ht 0x3130312e323236
06-20 19:22:19.024 D/libc    (11545): [NET] getaddrinfo-exit SUCCESS
06-20 19:22:19.034 D/libc    (11545): [NET] getaddrinfo  hn 14, servname NULL, ai_family 0+
06-20 19:22:19.034 D/libc    (11545): [NET] ht 0x3130312e323236
06-20 19:22:19.034 D/libc    (11545): [NET] getaddrinfo-exit SUCCESS
06-20 19:22:19.034 D/libc    (11545): [NET] getaddrinfo  hn 13, servname NULL, ai_family 0+
06-20 19:22:19.034 D/libc    (11545): [NET] ht 0x3138302e313636
06-20 19:22:19.034 D/libc    (11545): [NET] getaddrinfo-exit SUCCESS
06-20 19:22:19.044 D/PowerManagerService(  692): acquireWakeLock(425e7878): PARTIAL_WAKE_LOCK , tag=MicroMsg.WakerLock, flags=0x1, pid=11545, uid=10170
06-20 19:22:19.054 D/MSF.C.NetConnTag(  390): [E]netRecv ssoSeq:-1289461994 uin:*6530
06-20 19:22:19.054 D/MainService(  369): [MSF End]RegPrxySvc.PbGetMsg,cost=0ms.
06-20 19:22:19.054 D/libc    (11545): [NET] getaddrinfo  hn 15, servname NULL, ai_family 0+
06-20 19:22:19.054 D/libc    (11545): [NET] ht 0x3130312e323237
06-20 19:22:19.054 D/libc    (11545): [NET] getaddrinfo-exit SUCCESS
06-20 19:22:19.054 D/PowerManagerService(  692): acquireWakeLock(429263d8): PARTIAL_WAKE_LOCK , tag=MicroMsg.WakerLock, flags=0x1, pid=11545, uid=10170
06-20 19:22:19.054 D/PowerManagerService(  692): acquireWakeLock(425e7878): PARTIAL_WAKE_LOCK , tag=MicroMsg.WakerLock, flags=0x1, pid=11545, uid=10170
06-20 19:22:19.064 D/libc    (11545): [NET] getaddrinfo  hn 15, servname NULL, ai_family 0+
06-20 19:22:19.064 D/libc    (11545): [NET] ht 0x3130312e323237
06-20 19:22:19.064 D/libc    (11545): [NET] getaddrinfo-exit SUCCESS
06-20 19:22:19.064 D/libc    (11545): [NET] getaddrinfo  hn 13, servname NULL, ai_family 0+
06-20 19:22:19.064 D/libc    (11545): [NET] ht 0x3138302e313636
06-20 19:22:19.064 D/libc    (11545): [NET] getaddrinfo-exit SUCCESS
06-20 19:22:19.064 D/MSF.C.NetConnTag(  390): [E]netRecv ssoSeq:-1289461993 uin:*6530
06-20 19:22:19.064 D/libc    (11545): [NET] getaddrinfo  hn 15, servname NULL, ai_family 0+
06-20 19:22:19.064 D/libc    (11545): [NET] ht 0x3130312e323237
06-20 19:22:19.064 D/libc    (11545): [NET] getaddrinfo-exit SUCCESS
06-20 19:22:19.064 D/libc    (11545): [NET] getaddrinfo  hn 15, servname NULL, ai_family 0+
06-20 19:22:19.064 D/libc    (11545): [NET] ht 0x3130312e323237
06-20 19:22:19.064 D/MSF.C.NetConnTag(  390): [E]netRecv ssoSeq:-1289461992 uin:*6530
06-20 19:22:19.064 D/libc    (11545): [NET] getaddrinfo-exit SUCCESS
06-20 19:22:19.064 D/libc    (11545): [NET] getaddrinfo  hn 13, servname NULL, ai_family 0+
06-20 19:22:19.064 D/libc    (11545): [NET] ht 0x3138302e313636
06-20 19:22:19.064 D/libc    (11545): [NET] getaddrinfo-exit SUCCESS
06-20 19:22:19.084 D/MainService(  369): [MSF End]RegPrxySvc.PullGroupMsgSeq,cost=13ms.
06-20 19:22:19.104 D/MSF.C.NetConnTag(  390): [E]netRecv ssoSeq:-844092199 uin:*6530
06-20 19:22:19.104 D/MSF.C.NetConnTag(  390): [E]netSend ssoSeq:55056 uin:*6530
06-20 19:22:19.114 D/MainService(15529): [MSF End]ConfigPushSvc.PushReq,cost=0ms.
06-20 19:22:19.114 D/MSF.C.NetConnTag(  390): [E]netSend ssoSeq:-844092199 uin:*6530
06-20 19:22:19.114 W/CpuWake (  692): >>nativeReleaseCpuPerfWakeLock()
06-20 19:22:19.114 W/CpuWake (  692): <<nativeReleaseCpuPerfWakeLock()
06-20 19:22:19.124 D/MSF.C.NetConnTag(  390): [E]netSend ssoSeq:55057 uin:*6530
06-20 19:22:19.144 D/MSF.C.NetConnTag(  390): [E]netRecv ssoSeq:-1289461991 uin:*6530
06-20 19:22:19.184 D/MSF.C.NetConnTag(  390): [E]netRecv ssoSeq:-1289461990 uin:*6530
06-20 19:22:19.194 D/MSF.C.NetConnTag(  390): [E]netRecv ssoSeq:55056 uin:*6530
06-20 19:22:19.194 D/MSF.C.NetConnTag(  390): [E]netRecv ssoSeq:-1289461989 uin:*6530
06-20 19:22:19.204 D/MainService(  369): [MSF End]RegPrxySvc.PullDisGroupSeq,cost=117ms.
06-20 19:22:19.224 D/MSF.C.NetConnTag(  390): [E]netRecv ssoSeq:-1289461988 uin:*6530
06-20 19:22:19.224 D/MSF.C.NetConnTag(  390): [E]netRecv ssoSeq:55057 uin:*6530
06-20 19:22:19.304 D/MSF.C.NetConnTag(  390): [E]netRecv ssoSeq:-1289461987 uin:*6530
06-20 19:22:19.304 D/MSF.C.NetConnTag(  390): [E]netRecv ssoSeq:-1289461986 uin:*6530
06-20 19:22:19.354 D/qdmemalloc(  242): ion: Allocated buffer base:0x46c12000 size:8355840 fd:67
06-20 19:22:19.354 D/qdmemalloc(  242): ion: Allocated buffer base:0x40048000 size:4096 fd:72
06-20 19:22:19.354 D/qdmemalloc(13296): ion: Mapped buffer base:0x6fa63000 size:8355840 offset:0 fd:86
06-20 19:22:19.354 D/qdmemalloc(13296): ion: Mapped buffer base:0x7025b000 size:4096 offset:0 fd:87
06-20 19:22:19.354 E/SQLiteLog(  369): (1) no such table: mr_friend_D005CE7AEEF46BD18515F783FB8E87FA_New
06-20 19:22:19.354 D/PowerManagerService(  692): releaseWakeLock(422c0d30): PARTIAL_WAKE_LOCK , tag=prepareNotification_5, flags=0x1
06-20 19:22:19.364 D/ConversationListFragment(13296): onDraftChanged
06-20 19:22:19.364 D/ConversationListAdapter(13296): onContentChanged, do async requery
06-20 19:22:19.364 D/ConversationListBaseFragment(13296): execute idle handler
06-20 19:22:19.364 D/MmsAsyncWorkHandler(13296): 
06-20 19:22:19.364 D/MmsAsyncWorkHandler(13296): handleMessage token = 10003
06-20 19:22:19.364 D/Jerry   (13296): query limit >date2 DESC LIMIT 500
06-20 19:22:19.364 D/MmsSmsV2Provider( 1144):  phoneType = -1
06-20 19:22:19.374 D/CursorWindowStats( 1144): Allocate Cursor Window larger than default value, size: 4194304, default:2097152
06-20 19:22:19.374 D/ConversationListBaseFragment(13296): delay >0
06-20 19:22:19.374 D/PowerManagerService(  692): releaseWakeLock(42be6408): PARTIAL_WAKE_LOCK , tag=ActivityManager-Launch, flags=0x1
06-20 19:22:19.394 W/MediaPlayer-JNI(13922): MediaPlayer finalized without being released
06-20 19:22:19.394 E/OMXNodeInstance(  258): OMX_FreeBuffer for buffer header 0x4119cf20 successful
06-20 19:22:19.394 E/OMXNodeInstance(  258): OMX_FreeBuffer for buffer header 0x40023e88 successful
06-20 19:22:19.394 E/OMXNodeInstance(  258): OMX_FreeBuffer for buffer header 0x40021428 successful
06-20 19:22:19.394 E/OMXNodeInstance(  258): OMX_FreeBuffer for buffer header 0x40003120 successful
06-20 19:22:19.394 E/OMXNodeInstance(  258): OMX_FreeBuffer for buffer header 0x42b26f18 successful
06-20 19:22:19.394 E/OMXNodeInstance(  258): OMX_FreeBuffer for buffer header 0x41179880 successful
06-20 19:22:19.394 E/OMXNodeInstance(  258): OMX_FreeBuffer for buffer header 0x411601b8 successful
06-20 19:22:19.394 E/OMXNodeInstance(  258): OMX_FreeBuffer for buffer header 0x41179dd0 successful
06-20 19:22:19.414 D/qdmemalloc(  242): ion: Allocated buffer base:0x487f7000 size:8355840 fd:78
06-20 19:22:19.414 D/qdmemalloc(  242): ion: Allocated buffer base:0x40058000 size:4096 fd:80
06-20 19:22:19.424 D/qdmemalloc(13296): ion: Mapped buffer base:0x7028c000 size:8355840 offset:0 fd:88
06-20 19:22:19.424 D/qdmemalloc(13296): ion: Mapped buffer base:0x70a84000 size:4096 offset:0 fd:89
06-20 19:22:19.424 D/ConversationListBaseFragment(13296): UIhandle message: { what=2 when=-50ms target=Handler (com.android.mms.ui.ConversationListFragment$UIHandler) {41b797d0} }
06-20 19:22:19.424 D/ConversationListFragment(13296): UIHandler:childHandleMessage> { what=2 when=-51ms target=Handler (com.android.mms.ui.ConversationListFragment$UIHandler) {41b797d0} }
06-20 19:22:19.494 D/LocationManagerService(  692): incoming location from: network
06-20 19:22:19.494 D/LocationManagerService(  692): incoming location from: network
06-20 19:22:19.494 D/PowerManagerService(  692): acquireWakeLock(42a6b3a8): PARTIAL_WAKE_LOCK , tag=LocationManagerService, flags=0x1, pid=692, uid=1000
06-20 19:22:19.494 D/PowerManagerService(  692): releaseWakeLock(42a6b3a8): PARTIAL_WAKE_LOCK , tag=LocationManagerService, flags=0x1
06-20 19:22:19.504 D/PowerManagerService(  692): acquireWakeLock(42959768): PARTIAL_WAKE_LOCK , tag=LocationManagerService, flags=0x1, pid=692, uid=1000
06-20 19:22:19.514 D/QMI_FW  (  692): QCCI: QMI_CCI_TX: cntl_flag - 00, txn_id - 080b, msg_id - 0039, msg_len - 0021
06-20 19:22:19.514 D/QMI_FW  (  692): QCCI: QMUXD: xport_send[1 -> 16]: 40 bytes on conn_id=9
06-20 19:22:19.514 D/PowerManagerService(  692): releaseWakeLock(42959768): PARTIAL_WAKE_LOCK , tag=LocationManagerService, flags=0x1
06-20 19:22:19.534 D/QMI_FW  (  692): QCCI: QMUXD: xport_rx[1 <- 16]: 14 bytes on conn_id: 9
06-20 19:22:19.534 D/QMI_FW  (  692): QCCI: QMI_CCI_RX: cntl_flag - 02, txn_id - 080b, msg_id - 0039, msg_len - 0007
06-20 19:22:19.544 D/Q.msg.MessageHandler(  369): [E]subaccount handleGetSubC2CMessageResp_PB  cookie = 
06-20 19:22:19.544 D/GpsLocationProvider(  692): [reportHTCStatus] eventMask = 2 , status = 0
06-20 19:22:19.544 D/GpsLocationProvider(  692): [reportHTCStatus] INJECT_LOCATION
06-20 19:22:19.544 E/MP3Extractor(  258): Unable to resync. Signalling end of stream.
06-20 19:22:19.544 D/QMI_FW  (  692): QCCI: QMUXD: xport_rx[1 <- 16]: 14 bytes on conn_id: 9
06-20 19:22:19.544 D/QMI_FW  (  692): QCCI: QMI_CCI_RX: cntl_flag - 04, txn_id - 0000, msg_id - 0039, msg_len - 0007
06-20 19:22:19.594 D/ConversationListBaseAdapter(13296): hasdraft> true
06-20 19:22:19.604 I/HtcModeClient( 5613): handler message = 4009
06-20 19:22:19.604 I/HtcModeClient( 5613): start to setup the connection
06-20 19:22:19.634 D/MainService(  369): [MSF End]MessageSvc.PbBindUinGetMsg,cost=437ms.
06-20 19:22:19.644 D/FMT_ADDR(  369): [E]RECEIVED PUSH: FMT SERVER ADDR LIST
06-20 19:22:19.675 D/ConversationListBaseAdapter(13296): sortCursor time: 85
06-20 19:22:19.675 D/ConversationListFragment(13296): thread count  >203
06-20 19:22:19.705 D/Q.msg.MsgProxy(  369): [E]insertToList MessageRecord=friendUin:8299senderuin:8299,istroop:1008,msgType:-3006,time:1403263499,shmsgseq:2335
06-20 19:22:19.715 D/MainService(  369): [MSF End]ConfigPushSvc.PushReq,cost=75ms.
06-20 19:22:19.715 D/MainService(  369): [MSF End]StatSvc.BindUin,cost=0ms.
06-20 19:22:19.715 D/MainService(  369): [MSF End]RegPrxySvc.PbGetGroupMsg,cost=1ms.
06-20 19:22:19.715 D/MainService(  369): [MSF End]RegPrxySvc.PbGetGroupMsg,cost=0ms.
06-20 19:22:19.715 D/MainService(  369): [MSF End]RegPrxySvc.PbGetGroupMsg,cost=0ms.
06-20 19:22:19.715 D/MainService(  369): [MSF End]RegPrxySvc.PbGetGroupMsg,cost=0ms.
06-20 19:22:19.715 D/MainService(  369): [MSF End]RegPrxySvc.PbGetDiscussMsg,cost=0ms.
06-20 19:22:19.715 D/MainService(  369): [MSF End]RegPrxySvc.NoticeEnd,cost=1ms.
06-20 19:22:19.725 D/com.android.mms.ui.HtcDateIndexer(13296): Blade Control. Finish the Handler.
06-20 19:22:19.725 E/ViewCache(13296): already preload resouce: 2130903058
06-20 19:22:19.725 D/ConversationListBaseAdapter(13296): header enable>false
06-20 19:22:19.745 D/MmsSmsV2Provider( 1144):  phoneType = -1
06-20 19:22:19.745 D/CursorWindowStats( 1144): Allocate Cursor Window larger than default value, size: 4194304, default:2097152
06-20 19:22:19.755 D/MmsSmsV2Provider( 1144):  phoneType = -1
06-20 19:22:19.755 D/MmsSmsV2Provider( 1144): Get TrashLish
06-20 19:22:19.755 D/CursorWindowStats( 1144): Allocate Cursor Window larger than default value, size: 4194304, default:2097152
06-20 19:22:19.765 E/SQLiteLog(  369): (1) no such table: mr_friend_D005CE7AEEF46BD18515F783FB8E87FA_New
06-20 19:22:19.765 I/ActivityManager(  692): Start proc com.htc.showme for broadcast com.htc.showme/.update.LocalFeedUpdateReceiver: pid=15949 uid=10135 gids={50135, 3003, 5012, 1015, 1028}
06-20 19:22:19.775 D/ConversationListBaseFragment(13296): CheckPendingStatusTask >>>>>>>>>>>>>>>>>>>>>>>>>>>>>>>>>>>>>>>>>>>>>>>>>>>>>>>>>>>>>>>>>>>>>>>>>>>
06-20 19:22:19.775 D/MmsSmsV2Provider( 1144):  phoneType = -1
06-20 19:22:19.785 D/ConversationListBaseFragment(13296): checkStatus: false, startDelete : false
06-20 19:22:19.785 E/FDManager(15949): Fail to open: /sys/fs/fd_list_lock, err: 2, msg: No such file or directory
06-20 19:22:19.785 W/FDManager(15949): Invalied fd of /sys/fs/fd_list_lock when release it
06-20 19:22:19.785 W/FDManager(15949): Invalied fd of /sys/fs/fd_list_forced_unlock when release it
06-20 19:22:19.785 W/FDManager(15949): Invalied fd of /sys/fs/fd_list_unlock when release it
06-20 19:22:19.785 E/FDManager(15949): Fail to register fd: 0, library not ready !!
06-20 19:22:19.785 E/FDManager(15949): Fail to register fd: 1, library not ready !!
06-20 19:22:19.785 E/FDManager(15949): Fail to register fd: 2, library not ready !!
06-20 19:22:19.815 D/ConversationListBaseFragment(13296): CheckPendingStatusTask <<<<<<<<<<<<<<<<<<<<<<<<<<<<<<<<<<<<<<<<<<<<<<<<<<<<<<<<<<<<<<<<<<<<<<<<<<<
06-20 19:22:19.825 D/CursorWindowStats( 6710): Allocate Cursor Window larger than default value, size: 4194304, default:2097152
06-20 19:22:19.855 D/CursorWindowStats( 6710): Allocate Cursor Window larger than default value, size: 4194304, default:2097152
06-20 19:22:19.885 D/[AppShowMeDebug]LocalFeedUpdateReceiver(15949): onReceive 
06-20 19:22:19.895 D/[AppShowMeDebug]LocalFeedUpdateService(15949): onCreate
06-20 19:22:19.895 D/[AppShowMeDebug]LocalFeedUpdateService(15949): onHandle intent
06-20 19:22:19.895 D/[AppShowMeDebug]LocalFeedUpdateReceiver(15949): onReceive 
06-20 19:22:19.895 D/[AppShowMeDebug]LocalFeedUpdateService(15949): actionToDo 1 tag topic_tag-controls-touch
06-20 19:22:19.895 D/libc    (20497): [NET] getaddrinfo  hn 26, servname NULL, ai_family 0+
06-20 19:22:19.895 D/libc    (20497): [NET] ht 0x616e64726f6964
06-20 19:22:19.895 D/libc    (20497): [NET] getaddrinfo-exit,err=8
06-20 19:22:19.905 D/[AppShowMeDebug]LocalFeedUpdateReceiver(15949): onReceive 
06-20 19:22:19.905 E/ThermalDaemon(  244): 'tsens_tz_sensor5' - raised 1 at 54.0 C
06-20 19:22:19.905 E/ThermalDaemon(  244): set CPU0 Max freq: 1134000(54.0 degC)
06-20 19:22:19.905 E/ThermalDaemon(  244): set CPU1 Max freq: 1134000(54.0 degC)
06-20 19:22:19.905 E/ThermalDaemon(  244): set CPU2 Max freq: 1134000(54.0 degC)
06-20 19:22:19.905 E/ThermalDaemon(  244): set CPU3 Max freq: 1134000(54.0 degC)
06-20 19:22:19.945 D/[AppShowMeDebug]LocalFeedUpdateService(15949): Promote not able to show
06-20 19:22:19.945 D/[AppShowMeDebug]LocalFeedUpdateService(15949): onHandle intent
06-20 19:22:19.945 D/[AppShowMeDebug]LocalFeedUpdateService(15949): actionToDo 1 tag topic_tag-messages-secure_box
06-20 19:22:19.955 D/[AppShowMeDebug]LocalFeedUpdateService(15949): Promote not able to show
06-20 19:22:19.955 D/[AppShowMeDebug]LocalFeedUpdateService(15949): onHandle intent
06-20 19:22:19.955 D/[AppShowMeDebug]LocalFeedUpdateService(15949): actionToDo 1 tag topic_tag-messages-block_list
06-20 19:22:19.955 D/PowerManagerService(  692): releaseWakeLock(42631cb0): PARTIAL_WAKE_LOCK , tag=MicroMsg.WakerLock, flags=0x1
06-20 19:22:19.965 D/[AppShowMeDebug]LocalFeedUpdateService(15949): Promote not able to show
06-20 19:22:20.025 D/MediaPlayer(13922): Mediaplayer receives message, message type: 2
06-20 19:22:20.025 D/HtcDeviceInfoManager(  692): MediaReceiver.onReceive
06-20 19:22:20.025 V/HtcDeviceInfoManager(  692): act =2 pid =13922 type=1
06-20 19:22:20.055 D/PowerManagerService(  692): releaseWakeLock(425e7878): PARTIAL_WAKE_LOCK , tag=MicroMsg.WakerLock, flags=0x1
06-20 19:22:20.095 D/Q.msg.MsgProxy(  369): [E]insertToList MessageRecord=friendUin:3528senderuin:5133,istroop:1,msgType:-1035,time:1403250453,shmsgseq:38253
06-20 19:22:20.105 D/Q.msg.MsgProxy(  369): [E]insertToList MessageRecord=friendUin:3528senderuin:9008,istroop:1,msgType:-1000,time:1403250476,shmsgseq:38254
06-20 19:22:20.115 D/Q.msg.MsgProxy(  369): [E]insertToList MessageRecord=friendUin:3528senderuin:9008,istroop:1,msgType:-1000,time:1403250492,shmsgseq:38255
06-20 19:22:20.125 D/Q.msg.MsgProxy(  369): [E]insertToList MessageRecord=friendUin:1862senderuin:4820,istroop:3000,msgType:-1000,time:1403245548,shmsgseq:820
06-20 19:22:20.135 D/Q.msg.MsgProxy(  369): [E]insertToList MessageRecord=friendUin:1862senderuin:5760,istroop:3000,msgType:-1000,time:1403245619,shmsgseq:821
06-20 19:22:20.145 D/Q.msg.MsgProxy(  369): [E]insertToList MessageRecord=friendUin:3528senderuin:6977,istroop:1,msgType:-1000,time:1403250497,shmsgseq:38256
06-20 19:22:20.145 D/Q.msg.MsgProxy(  369): [E]insertToList MessageRecord=friendUin:1862senderuin:4820,istroop:3000,msgType:-1000,time:1403245627,shmsgseq:822
06-20 19:22:20.155 D/Q.msg.MsgProxy(  369): [E]insertToList MessageRecord=friendUin:1862senderuin:4820,istroop:3000,msgType:-1000,time:1403246348,shmsgseq:823
06-20 19:22:20.155 D/Q.msg.MsgProxy(  369): [E]insertToList MessageRecord=friendUin:1862senderuin:4820,istroop:3000,msgType:-1000,time:1403246351,shmsgseq:824
06-20 19:22:20.155 D/Q.msg.MsgProxy(  369): [E]insertToList MessageRecord=friendUin:1862senderuin:4820,istroop:3000,msgType:-1000,time:1403246424,shmsgseq:825
06-20 19:22:20.155 D/Q.msg.MsgProxy(  369): [E]insertToList MessageRecord=friendUin:9196senderuin:6055,istroop:1,msgType:-1000,time:1403243716,shmsgseq:7232
06-20 19:22:20.165 D/Q.msg.MsgProxy(  369): [E]insertToList MessageRecord=friendUin:3528senderuin:6977,istroop:1,msgType:-1000,time:1403250508,shmsgseq:38257
06-20 19:22:20.165 D/Q.msg.MsgProxy(  369): [E]insertToList MessageRecord=friendUin:9196senderuin:5518,istroop:1,msgType:-1000,time:1403243840,shmsgseq:7233
06-20 19:22:20.165 D/Q.msg.MsgProxy(  369): [E]insertToList MessageRecord=friendUin:1862senderuin:5760,istroop:3000,msgType:-1000,time:1403246449,shmsgseq:826
06-20 19:22:20.175 D/Q.msg.MsgProxy(  369): [E]insertToList MessageRecord=friendUin:3528senderuin:5133,istroop:1,msgType:-1000,time:1403250521,shmsgseq:38258
06-20 19:22:20.175 D/Q.msg.MsgProxy(  369): [E]insertToList MessageRecord=friendUin:9196senderuin:6055,istroop:1,msgType:-1000,time:1403243865,shmsgseq:7234
06-20 19:22:20.175 D/Q.msg.MsgProxy(  369): [E]insertToList MessageRecord=friendUin:3528senderuin:5133,istroop:1,msgType:-1000,time:1403250560,shmsgseq:38259
06-20 19:22:20.195 D/Q.msg.MsgProxy(  369): [E]insertToList MessageRecord=friendUin:9196senderuin:4281,istroop:1,msgType:-1000,time:1403260172,shmsgseq:7235
06-20 19:22:20.205 D/Q.msg.MsgProxy(  369): [E]insertToList MessageRecord=friendUin:3528senderuin:1434,istroop:1,msgType:-1000,time:1403250669,shmsgseq:38260
06-20 19:22:20.205 I/AutoMonitor(  369): GetMessage, cost=1337
06-20 19:22:20.215 D/Q.msg.MsgProxy(  369): [E]insertToList MessageRecord=friendUin:3528senderuin:4848,istroop:1,msgType:-1000,time:1403257768,shmsgseq:38261
06-20 19:22:20.215 I/AutoMonitor(  369): SETP_REGEDIT_PROXY, cost=1337
06-20 19:22:20.215 I/QQInitHandler(  369): SETP_REGEDIT_PROXY cost: 1337 ms at:3075 ms
06-20 19:22:20.215 I/AutoMonitor(  369): SyncData, cost=3690
06-20 19:22:20.215 D/MessageHandler(  369): [E]Msg Pull Finish picPreDownloadOn
06-20 19:22:20.225 D/Q.msg.MsgProxy(  369): [E]insertToList MessageRecord=friendUin:3528senderuin:0826,istroop:1,msgType:-1000,time:1403257853,shmsgseq:38262
06-20 19:22:20.235 D/Q.msg.MsgProxy(  369): [E]insertToList MessageRecord=friendUin:4268senderuin:4592,istroop:1,msgType:-1000,time:1403260101,shmsgseq:80063
06-20 19:22:20.235 D/Q.msg.MsgProxy(  369): [E]insertToList MessageRecord=friendUin:3819senderuin:3959,istroop:1,msgType:-2000,time:1403260372,shmsgseq:1181040
06-20 19:22:20.235 D/Q.msg.MsgProxy(  369): [E]insertToList MessageRecord=friendUin:3819senderuin:3959,istroop:1,msgType:-1000,time:1403260384,shmsgseq:1181041
06-20 19:22:20.245 D/Q.msg.MsgProxy(  369): [E]insertToList MessageRecord=friendUin:3819senderuin:4528,istroop:1,msgType:-1035,time:1403260385,shmsgseq:1181042
06-20 19:22:20.245 D/Q.msg.MsgProxy(  369): [E]insertToList MessageRecord=friendUin:4268senderuin:4592,istroop:1,msgType:-1000,time:1403260120,shmsgseq:80064
06-20 19:22:20.245 D/Q.msg.MsgProxy(  369): [E]insertToList MessageRecord=friendUin:3819senderuin:4528,istroop:1,msgType:-1000,time:1403260570,shmsgseq:1181043
06-20 19:22:20.275 D/MSF.C.NetConnTag(  390): [E]netSend ssoSeq:55060 uin:*6530
06-20 19:22:20.285 D/Q.msg.MsgProxy(  369): [E]insertToList MessageRecord=friendUin:4268senderuin:4592,istroop:1,msgType:-1000,time:1403260126,shmsgseq:80065
06-20 19:22:20.295 D/Q.msg.MsgProxy(  369): [E]insertToList MessageRecord=friendUin:3819senderuin:3959,istroop:1,msgType:-1000,time:1403260619,shmsgseq:1181044
06-20 19:22:20.295 D/Q.msg.MsgProxy(  369): [E]insertToList MessageRecord=friendUin:4268senderuin:1333,istroop:1,msgType:-2000,time:1403260385,shmsgseq:80066
06-20 19:22:20.295 D/Q.msg.MsgProxy(  369): [E]insertToList MessageRecord=friendUin:4268senderuin:7015,istroop:1,msgType:-1035,time:1403260517,shmsgseq:80067
06-20 19:22:20.295 D/Q.msg.MsgProxy(  369): [E]insertToList MessageRecord=friendUin:3819senderuin:4528,istroop:1,msgType:-1035,time:1403260847,shmsgseq:1181045
06-20 19:22:20.295 D/Q.msg.MsgProxy(  369): [E]insertToList MessageRecord=friendUin:4268senderuin:4592,istroop:1,msgType:-1035,time:1403260598,shmsgseq:80068
06-20 19:22:20.295 D/Q.msg.MsgProxy(  369): [E]insertToList MessageRecord=friendUin:4268senderuin:2039,istroop:1,msgType:-1000,time:1403260624,shmsgseq:80069
06-20 19:22:20.305 D/Q.msg.MsgProxy(  369): [E]insertToList MessageRecord=friendUin:3819senderuin:3959,istroop:1,msgType:-1000,time:1403260941,shmsgseq:1181046
06-20 19:22:20.305 D/Q.msg.MsgProxy(  369): [E]insertToList MessageRecord=friendUin:4268senderuin:1333,istroop:1,msgType:-1035,time:1403260649,shmsgseq:80070
06-20 19:22:20.305 D/Q.msg.MsgProxy(  369): [E]insertToList MessageRecord=friendUin:4268senderuin:4592,istroop:1,msgType:-1000,time:1403260708,shmsgseq:80071
06-20 19:22:20.325 D/Q.msg.MsgProxy(  369): [E]insertToList MessageRecord=friendUin:4268senderuin:9420,istroop:1,msgType:-1000,time:1403260732,shmsgseq:80072
06-20 19:22:20.325 D/Q.msg.MsgProxy(  369): [E]insertToList MessageRecord=friendUin:3819senderuin:3959,istroop:1,msgType:-1000,time:1403260945,shmsgseq:1181047
06-20 19:22:20.375 I/dalvikvm-heap(13296): Grow heap (frag case) to 18.083MB for 7279216-byte allocation
06-20 19:22:20.415 D/Q.msg.MsgProxy(  369): [E]insertToList MessageRecord=friendUin:3819senderuin:3959,istroop:1,msgType:-1000,time:1403260956,shmsgseq:1181048
06-20 19:22:20.435 D/Q.msg.MsgProxy(  369): [E]insertToList MessageRecord=friendUin:3819senderuin:3959,istroop:1,msgType:-1000,time:1403260975,shmsgseq:1181049
06-20 19:22:20.445 D/MSF.C.NetConnTag(  390): [E]netRecv ssoSeq:55060 uin:*6530
06-20 19:22:20.465 D/MainService(  369): [MSF End]ProfileService.ReqGetSettings,cost=6ms.
06-20 19:22:20.495 D/LocationManagerService(  692): incoming location from: network
06-20 19:22:20.495 D/LocationManagerService(  692): incoming location from: network
