06-20 19:22:33.840 W/PackageManager(  692): Unknown permission com.htc.cloudstorage.dropbox.GET_TOKEN in package com.htc.FilePicker
06-20 19:22:33.840 W/PackageManager(  692): Unknown permission com.htc.cloudstorage.skydrive.GET_TOKEN in package com.htc.FilePicker
06-20 19:22:33.840 W/PackageManager(  692): Unknown permission com.htc.socialnetwork.permission.useprovider in package com.htc.FilePicker
06-20 19:22:33.840 W/PackageManager(  692): Unknown permission com.htc.cloudstorage.vdisk.GET_TOKEN in package com.htc.FilePicker
06-20 19:22:33.840 W/PackageManager(  692): Not granting permission android.permission.MOUNT_UNMOUNT_FILESYSTEMS to package com.sohu.sohuvideohtc (protectionLevel=18 flags=0x8be44)
06-20 19:22:33.840 W/PackageManager(  692): Not granting permission android.permission.INTERNAL_SYSTEM_WINDOW to package com.sohu.sohuvideohtc (protectionLevel=2 flags=0x8be44)
06-20 19:22:33.840 W/PackageManager(  692): Not granting permission android.permission.INSTALL_PACKAGES to package com.baidu.appsearch (protectionLevel=18 flags=0x88be44)
06-20 19:22:33.840 W/PackageManager(  692): Not granting permission android.permission.DELETE_PACKAGES to package com.baidu.appsearch (protectionLevel=18 flags=0x88be44)
06-20 19:22:33.840 W/PackageManager(  692): Not granting permission android.permission.CHANGE_COMPONENT_ENABLED_STATE to package com.baidu.appsearch (protectionLevel=18 flags=0x88be44)
06-20 19:22:33.840 W/PackageManager(  692): Not granting permission android.permission.MOUNT_UNMOUNT_FILESYSTEMS to package com.baidu.appsearch (protectionLevel=18 flags=0x88be44)
06-20 19:22:33.840 W/PackageManager(  692): Not granting permission android.permission.READ_LOGS to package com.baidu.appsearch (protectionLevel=50 flags=0x88be44)
06-20 19:22:33.840 W/PackageManager(  692): Unknown permission org.adw.launcher.permission.READ_SETTINGS in package com.baidu.appsearch
06-20 19:22:33.840 W/PackageManager(  692): Unknown permission org.adw.launcher.permission.WRITE_SETTINGS in package com.baidu.appsearch
06-20 19:22:33.840 W/PackageManager(  692): Unknown permission com.fede.launcher.permission.READ_SETTINGS in package com.baidu.appsearch
06-20 19:22:33.840 W/PackageManager(  692): Unknown permission com.fede.launcher.permission.WRITE_SETTINGS in package com.baidu.appsearch
06-20 19:22:33.840 W/PackageManager(  692): Unknown permission com.qihoo360.launcher.permission.READ_SETTINGS in package com.baidu.appsearch
06-20 19:22:33.840 W/PackageManager(  692): Unknown permission com.qihoo360.launcher.permission.WRITE_SETTINGS in package com.baidu.appsearch
06-20 19:22:33.840 W/PackageManager(  692): Unknown permission net.qihoo.launcher.permission.READ_SETTINGS in package com.baidu.appsearch
06-20 19:22:33.840 W/PackageManager(  692): Unknown permission net.qihoo.launcher.permission.WRITE_SETTINGS in package com.baidu.appsearch
06-20 19:22:33.840 W/PackageManager(  692): Unknown permission com.lge.launcher.permission.READ_SETTINGS in package com.baidu.appsearch
06-20 19:22:33.840 W/PackageManager(  692): Unknown permission com.lge.launcher.permission.WRITE_SETTINGS in package com.baidu.appsearch
06-20 19:22:33.840 W/PackageManager(  692): Unknown permission com.sec.android.app.twlauncher.settings.READ_SETTINGS in package com.baidu.appsearch
06-20 19:22:33.840 W/PackageManager(  692): Unknown permission com.sec.android.app.twlauncher.settings.WRITE_SETTINGS in package com.baidu.appsearch
06-20 19:22:33.840 W/PackageManager(  692): Unknown permission org.adwfreak.launcher.permission.READ_SETTINGS in package com.baidu.appsearch
06-20 19:22:33.840 W/PackageManager(  692): Unknown permission org.adwfreak.launcher.permission.WRITE_SETTINGS in package com.baidu.appsearch
06-20 19:22:33.840 W/PackageManager(  692): Not granting permission android.permission.FORCE_STOP_PACKAGES to package com.baidu.appsearch (protectionLevel=2 flags=0x88be44)
06-20 19:22:33.850 W/PackageManager(  692): Not granting permission android.permission.SET_ACTIVITY_WATCHER to package com.baidu.appsearch (protectionLevel=2 flags=0x88be44)
06-20 19:22:33.850 W/PackageManager(  692): Unknown permission com.htc.permission.APP_SHARED in package com.htc.htcMessageUploader
06-20 19:22:33.850 W/PackageManager(  692): Unknown permission android.permission.ACCESS_COARSE_UPDATES in package com.autonavi.xmgd.navigator.phone.HTC_android
06-20 19:22:33.850 W/PackageManager(  692): Not granting permission android.permission.BROADCAST_WAP_PUSH to package com.autonavi.xmgd.navigator.phone.HTC_android (protectionLevel=2 flags=0x88be45)
06-20 19:22:33.850 W/PackageManager(  692): Unknown permission com.htc.permission.SOCIAL_NETWORK in package com.htc.album
06-20 19:22:33.850 W/PackageManager(  692): Unknown permission android.permission.WRITE_OWNER_DATA in package com.htc.album
06-20 19:22:33.850 W/PackageManager(  692): Unknown permission android.permission.ACCESS_DRM in package com.htc.album
06-20 19:22:33.850 W/PackageManager(  692): Unknown permission com.htc.socialnetwork.permission.useprovider in package com.htc.album
06-20 19:22:33.850 W/PackageManager(  692): Unknown permission android.permission.BACKUP_DATA in package com.htc.album
06-20 19:22:33.850 W/PackageManager(  692): Unknown permission com.google.android.providers.gmail.permission.READ_GMAIL in package com.htc.album
06-20 19:22:33.850 W/PackageManager(  692): Unknown permission android.permission.INJECT_AUDIO_VOLUME_SETTINGS in package com.htc.album
06-20 19:22:33.850 W/PackageManager(  692): Unknown permission com.htc.flickr.permission.useprovider in package com.htc.album
06-20 19:22:33.850 W/PackageManager(  692): Unknown permission htc.socialnetwork.facebook.permission.SYSTEM_USE in package com.htc.album
06-20 19:22:33.850 W/PackageManager(  692): Unknown permission com.htc.vmm.service.permission.VMMEngineService in package com.htc.album
06-20 19:22:33.850 W/PackageManager(  692): Unknown permission com.htc.cloudstorage.dropbox.GET_TOKEN in package com.htc.album
06-20 19:22:33.850 W/PackageManager(  692): Unknown permission com.htc.cloudstorage.skydrive.GET_TOKEN in package com.htc.album
06-20 19:22:33.850 W/PackageManager(  692): Unknown permission com.htc.picasa.permission.USE_PICASACONTENTPROVIDER in package com.htc.album
06-20 19:22:33.850 W/PackageManager(  692): Unknown permission com.htc.family.read_permission in package com.htc.album
06-20 19:22:33.850 W/PackageManager(  692): Unknown permission com.htc.trimslow.permission.EDIT in package com.htc.album
06-20 19:22:33.850 W/PackageManager(  692): Unknown permission com.htc.android.permission.LOCATION_PICKER in package com.htc.calendar
06-20 19:22:33.850 W/PackageManager(  692): Unknown permission htc.socialnetwork.facebook.permission.SYSTEM_USE in package com.htc.calendar
06-20 19:22:33.850 W/PackageManager(  692): Unknown permission android.permission.ACCESS_NOTES in package com.htc.calendar
06-20 19:22:33.850 W/PackageManager(  692): Unknown permission com.htc.family.read_permission in package com.htc.calendar
06-20 19:22:33.850 W/PackageManager(  692): Unknown permission com.htc.permission.ACCESS_LUCY in package com.htc.calendar
06-20 19:22:33.850 W/PackageManager(  692): Unknown permission com.htc.adwagent.permission.RECEIVE_ADW_COMMAND in package com.htc.calendar
06-20 19:22:33.850 W/PackageManager(  692): Unknown permission com.htc.adwagent.permission.ACCESS_ADW_PROVIDER in package com.htc.calendar
06-20 19:22:33.850 W/PackageManager(  692): Unknown permission com.htc.permission.APP_DEFAULT in package com.htc.calendar
06-20 19:22:33.850 W/PackageManager(  692): Unknown permission com.htc.demoflo.permission.RECEIVE_DEMOFLO_STATE in package com.htc.demoflopackageinstaller
06-20 19:22:33.850 W/PackageManager(  692): Unknown permission android.permission.WRITE_OWNER_DATA in package com.iflytek.speech
06-20 19:22:33.860 W/PackageManager(  692): Not granting permission android.permission.CHANGE_CONFIGURATION to package com.dianping.v1 (protectionLevel=50 flags=0x8be44)
06-20 19:22:33.860 W/PackageManager(  692): Not granting permission android.permission.MOUNT_UNMOUNT_FILESYSTEMS to package com.locojoy.immt_a_chs (protectionLevel=18 flags=0x88be44)
06-20 19:22:33.860 W/PackageManager(  692): Not granting permission android.permission.READ_LOGS to package com.locojoy.immt_a_chs (protectionLevel=50 flags=0x88be44)
06-20 19:22:33.860 W/PackageManager(  692): Not granting permission android.permission.CHANGE_CONFIGURATION to package com.locojoy.immt_a_chs (protectionLevel=50 flags=0x88be44)
06-20 19:22:33.860 W/PackageManager(  692): Not granting permission android.permission.MOUNT_UNMOUNT_FILESYSTEMS to package com.happiplay.nine_cn (protectionLevel=18 flags=0x8be44)
06-20 19:22:33.860 W/PackageManager(  692): Unknown permission android.htc.connect_to_pc.permission.INTENT in package com.htc.htcmobilenetworkwidget
06-20 19:22:33.860 W/PackageManager(  692): Unknown permission com.dropbox.android.provider.DROPBOX_SDK_READ in package com.htc.pdfviewer
06-20 19:22:33.860 W/PackageManager(  692): Unknown permission com.htc.cloudstorage.dropbox.GET_TOKEN in package com.htc.pdfviewer
06-20 19:22:33.860 W/PackageManager(  692): Unknown permission com.htc.cloudstorage.skydrive.GET_TOKEN in package com.htc.pdfviewer
06-20 19:22:33.860 W/PackageManager(  692): Unknown permission htc.pluginmanager.permission.USER_PROVIDER in package com.htc.pdfviewer
06-20 19:22:33.860 W/PackageManager(  692): Unknown permission com.htc.socialnetwork.permission.userprovider in package com.htc.pdfviewer
06-20 19:22:33.860 W/PackageManager(  692): Unknown permission com.htc.providers.uploads.UploadProvider in package com.htc.pdfviewer
06-20 19:22:33.860 W/PackageManager(  692): Unknown permission com.htc.cloudstorage.vdisk.GET_TOKEN in package com.htc.pdfviewer
06-20 19:22:33.860 W/PackageManager(  692): Unknown permission com.android.remotecontrolservice.REMOTE_CONTROL in package com.lmi.htc.rescue
06-20 19:22:33.860 W/PackageManager(  692): Not granting permission android.permission.FORCE_STOP_PACKAGES to package com.lmi.htc.rescue (protectionLevel=2 flags=0x88be45)
06-20 19:22:33.860 W/PackageManager(  692): Not granting permission android.permission.CHANGE_CONFIGURATION to package com.boyaa.qihuo (protectionLevel=50 flags=0xbe44)
06-20 19:22:33.860 W/PackageManager(  692): Unknown permission android.permission.RECEIVE_USER_PRESENT in package com.boyaa.qihuo
06-20 19:22:33.860 W/PackageManager(  692): Not granting permission android.permission.MOUNT_UNMOUNT_FILESYSTEMS to package com.boyaa.qihuo (protectionLevel=18 flags=0xbe44)
06-20 19:22:33.860 W/PackageManager(  692): Not granting permission android.permission.READ_LOGS to package com.boyaa.qihuo (protectionLevel=50 flags=0xbe44)
06-20 19:22:33.860 W/PackageManager(  692): Unknown permission com.android.settings.permission.ACCESS_WIRELESS_DISPLAY in package com.htc.framework
06-20 19:22:33.870 W/PackageManager(  692): Unknown permission com.htc.socialnetwork.permission.useprovider in package com.htc.providers.uploads
06-20 19:22:33.870 W/PackageManager(  692): Unknown permission com.htc.cloudstorage.skydrive.GET_TOKEN in package com.htc.providers.uploads
06-20 19:22:33.870 W/PackageManager(  692): Unknown permission com.htc.cloudstorage.dropbox.GET_TOKEN in package com.htc.providers.uploads
06-20 19:22:33.870 W/PackageManager(  692): Unknown permission com.htc.memorymonitor.permission.LOW_MEMORY in package com.android.systemui
06-20 19:22:33.870 W/PackageManager(  692): Unknown permission com.htc.launcher.permission.LAUNCH_WIDGET_SETTINGS in package com.htc.widget.weatherclockagent
06-20 19:22:33.870 W/PackageManager(  692): Unknown permission android.permission.ACCESS_NETWORK_LOCATION in package com.htc.AutoMotive
06-20 19:22:33.870 W/PackageManager(  692): Unknown permission htc.permission.htcspeak.launch_setting in package com.htc.AutoMotive
06-20 19:22:33.870 W/PackageManager(  692): Unknown permission android.htc.connect_to_pc.permission.INTENT in package com.htc.AutoMotive
06-20 19:22:33.870 W/PackageManager(  692): Unknown permission com.htc.vmm.service.permission.VMMEngineService in package com.htc.AutoMotive
06-20 19:22:33.870 W/PackageManager(  692): Unknown permission com.htc.bpmrss.permission.GET_LIST in package com.htc.AutoMotive
06-20 19:22:33.870 W/PackageManager(  692): Unknown permission android.webkit.permission.PLUGIN in package com.mapbar.android.mapbarmap
06-20 19:22:33.870 W/PackageManager(  692): Unknown permission com.tencent.mtt.extension.Player in package com.mapbar.android.mapbarmap
06-20 19:22:33.870 W/PackageManager(  692): Unknown permission android.permission.READ_OWNER_DATA in package com.mapbar.android.mapbarmap
06-20 19:22:33.870 W/PackageManager(  692): Not granting permission android.permission.ACCESS_DOWNLOAD_MANAGER to package com.mapbar.android.mapbarmap (protectionLevel=18 flags=0x80bec5)
06-20 19:22:33.870 W/PackageManager(  692): Unknown permission android.webkit.permission.PLUGIN in package com.example.usercener_v3
06-20 19:22:33.870 W/PackageManager(  692): Unknown permission com.tencent.mtt.extension.Player in package com.example.usercener_v3
06-20 19:22:33.880 W/PackageManager(  692): Unknown permission android.permission.ACCESS_FIND_LOCATION in package com.example.usercener_v3
06-20 19:22:33.880 W/PackageManager(  692): Unknown permission android.permission.SYSTEM_OVERLAY_WINDOW in package com.example.usercener_v3
06-20 19:22:33.880 W/PackageManager(  692): Not granting permission android.permission.INSTALL_PACKAGES to package com.example.usercener_v3 (protectionLevel=18 flags=0xbe46)
06-20 19:22:33.880 W/PackageManager(  692): Not granting permission android.permission.DEVICE_POWER to package com.smithmicro.DM (protectionLevel=2 flags=0x88be45)
06-20 19:22:33.890 W/PackageManager(  692): Unknown permission android.permission.BACKUP_DATA in package com.htc.android.worldclock
06-20 19:22:33.890 W/PackageManager(  692): Unknown permission android.permission.ACCESS_DRM in package com.htc.android.worldclock
06-20 19:22:33.890 W/PackageManager(  692): Unknown permission htc.permission.dockmode.NEXT_ALARM in package com.htc.android.worldclock
06-20 19:22:33.890 W/PackageManager(  692): Unknown permission com.htc.flickr.permission.useprovider in package com.htc.htcdlnamiddlelayer
06-20 19:22:33.890 W/PackageManager(  692): Unknown permission htc.friendstream.permission.SYSTEM_USE in package com.htc.htcdlnamiddlelayer
06-20 19:22:33.890 W/PackageManager(  692): Unknown permission com.htc.picasa.permission.USE_PICASACONTENTPROVIDER in package com.htc.htcdlnamiddlelayer
06-20 19:22:33.890 W/PackageManager(  692): Unknown permission android.permission.ACCESS_DRM in package com.htc.htcdlnamiddlelayer
06-20 19:22:33.890 W/PackageManager(  692): Not granting permission android.permission.MOUNT_UNMOUNT_FILESYSTEMS to package com.tencent.game.rhythmmaster (protectionLevel=18 flags=0x80be44)
06-20 19:22:33.890 W/PackageManager(  692): Not granting permission android.permission.READ_LOGS to package com.tencent.game.rhythmmaster (protectionLevel=50 flags=0x80be44)
06-20 19:22:33.890 W/PackageManager(  692): Unknown permission com.htc.launcher.permission.UPDATE_SHORTCUT in package com.htc.task
06-20 19:22:33.890 W/PackageManager(  692): Unknown permission android.permission.ACCESS_ASSISTED_GPS in package com.htc.task
06-20 19:22:33.890 W/PackageManager(  692): Unknown permission android.permission.ACCESS_NETWORK_LOCATION in package com.htc.task
06-20 19:22:33.890 W/PackageManager(  692): Unknown permission android.permission.ACCESS_LOCATION in package com.htc.task
06-20 19:22:33.890 W/PackageManager(  692): Unknown permission android.permission.ACCESS_GPS in package com.htc.task
06-20 19:22:33.890 W/PackageManager(  692): Unknown permission android.permission.READ_SETTINGS in package com.taobao.taobao
06-20 19:22:33.890 W/PackageManager(  692): Unknown permission com.android.launcher2.permission.READ_SETTINGS in package com.taobao.taobao
06-20 19:22:33.890 W/PackageManager(  692): Not granting permission android.permission.CHANGE_CONFIGURATION to package com.taobao.taobao (protectionLevel=50 flags=0x8be44)
06-20 19:22:33.890 W/PackageManager(  692): Unknown permission com.taobao.taobao.permission.C2D_MESSAGE in package com.taobao.taobao
06-20 19:22:33.890 W/PackageManager(  692): Not granting permission android.permission.CHANGE_CONFIGURATION to package com.boyaa.lordland.qihoo (protectionLevel=50 flags=0xbe44)
06-20 19:22:33.890 W/PackageManager(  692): Not granting permission android.permission.READ_LOGS to package com.boyaa.lordland.qihoo (protectionLevel=50 flags=0xbe44)
06-20 19:22:33.890 W/PackageManager(  692): Not granting permission android.permission.MOUNT_UNMOUNT_FILESYSTEMS to package com.boyaa.lordland.qihoo (protectionLevel=18 flags=0xbe44)
06-20 19:22:33.890 W/PackageManager(  692): Unknown permission android.permission.RECEIVE_USER_PRESENT in package com.boyaa.lordland.qihoo
06-20 19:22:33.890 W/PackageManager(  692): Unknown permission android.permission.RECEIVE_USER_PRESENT in package com.happiplay.blackjack
06-20 19:22:33.980 D/WifiStateMachine(  692): fetchRssiAndLinkSpeedNative RSSI = -53
06-20 19:22:33.980 D/WifiStateMachine(  692): fetchRssiAndLinkSpeedNative mLinkspeedCount = 1, mLinkspeedSum: 52
06-20 19:22:34.070 W/asset   (  692): Copying FileAsset 0x721f9c10 (zip:/data/app/com.happiplay.blackjack-1.apk:/resources.arsc) to buffer size 244752 to make it aligned.
06-20 19:22:34.080 D/PhoneApp( 1144): -- PackageChangeBroadcastReceiver  action = android.intent.action.PACKAGE_ADDED
06-20 19:22:34.080 D/LauncherModel(12479): onReceive intent=Intent { act=android.intent.action.PACKAGE_ADDED dat=package: flg=0x8000010 (has extras) }
06-20 19:22:34.080 D/OnTV.CustomizationHelp_(12479): package updated, update customization
06-20 19:22:34.080 W/LauncherModel(12479): Nobody to tell about the new app.  Launcher is probably loading.
06-20 19:22:34.080 W/asset   ( 1198): Copying FileAsset 0x6f122908 (zip:/data/app/com.happiplay.blackjack-1.apk:/resources.arsc) to buffer size 244752 to make it aligned.
06-20 19:22:34.090 V/UPolicy (  692): [Eng]canLogUserProfiling, TellHtc Ui Mode is: normal
06-20 19:22:34.090 W/System.err(12479): android.content.pm.PackageManager$NameNotFoundException: ComponentInfo{com.sdgtl.watch/com.sdgtl.watch.Main}
06-20 19:22:34.090 W/System.err(12479): 	at android.app.ApplicationPackageManager.getActivityInfo(ApplicationPackageManager.java:225)
06-20 19:22:34.090 W/System.err(12479): 	at com.htc.sensetv_home.CustomizationHelper$LoadCustiomizationTask.getActivityInfo(CustomizationHelper.java:114)
06-20 19:22:34.090 W/System.err(12479): 	at com.htc.sensetv_home.CustomizationHelper$LoadCustiomizationTask.run(CustomizationHelper.java:90)
06-20 19:22:34.090 W/System.err(12479): 	at android.os.Handler.handleCallback(Handler.java:725)
06-20 19:22:34.090 W/System.err(12479): 	at android.os.Handler.dispatchMessage(Handler.java:92)
06-20 19:22:34.090 W/System.err(12479): 	at android.os.Looper.loop(Looper.java:158)
06-20 19:22:34.090 W/System.err(12479): 	at android.os.HandlerThread.run(HandlerThread.java:60)
06-20 19:22:34.090 D/OnTV.CustomizationHelp_(12479): Can't find activity: ComponentInfo{com.sdgtl.watch/com.sdgtl.watch.Main}
06-20 19:22:34.090 W/System.err(12479): android.content.pm.PackageManager$NameNotFoundException: ComponentInfo{com.google.android.youtube/com.google.android.youtube.app.honeycomb.Shell$HomeActivity}
06-20 19:22:34.090 W/System.err(12479): 	at android.app.ApplicationPackageManager.getActivityInfo(ApplicationPackageManager.java:225)
06-20 19:22:34.090 W/System.err(12479): 	at com.htc.sensetv_home.CustomizationHelper$LoadCustiomizationTask.getActivityInfo(CustomizationHelper.java:114)
06-20 19:22:34.090 W/System.err(12479): 	at com.htc.sensetv_home.CustomizationHelper$LoadCustiomizationTask.run(CustomizationHelper.java:90)
06-20 19:22:34.100 W/System.err(12479): 	at android.os.Handler.handleCallback(Handler.java:725)
06-20 19:22:34.100 W/System.err(12479): 	at android.os.Handler.dispatchMessage(Handler.java:92)
06-20 19:22:34.100 W/System.err(12479): 	at android.os.Looper.loop(Looper.java:158)
06-20 19:22:34.100 W/System.err(12479): 	at android.os.HandlerThread.run(HandlerThread.java:60)
06-20 19:22:34.100 D/OnTV.CustomizationHelp_(12479): Can't find activity: ComponentInfo{com.google.android.youtube/com.google.android.youtube.app.honeycomb.Shell$HomeActivity}
06-20 19:22:34.100 D/OnTV.CustomizationHelp_(12479): Customization browse booter Top:ComponentInfo{com.android.browser/com.android.browser.BrowserActivity}, Bottom:ComponentInfo{com.htc.album/com.htc.album.AlbumMain.ActivityMainDropList}
06-20 19:22:34.100 I/ActivityManager(  692): Start proc com.htc.htccnfilemanager for broadcast com.htc.htccnfilemanager/.FileManagerReceiver: pid=16043 uid=10041 gids={50041, 1015, 3003, 5012, 1028}
06-20 19:22:34.110 E/FDManager(16043): Fail to open: /sys/fs/fd_list_lock, err: 2, msg: No such file or directory
06-20 19:22:34.110 W/FDManager(16043): Invalied fd of /sys/fs/fd_list_lock when release it
06-20 19:22:34.110 W/FDManager(16043): Invalied fd of /sys/fs/fd_list_forced_unlock when release it
06-20 19:22:34.110 W/FDManager(16043): Invalied fd of /sys/fs/fd_list_unlock when release it
06-20 19:22:34.110 E/FDManager(16043): Fail to register fd: 0, library not ready !!
06-20 19:22:34.110 E/FDManager(16043): Fail to register fd: 1, library not ready !!
06-20 19:22:34.110 E/FDManager(16043): Fail to register fd: 2, library not ready !!
06-20 19:22:34.110 D/AccountTypeManager( 1158): Registering external account type=com.facebook.auth.login, packageName=com.facebook.katana
06-20 19:22:34.150 I/dalvikvm-heap( 1198): Grow heap (frag case) to 40.881MB for 2359312-byte allocation
06-20 19:22:34.160 I/Prism.ItemManager( 1198): loadItemsIfNotLoaded() isDelayLoad: false, isLoaded: false, isToLoad: true
06-20 19:22:34.160 I/UniformDownloadPkgInstallReceiver<FileAssistant> (  369): [E][UniformDL] package operate broadcast. action:android.intent.action.PACKAGE_ADDED pkgName:package:com.happiplay.blackjack
06-20 19:22:34.160 I/Prism.ItemManager( 1198): loadItems() com.htc.launcher.pageview.AllAppsManager@41ba9568 +
06-20 19:22:34.160 I/Prism.AllAppsManager( 1198): onLoadItems() +
06-20 19:22:34.160 I/UniformDownloadMgr<FileAssistant> (  369): [E][UniformDL] initSucDownloadInfo...
06-20 19:22:34.160 E/ThermalDaemon(  244): 'tsens_tz_sensor0' - cleared 1 at 45.0 C
06-20 19:22:34.180 W/ResourceType( 1158): getEntry failing because entryIndex 1839 is beyond type entryCount 150
06-20 19:22:34.180 W/ResourceType( 1158): Failure getting entry for 0x7f02072f (t=1 e=1839) in package 0 (error -2147483647) name=com.android.htccontacts
06-20 19:22:34.180 W/ResourceType( 1158): getEntry failing because entryIndex 1877 is beyond type entryCount 150
06-20 19:22:34.180 W/ResourceType( 1158): Failure getting entry for 0x7f020755 (t=1 e=1877) in package 0 (error -2147483647) name=com.android.htccontacts
06-20 19:22:34.180 D/AccountTypeManager( 1158): Registering external account type=com.tencent.mm.account, packageName=com.tencent.mm
06-20 19:22:34.190 D/AccountTypeManager( 1158): Registering external account type=com.htc.linkedin, packageName=com.htc.linkedin
06-20 19:22:34.200 D/AccountTypeManager( 1158): Registering external account type=com.htc.friendstream.sinaweiboplugin, packageName=com.htc.friendstream.sinaweiboplugin
06-20 19:22:34.220 D/htccnFileManager(16043): FileManagerReceiver: onReceive()...
06-20 19:22:34.220 D/htccnFileManager(16043): FileManagerReceiver: context: android.app.ReceiverRestrictedContext@41b5d568
06-20 19:22:34.220 D/Process (  692): killProcessQuiet, pid=15591
06-20 19:22:34.220 D/Process (  692): dalvik.system.VMStack.getThreadStackTrace(Native Method)
06-20 19:22:34.220 D/Process (  692): java.lang.Thread.getStackTrace(Thread.java:599)
06-20 19:22:34.220 D/Process (  692): android.os.Process.killProcessQuiet(Process.java:1034)
06-20 19:22:34.220 D/Process (  692): com.android.server.am.ActivityManagerService.updateOomAdjLocked(ActivityManagerService.java:15119)
06-20 19:22:34.220 D/Process (  692): com.android.server.am.ActivityManagerService.updateLruProcessLocked(ActivityManagerService.java:2163)
06-20 19:22:34.220 D/Process (  692): com.android.server.am.BroadcastQueue.processCurBroadcastLocked(BroadcastQueue.java:226)
06-20 19:22:34.220 D/Process (  692): com.android.server.am.BroadcastQueue.processNextBroadcast(BroadcastQueue.java:824)
06-20 19:22:34.220 D/Process (  692): com.android.server.am.ActivityManagerService.finishReceiver(ActivityManagerService.java:13295)
06-20 19:22:34.220 D/Process (  692): android.app.ActivityManagerNative.onTransact(ActivityManagerNative.java:393)
06-20 19:22:34.220 D/Process (  692): com.android.server.am.ActivityManagerService.onTransact(ActivityManagerService.java:1934)
06-20 19:22:34.220 D/Process (  692): android.os.Binder.execTransact(Binder.java:351)
06-20 19:22:34.220 D/Process (  692): dalvik.system.NativeStart.run(Native Method)
06-20 19:22:34.220 I/ActivityManager(  692): No longer want com.htc.MediaCacheService (pid 15591): empty #21
06-20 19:22:34.230 I/AccountTypeManager( 1158): Loaded meta-data for 8 account types, 4 accounts in 148ms(wall) 22ms(cpu)
06-20 19:22:34.230 D/Process (  692): killProcessQuiet, pid=15583
06-20 19:22:34.230 I/UniformDownloadMgr<FileAssistant> (  369): [E][UniformDL] initSucDownloadInfo, size:[0]
06-20 19:22:34.230 I/ActivityManager(  692): No longer want com.htc.videocenter (pid 15583): empty #21
06-20 19:22:34.250 D/Process (  692): dalvik.system.VMStack.getThreadStackTrace(Native Method)
06-20 19:22:34.250 D/Process (  692): java.lang.Thread.getStackTrace(Thread.java:599)
06-20 19:22:34.250 D/Process (  692): android.os.Process.killProcessQuiet(Process.java:1034)
06-20 19:22:34.250 D/Process (  692): com.android.server.am.ActivityManagerService.updateOomAdjLocked(ActivityManagerService.java:15119)
06-20 19:22:34.250 D/Process (  692): com.android.server.am.ActivityManagerService.updateOomAdjLocked(ActivityManagerService.java:14955)
06-20 19:22:34.250 D/Process (  692): com.android.server.am.ActiveServices.serviceDoneExecutingLocked(ActiveServices.java:1487)
06-20 19:22:34.250 D/Process (  692): com.android.server.am.ActiveServices.serviceDoneExecutingLocked(ActiveServices.java:1458)
06-20 19:22:34.250 D/Process (  692): com.android.server.am.ActivityManagerService.serviceDoneExecuting(ActivityManagerService.java:12217)
06-20 19:22:34.250 D/Process (  692): android.app.ActivityManagerNative.onTransact(ActivityManagerNative.java:844)
06-20 19:22:34.250 D/Process (  692): com.android.server.am.ActivityManagerService.onTransact(ActivityManagerService.java:1934)
06-20 19:22:34.250 D/Process (  692): android.os.Binder.execTransact(Binder.java:351)
06-20 19:22:34.250 D/Process (  692): dalvik.system.NativeStart.run(Native Method)
06-20 19:22:34.250 I/ActivityManager(  692): Recipient 15591
06-20 19:22:34.270 I/ActivityManager(  692): Recipient 15583
06-20 19:22:34.290 I/ActivityManager(  692): Start proc com.htc.providers.settings:remote for broadcast com.htc.providers.settings/.HtcCupdReceiver: pid=16057 uid=10067 gids={50067, 1028}
06-20 19:22:34.300 E/FDManager(16057): Fail to open: /sys/fs/fd_list_lock, err: 2, msg: No such file or directory
06-20 19:22:34.300 W/FDManager(16057): Invalied fd of /sys/fs/fd_list_lock when release it
06-20 19:22:34.300 W/FDManager(16057): Invalied fd of /sys/fs/fd_list_forced_unlock when release it
06-20 19:22:34.300 W/FDManager(16057): Invalied fd of /sys/fs/fd_list_unlock when release it
06-20 19:22:34.300 E/FDManager(16057): Fail to register fd: 0, library not ready !!
06-20 19:22:34.300 E/FDManager(16057): Fail to register fd: 1, library not ready !!
06-20 19:22:34.300 E/FDManager(16057): Fail to register fd: 2, library not ready !!
06-20 19:22:34.360 D/HtcCupdReceiver(Provider)(16057):  @@@@@ receive action=android.intent.action.PACKAGE_ADDED
06-20 19:22:34.360 I/ActivityManager(  692): Start proc com.svox.pico for broadcast com.svox.pico/.VoiceDataInstallerReceiver: pid=16071 uid=10116 gids={50116, 1015, 1028}
06-20 19:22:34.370 D/Process (  692): killProcessQuiet, pid=15638
06-20 19:22:34.370 D/Process (  692): dalvik.system.VMStack.getThreadStackTrace(Native Method)
06-20 19:22:34.370 D/Process (  692): java.lang.Thread.getStackTrace(Thread.java:599)
06-20 19:22:34.370 D/Process (  692): android.os.Process.killProcessQuiet(Process.java:1034)
06-20 19:22:34.370 D/Process (  692): com.android.server.am.ActivityManagerService.updateOomAdjLocked(ActivityManagerService.java:15119)
06-20 19:22:34.370 D/Process (  692): com.android.server.am.ActivityManagerService.trimApplications(ActivityManagerService.java:15316)
06-20 19:22:34.370 D/Process (  692): com.android.server.am.ActivityManagerService.finishReceiver(ActivityManagerService.java:13297)
06-20 19:22:34.370 D/Process (  692): android.app.ActivityManagerNative.onTransact(ActivityManagerNative.java:393)
06-20 19:22:34.370 D/Process (  692): com.android.server.am.ActivityManagerService.onTransact(ActivityManagerService.java:1934)
06-20 19:22:34.370 D/Process (  692): android.os.Binder.execTransact(Binder.java:351)
06-20 19:22:34.370 D/Process (  692): dalvik.system.NativeStart.run(Native Method)
06-20 19:22:34.370 E/FDManager(16071): Fail to open: /sys/fs/fd_list_lock, err: 2, msg: No such file or directory
06-20 19:22:34.370 W/FDManager(16071): Invalied fd of /sys/fs/fd_list_lock when release it
06-20 19:22:34.370 W/FDManager(16071): Invalied fd of /sys/fs/fd_list_forced_unlock when release it
06-20 19:22:34.370 W/FDManager(16071): Invalied fd of /sys/fs/fd_list_unlock when release it
06-20 19:22:34.370 E/FDManager(16071): Fail to register fd: 0, library not ready !!
06-20 19:22:34.370 E/FDManager(16071): Fail to register fd: 1, library not ready !!
06-20 19:22:34.370 E/FDManager(16071): Fail to register fd: 2, library not ready !!
06-20 19:22:34.370 I/ActivityManager(  692): No longer want com.htc.tiber2 (pid 15638): empty #21
06-20 19:22:34.380 I/ActivityManager(  692): Recipient 15638
06-20 19:22:34.390 D/Prism.CustomizationHel_( 1198): hide match : com.lmi.htc.rescue
06-20 19:22:34.390 I/Prism.AllAppsManager( 1198): onLoadItems() -
06-20 19:22:34.390 I/Prism.ItemManager( 1198): loadItems() com.htc.launcher.pageview.AllAppsManager@41ba9568 -
06-20 19:22:34.390 I/Prism.ItemManager( 1198): loadItemsIfNotLoaded() isDelayLoad: false, isLoaded: false, isToLoad: true
06-20 19:22:34.390 I/Prism.ItemManager( 1198): loadItems() com.htc.launcher.pageview.ShortcutManager@41bab8a8 +
06-20 19:22:34.390 I/Prism.ShortcutManager( 1198): onLoadItems() +
06-20 19:22:34.390 I/Prism.ShortcutManager( 1198): onLoadItems() -
06-20 19:22:34.390 I/Prism.ItemManager( 1198): loadItems() com.htc.launcher.pageview.ShortcutManager@41bab8a8 -
06-20 19:22:34.410 W/asset   (  692): Copying FileAsset 0x76a8d7e8 (zip:/data/app/com.sina.weibog3-1.apk:/resources.arsc) to buffer size 891284 to make it aligned.
06-20 19:22:34.430 W/Searchables(  692): No global search activity found
06-20 19:22:34.430 D/Launcher.Model( 1198): onReceive intent=Intent { act=android.search.action.SEARCHABLES_CHANGED flg=0x28000010 }
06-20 19:22:34.440 D/Process (  692): killProcessQuiet, pid=15662
06-20 19:22:34.440 D/Process (  692): dalvik.system.VMStack.getThreadStackTrace(Native Method)
06-20 19:22:34.440 D/Process (  692): java.lang.Thread.getStackTrace(Thread.java:599)
06-20 19:22:34.440 D/Process (  692): android.os.Process.killProcessQuiet(Process.java:1034)
06-20 19:22:34.440 D/Process (  692): com.android.server.am.ActivityManagerService.updateOomAdjLocked(ActivityManagerService.java:15119)
06-20 19:22:34.440 D/Process (  692): com.android.server.am.ActivityManagerService.updateLruProcessLocked(ActivityManagerService.java:2163)
06-20 19:22:34.440 D/Process (  692): com.android.server.am.BroadcastQueue.processCurBroadcastLocked(BroadcastQueue.java:226)
06-20 19:22:34.440 D/Process (  692): com.android.server.am.BroadcastQueue.processNextBroadcast(BroadcastQueue.java:824)
06-20 19:22:34.440 D/Process (  692): com.android.server.am.ActivityManagerService.finishReceiver(ActivityManagerService.java:13295)
06-20 19:22:34.440 D/Process (  692): android.app.ActivityManagerNative.onTransact(ActivityManagerNative.java:393)
06-20 19:22:34.440 D/Process (  692): com.android.server.am.ActivityManagerService.onTransact(ActivityManagerService.java:1934)
06-20 19:22:34.440 D/Process (  692): android.os.Binder.execTransact(Binder.java:351)
06-20 19:22:34.440 D/Process (  692): dalvik.system.NativeStart.run(Native Method)
06-20 19:22:34.440 I/ActivityManager(  692): No longer want com.htc.shoebox.engine.relevance (pid 15662): empty #21
06-20 19:22:34.450 W/GeocoderProxy(  692): com.google.android.gms resolves service com.android.location.service.GeocodeProvider, but has wrong signature, ignoring
06-20 19:22:34.450 I/[PluginManager]RegisterService( 5613): onHandleIntent, action: android.intent.action.PACKAGE_ADDED, data: package:com.happiplay.blackjack
06-20 19:22:34.450 I/Comm    (16026): [ main: SSnsReceiver.java:82 onSnsReceiver ] - package changed action=android.intent.action.PACKAGE_ADDED
06-20 19:22:34.450 I/Comm    (16026): [ main: SSnsReceiver.java:97 onSnsReceiver ] - Sina client is installed
06-20 19:22:34.520 D/LocationManagerService(  692): incoming location from: network
06-20 19:22:34.520 I/ActivityManager(  692): Recipient 15662
06-20 19:22:34.530 D/PluginReceiver(19280): add extra, is replacing: false
06-20 19:22:34.530 D/LocationManagerService(  692): incoming location from: network
06-20 19:22:34.530 D/PowerManagerService(  692): acquireWakeLock(4255e580): PARTIAL_WAKE_LOCK , tag=LocationManagerService, flags=0x1, pid=692, uid=1000
06-20 19:22:34.530 D/PowerManagerService(  692): releaseWakeLock(4255e580): PARTIAL_WAKE_LOCK , tag=LocationManagerService, flags=0x1
06-20 19:22:34.530 D/PowerManagerService(  692): acquireWakeLock(4273d748): PARTIAL_WAKE_LOCK , tag=LocationManagerService, flags=0x1, pid=692, uid=1000
06-20 19:22:34.540 E/FDManager(16086): Fail to open: /sys/fs/fd_list_lock, err: 2, msg: No such file or directory
06-20 19:22:34.540 W/FDManager(16086): Invalied fd of /sys/fs/fd_list_lock when release it
06-20 19:22:34.540 W/FDManager(16086): Invalied fd of /sys/fs/fd_list_forced_unlock when release it
06-20 19:22:34.540 W/FDManager(16086): Invalied fd of /sys/fs/fd_list_unlock when release it
06-20 19:22:34.540 E/FDManager(16086): Fail to register fd: 0, library not ready !!
06-20 19:22:34.540 E/FDManager(16086): Fail to register fd: 1, library not ready !!
06-20 19:22:34.540 E/FDManager(16086): Fail to register fd: 2, library not ready !!
06-20 19:22:34.560 I/ActivityManager(  692): Start proc com.htc.cn.virtual for broadcast com.htc.cn.virtual/com.htc.cn.data.apps.PackageReceiver: pid=16086 uid=10140 gids={50140, 3003, 5012, 1028}
06-20 19:22:34.570 D/AutoSetting( 5613): service - onStartCommand() action: com.htc.app.autosetting.location
06-20 19:22:34.570 D/AutoSetting( 5613): service - handleMessage() incoming message, what:1
06-20 19:22:34.570 D/AutoSetting( 5613): service - handleMessage() within range
06-20 19:22:34.580 D/QMI_FW  (  692): QCCI: QMI_CCI_TX: cntl_flag - 00, txn_id - 0818, msg_id - 0039, msg_len - 0021
06-20 19:22:34.580 D/QMI_FW  (  692): QCCI: QMUXD: xport_send[1 -> 16]: 40 bytes on conn_id=9
06-20 19:22:34.580 D/PowerManagerService(  692): releaseWakeLock(4273d748): PARTIAL_WAKE_LOCK , tag=LocationManagerService, flags=0x1
06-20 19:22:34.610 D/QMI_FW  (  692): QCCI: QMUXD: xport_rx[1 <- 16]: 14 bytes on conn_id: 9
06-20 19:22:34.610 D/QMI_FW  (  692): QCCI: QMI_CCI_RX: cntl_flag - 02, txn_id - 0818, msg_id - 0039, msg_len - 0007
06-20 19:22:34.630 D/GpsLocationProvider(  692): [reportHTCStatus] eventMask = 2 , status = 0
06-20 19:22:34.630 D/GpsLocationProvider(  692): [reportHTCStatus] INJECT_LOCATION
06-20 19:22:34.630 D/QMI_FW  (  692): QCCI: QMUXD: xport_rx[1 <- 16]: 14 bytes on conn_id: 9
06-20 19:22:34.630 D/QMI_FW  (  692): QCCI: QMI_CCI_RX: cntl_flag - 04, txn_id - 0000, msg_id - 0039, msg_len - 0007
06-20 19:22:34.650 I/MergeHelper(15626): applyBatchAndReset completed 30 ops successfully.
06-20 19:22:34.721 V/appbackup(16086): getUid: account is not added
06-20 19:22:34.721 V/appbackup(16086): doBackup: userId == null
06-20 19:22:34.821 I/ActivityManager(  692): Recipient 10951
06-20 19:22:34.821 I/ActivityManager(  692): Process com.UCMobile (pid 10951) has died.
06-20 19:22:34.841 D/PackageBroadcastService(20497): Received broadcast action=android.intent.action.PACKAGE_ADDED and uri=com.happiplay.blackjack
06-20 19:22:34.881 I/PeopleContactsSync(20497): CP2 sync disabled
06-20 19:22:34.881 I/PackageManager(  692):  setEnabledSetting(), pkgName=com.google.android.gms, clsName=com.google.android.gms.people.pub.PeopleProfileActionGatewayActivity, state=1, flag=1, pid=20497, uid=10167, userID:0
06-20 19:22:34.891 D/PowerManagerService(  692): acquireWakeLock(4261d358): PARTIAL_WAKE_LOCK , tag=Icing, flags=0x1, pid=20497, uid=10167
06-20 19:22:34.891 D/PowerManagerService(  692): releaseWakeLock(4261d358): PARTIAL_WAKE_LOCK , tag=Icing, flags=0x1
06-20 19:22:35.181 D/libc    (  390): [NET] getaddrinfo  hn 20, servname NULL, ai_family 0+
06-20 19:22:35.181 D/libc    (  390): [NET] ht 0x6e65772d657665
06-20 19:22:35.181 D/libc    (  390): [NET] getaddrinfo-exit,err=8
06-20 19:22:35.181 D/libc    (  390): [NET] getaddrinfo  hn 20, servname NULL, ai_family 0+
06-20 19:22:35.181 D/libc    (  390): [NET] ht 0x6e65772d657665
06-20 19:22:35.181 D/libc    (  390): [NET] getaddrinfo  hn 20, servname NULL, ai_family 0+
06-20 19:22:35.181 D/libc    (  390): [NET] android_getaddrinfo_proxy+
06-20 19:22:35.181 D/libc    (  390): [NET]android_getaddrinfo_proxy+
06-20 19:22:35.181 D/libc    (  390): [NET] check propname+
06-20 19:22:35.181 D/libc    (  390): [NET] check propname-
06-20 19:22:35.181 D/libc    (  254): [NET] getaddrinfo  hn 20, servname NULL, ai_family 0+
06-20 19:22:35.181 D/libc    (  254): [NET] ht 0x6e65772d657665
06-20 19:22:35.181 D/libc    (  254): [NET] getaddrinfo  hn 20, servname NULL, ai_family 0+
06-20 19:22:35.181 D/libc    (  254): [NET] android_getaddrinfo_proxy+
06-20 19:22:35.181 D/libc    (  254): [NET]android_getaddrinfo_proxy+
06-20 19:22:35.181 D/libc    (  254): [NET] android_getaddrinfo_proxy-
06-20 19:22:35.181 D/libc    (  254): [NET]_files_getaddrinfo+
06-20 19:22:35.181 D/libc    (  254): [NET]_files_getaddrinfo-,1
06-20 19:22:35.181 D/libc    (  254): [NET]_dns_getaddrinfo+
06-20 19:22:35.181 D/libc    (  254): [NET] getaddrinfo  hn 8, servname 53, ai_family 0+
06-20 19:22:35.181 D/libc    (  254): [NET] ht 0x31302e312e312e
06-20 19:22:35.181 D/libc    (  254): [NET] getaddrinfo-exit SUCCESS
06-20 19:22:35.181 D/libc    (  254): [NET] res_searchN : calling res_querydomainN without domain
06-20 19:22:35.181 D/libc    (  254): [NET]IN CACHE,entry=16,count=18,e=0x4018e840(e->expires=1403263413,now=1403263355)
06-20 19:22:35.181 D/libc    (  254): [NET][SMD][Mode1]: Screen on and original TTL is not expired,bl_level=142
06-20 19:22:35.181 D/libc    (  254): [NET]FOUND IN CACHE entry=0x4018e840
06-20 19:22:35.181 D/libc    (  254): [NET]res_queryN: exit 3, ancount=12
06-20 19:22:35.181 D/libc    (  254): [NET]_dns_getaddrinfo-,0
06-20 19:22:35.181 D/libc    (  254): [NET] getaddrinfo-exit SUCCESS
06-20 19:22:35.181 D/libc    (  390): [NET]android_getaddrinfo_proxy-,1
06-20 19:22:35.181 D/libc    (  390): [NET] getaddrinfo-exit 1
06-20 19:22:35.181 I/global  (  390): call createSocket() return a new socket.
06-20 19:22:35.181 D/libc    (  390): [NET] getaddrinfo  hn 13, servname NULL, ai_family 0+
06-20 19:22:35.181 D/libc    (  390): [NET] ht 0x36312e3135312e
06-20 19:22:35.181 D/libc    (  390): [NET] getaddrinfo-exit SUCCESS
06-20 19:22:35.231 W/HtcNativeFlag(16110): Fail to get flag string for type 'customer', use default value
06-20 19:22:35.231 W/HtcNativeFlag(16110): Fail to get flag for type 'customer', use default value: 218
06-20 19:22:35.231 W/HtcNativeFlag(16110): Fail to get flag string for type 'language', use default value
06-20 19:22:35.231 W/HtcNativeFlag(16110): Fail to get flag for type 'language', use default value: 2
06-20 19:22:35.331 W/dalvikvm(  692): [GC Control] disableGcForExternalAlloc: true
06-20 19:22:35.331 W/dalvikvm(  692): [GC Control] disableGcForExternalAlloc: false
06-20 19:22:35.331 W/dalvikvm(  692): [GC Control] disableGcForExternalAlloc: true
06-20 19:22:35.331 W/dalvikvm(  692): [GC Control] disableGcForExternalAlloc: false
06-20 19:22:35.331 I/Intent  (  692): @test_code: getHtcIntentFlag: 0 obj: 1120906744
06-20 19:22:35.331 W/CpuWake (  692): >>nativeAcquireCpuPerfWakeLock()
06-20 19:22:35.331 W/CpuWake (  692): <<nativeAcquireCpuPerfWakeLock()
06-20 19:22:35.331 W/CpuWake (  692): >>acquire mCpuPerf_cpu_count wakelock
06-20 19:22:35.331 W/CpuWake (  692): <<acquire mCpuPerf_cpu_count wakelock
06-20 19:22:35.331 W/CpuWake (  692): >>acquire mCpuPerf_Freq wakelock
06-20 19:22:35.331 W/CpuWake (  692): <<acquire mCpuPerf_Freq wakelock
06-20 19:22:35.331 I/ActivityManager(  692): START u0 {act=android.intent.action.MAIN cat=[android.intent.category.LAUNCHER] flg=0x10000000 cmp=com.happiplay.blackjack/.HappiBlackjackProxyActivity} from pid 16110
06-20 19:22:35.331 D/PowerManagerService(  692): acquireHtcCpuCtrl(43883158): CPU_MIN_NUM, tag=ActivityManager-MultiCore-Num, flags=0x400, pid=692, uid=1000
06-20 19:22:35.331 D/PowerManagerService(  692): acquireHtcCpuCtrl(433bc968): CPU_MIN_FREQ, tag=ActivityManager-MultiCore-Freq, flags=0x100, pid=692, uid=1000
06-20 19:22:35.341 I/FeedHostManager( 1198): onPause
06-20 19:22:35.341 I/FeedProviderManager( 1198): onPause
06-20 19:22:35.341 D/PowerManagerService(  692): acquireWakeLock(422971e8): PARTIAL_WAKE_LOCK , tag=ActivityManager-Launch, flags=0x1, pid=692, uid=1000
06-20 19:22:35.361 V/UPolicy (  692): [Eng]canLogUserProfiling, TellHtc Ui Mode is: normal
06-20 19:22:35.361 E/FDManager(16122): Fail to open: /sys/fs/fd_list_lock, err: 2, msg: No such file or directory
06-20 19:22:35.361 W/FDManager(16122): Invalied fd of /sys/fs/fd_list_lock when release it
06-20 19:22:35.361 W/FDManager(16122): Invalied fd of /sys/fs/fd_list_forced_unlock when release it
06-20 19:22:35.361 W/FDManager(16122): Invalied fd of /sys/fs/fd_list_unlock when release it
06-20 19:22:35.361 E/FDManager(16122): Fail to register fd: 0, library not ready !!
06-20 19:22:35.361 E/FDManager(16122): Fail to register fd: 1, library not ready !!
06-20 19:22:35.361 E/FDManager(16122): Fail to register fd: 2, library not ready !!
06-20 19:22:35.361 I/ActivityManager(  692): Start proc com.happiplay.blackjack for activity com.happiplay.blackjack/.HappiBlackjackProxyActivity: pid=16122 uid=10193 gids={50193, 3003, 5012, 1015, 1028}
06-20 19:22:35.391 D/qdmemalloc(  242): ion: Allocated buffer base:0x487f7000 size:8355840 fd:50
06-20 19:22:35.391 D/qdmemalloc(  242): ion: Allocated buffer base:0x40028000 size:4096 fd:62
06-20 19:22:35.391 D/qdmemalloc(  692): ion: Mapped buffer base:0x783b8000 size:8355840 offset:0 fd:372
06-20 19:22:35.391 D/qdmemalloc(  692): ion: Mapped buffer base:0x40000000 size:4096 offset:0 fd:373
06-20 19:22:35.401 W/dalvikvm(  692): [GC Control] disableGcForExternalAlloc: true
06-20 19:22:35.401 W/dalvikvm(  692): [GC Control] disableGcForExternalAlloc: false
06-20 19:22:35.401 W/dalvikvm(  692): [GC Control] disableGcForExternalAlloc: true
06-20 19:22:35.401 W/dalvikvm(  692): [GC Control] disableGcForExternalAlloc: false
06-20 19:22:35.401 D/PowerManagerService(  692): acquireWakeLock(421dbe58): PARTIAL_WAKE_LOCK , tag=SCREEN_FROZEN, flags=0x1, pid=692, uid=1000
06-20 19:22:35.401 D/PowerManagerService(  692): acquireHtcCpuCtrl(42f11100): CPU_MIN_FREQ, tag=WindowManager-ScreenRotation-Freq, flags=0x100, pid=692, uid=1000
06-20 19:22:35.401 D/PowerManagerService(  692): acquireHtcCpuCtrl(42de8540): CPU_MIN_NUM, tag=WindowManager-ScreenRotation-Num, flags=0x400, pid=692, uid=1000
06-20 19:22:35.401 D/HtcPMSExtension(  692): button light setOrientation:1
06-20 19:22:35.421 I/ActivityManager(  692): Config changes=1480 {0.85 460mcc2mnc zh_CN ldltr sw360dp w640dp h335dp 480dpi nrml long land finger -keyb/v/h -nav/h s.215 skin=default fontsize=2 hasNavBar=0}
06-20 19:22:35.441 D/WifiService(  692): Send failed, client connection lost
06-20 19:22:35.441 D/PowerUI (  971): orientation is different
06-20 19:22:35.451 I/CVW     ( 1126): Dismiss CandidateViewWindow WCLID:0
06-20 19:22:35.461 D/HtcModeClient( 5613): orientation 2
06-20 19:22:35.461 D/qdmemalloc( 1198): ion: Unmapping buffer  base:0x75825000 size:8355840
06-20 19:22:35.461 D/qdmemalloc( 1198): ion: Unmapping buffer  base:0x6bbf0000 size:4096
06-20 19:22:35.461 D/qdmemalloc( 1198): ion: Unmapping buffer  base:0x78283000 size:8355840
06-20 19:22:35.461 D/qdmemalloc( 1198): ion: Unmapping buffer  base:0x6bbf1000 size:4096
06-20 19:22:35.461 D/qdmemalloc( 1198): ion: Unmapping buffer  base:0x78a7b000 size:8355840
06-20 19:22:35.461 D/qdmemalloc( 1198): ion: Unmapping buffer  base:0x6bbf2000 size:4096
06-20 19:22:35.461 D/qdmemalloc(  242): ion: Unmapping buffer  base:0x48fef000 size:8355840
06-20 19:22:35.461 D/qdmemalloc(  242): ion: Unmapping buffer  base:0x40ba0000 size:4096
06-20 19:22:35.461 D/qdmemalloc(  242): ion: Freeing buffer base:0x0 size:8355840 fd:52
06-20 19:22:35.461 D/qdmemalloc(  242): ion: Freeing buffer base:0x0 size:4096 fd:75
06-20 19:22:35.461 D/qdmemalloc(  242): ion: Unmapping buffer  base:0x4641a000 size:8355840
06-20 19:22:35.461 D/qdmemalloc(  242): ion: Unmapping buffer  base:0x40cd8000 size:4096
06-20 19:22:35.461 D/qdmemalloc(  242): ion: Freeing buffer base:0x0 size:8355840 fd:79
06-20 19:22:35.461 D/qdmemalloc(  242): ion: Freeing buffer base:0x0 size:4096 fd:78
06-20 19:22:35.461 D/CommonListView(13296): delete screenshot file:/data/data/com.android.mms/cache/screenshot_1
06-20 19:22:35.471 D/CommonListView(13296): delete screenshot file:/data/data/com.android.mms/cache/screenshot_2
06-20 19:22:35.481 D/qdmemalloc(  242): ion: Allocated buffer base:0x4641a000 size:8355840 fd:26
06-20 19:22:35.481 D/qdmemalloc(  242): ion: Allocated buffer base:0x40ba0000 size:4096 fd:39
06-20 19:22:35.481 D/qdmemalloc(  971): ion: Unmapping buffer  base:0x6e28b000 size:8355840
06-20 19:22:35.481 D/qdmemalloc(  971): ion: Unmapping buffer  base:0x6913e000 size:4096
06-20 19:22:35.481 D/qdmemalloc(  971): ion: Mapped buffer base:0x6e28b000 size:8355840 offset:0 fd:76
06-20 19:22:35.481 D/qdmemalloc(  971): ion: Mapped buffer base:0x6913e000 size:4096 offset:0 fd:77
06-20 19:22:35.491 D/qdmemalloc(  242): ion: Unmapping buffer  base:0x47807000 size:8355840
06-20 19:22:35.501 D/qdmemalloc(  242): ion: Unmapping buffer  base:0x40379000 size:4096
06-20 19:22:35.501 D/qdmemalloc(  242): ion: Freeing buffer base:0x0 size:8355840 fd:55
06-20 19:22:35.501 D/qdmemalloc(  242): ion: Freeing buffer base:0x0 size:4096 fd:51
06-20 19:22:35.511 D/WirelessDisplayService(  692): getMirrorDisplayStatus:falsecurState:1
06-20 19:22:35.511 V/UPolicy (  692): [Eng]canLogUserProfiling, TellHtc Ui Mode is: normal
06-20 19:22:35.511 D/HtcModeClient( 5613): screen roration 2
06-20 19:22:35.511 I/VolumePanel(  692): ACTION_CONFIGURATION_CHANGED
06-20 19:22:35.511 D/HtcModeClient( 5613): write CanId = 12059136
06-20 19:22:35.511 D/LauncherModel(12479): onReceive intent=Intent { act=android.intent.action.CONFIGURATION_CHANGED flg=0x70000010 }
06-20 19:22:35.521 D/qdmemalloc(  242): ion: Unmapping buffer  base:0x46c12000 size:8355840
06-20 19:22:35.521 D/qdmemalloc(  242): ion: Unmapping buffer  base:0x40cd9000 size:4096
06-20 19:22:35.521 D/qdmemalloc(  242): ion: Freeing buffer base:0x0 size:8355840 fd:43
06-20 19:22:35.521 D/qdmemalloc(  242): ion: Freeing buffer base:0x0 size:4096 fd:72
06-20 19:22:35.521 D/HtcDeviceInfoManager(  692): SET_TOP com.happiplay.blackjack fg=com.htc.launcher
06-20 19:22:35.521 W/asset   (16122): Copying FileAsset 0x40d4fd60 (zip:/data/app/com.happiplay.blackjack-1.apk:/resources.arsc) to buffer size 244752 to make it aligned.
06-20 19:22:35.521 D/LocationManagerService(  692): incoming location from: network
06-20 19:22:35.521 I/TrimMemoryManager( 1198): trimMemory(20)
06-20 19:22:35.521 W/BluetoothHeadset( 1144): Proxy not attached to service
06-20 19:22:35.531 D/SST-GSM(0)( 1144): received broadcast android.intent.action.CONFIGURATION_CHANGED
06-20 19:22:35.531 D/SST-GSM(1)( 1144): received broadcast android.intent.action.CONFIGURATION_CHANGED
06-20 19:22:35.531 D/LocationManagerService(  692): incoming location from: network
06-20 19:22:35.531 D/PowerManagerService(  692): acquireWakeLock(41e20218): PARTIAL_WAKE_LOCK , tag=LocationManagerService, flags=0x1, pid=692, uid=1000
06-20 19:22:35.531 D/PowerManagerService(  692): releaseWakeLock(41e20218): PARTIAL_WAKE_LOCK , tag=LocationManagerService, flags=0x1
06-20 19:22:35.531 D/PowerManagerService(  692): acquireWakeLock(41ddeff0): PARTIAL_WAKE_LOCK , tag=LocationManagerService, flags=0x1, pid=692, uid=1000
06-20 19:22:35.531 D/QMI_FW  (  692): QCCI: QMI_CCI_TX: cntl_flag - 00, txn_id - 0819, msg_id - 0039, msg_len - 0021
06-20 19:22:35.531 D/QMI_FW  (  692): QCCI: QMUXD: xport_send[1 -> 16]: 40 bytes on conn_id=9
06-20 19:22:35.531 D/PowerManagerService(  692): releaseWakeLock(41ddeff0): PARTIAL_WAKE_LOCK , tag=LocationManagerService, flags=0x1
06-20 19:22:35.541 I/QuickSettingBluetooth(  971): bluetoothTile.refreshView enable:false connect:false
06-20 19:22:35.541 I/QuickSettingBluetooth(  971): bluetoothTile.refreshView enable:false connect:false
06-20 19:22:35.541 D/SST-GSM(0)( 1144): Language is not changed, leave as what it was!!
06-20 19:22:35.541 D/SST-GSM(1)( 1144): Language is not changed, leave as what it was!!
06-20 19:22:35.541 I/QuickSettingRotate(  971): onRotationChanged:true
06-20 19:22:35.541 I/QuickSettingRotation(  971): onRotationLockChanged:true
