06-20 19:22:20.495 D/PowerManagerService(  692): acquireWakeLock(42ba4e70): PARTIAL_WAKE_LOCK , tag=LocationManagerService, flags=0x1, pid=692, uid=1000
06-20 19:22:20.495 D/PowerManagerService(  692): releaseWakeLock(42ba4e70): PARTIAL_WAKE_LOCK , tag=LocationManagerService, flags=0x1
06-20 19:22:20.505 D/PowerManagerService(  692): acquireWakeLock(428d6d90): PARTIAL_WAKE_LOCK , tag=LocationManagerService, flags=0x1, pid=692, uid=1000
06-20 19:22:20.505 D/QMI_FW  (  692): QCCI: QMI_CCI_TX: cntl_flag - 00, txn_id - 080c, msg_id - 0039, msg_len - 0021
06-20 19:22:20.505 D/QMI_FW  (  692): QCCI: QMUXD: xport_send[1 -> 16]: 40 bytes on conn_id=9
06-20 19:22:20.515 I/dalvikvm-heap(13296): Grow heap (frag case) to 25.007MB for 7279216-byte allocation
06-20 19:22:20.515 D/PowerManagerService(  692): releaseWakeLock(428d6d90): PARTIAL_WAKE_LOCK , tag=LocationManagerService, flags=0x1
06-20 19:22:20.525 D/CommonListView(13296): takeScreenshot 206
06-20 19:22:20.525 D/QMI_FW  (  692): QCCI: QMUXD: xport_rx[1 <- 16]: 14 bytes on conn_id: 9
06-20 19:22:20.525 D/QMI_FW  (  692): QCCI: QMI_CCI_RX: cntl_flag - 02, txn_id - 080c, msg_id - 0039, msg_len - 0007
06-20 19:22:20.535 D/GpsLocationProvider(  692): [reportHTCStatus] eventMask = 2 , status = 0
06-20 19:22:20.535 D/GpsLocationProvider(  692): [reportHTCStatus] INJECT_LOCATION
06-20 19:22:20.535 D/QMI_FW  (  692): QCCI: QMUXD: xport_rx[1 <- 16]: 14 bytes on conn_id: 9
06-20 19:22:20.535 D/QMI_FW  (  692): QCCI: QMI_CCI_RX: cntl_flag - 04, txn_id - 0000, msg_id - 0039, msg_len - 0007
06-20 19:22:20.555 D/CommonListView(13296): Create screenshot file:/data/data/com.android.mms/cache/screenshot_1
06-20 19:22:20.616 D/WindowManager(  692): cancelRecentAppsAction: prepare to launch Home
06-20 19:22:20.696 D/PowerManagerService(  692): acquireWakeLock(4244bc98): PARTIAL_WAKE_LOCK , tag=SyncLoopWakeLock, flags=0x1, pid=692, uid=1000
06-20 19:22:20.706 D/PowerManagerService(  692): releaseWakeLock(4253fd68): PARTIAL_WAKE_LOCK , tag=*sync*_mail_Account {name=din*****************m, type=com.htc.android.mail}, flags=0x1
06-20 19:22:20.716 W/dalvikvm(  692): [GC Control] disableGcForExternalAlloc: true
06-20 19:22:20.716 W/dalvikvm(  692): [GC Control] disableGcForExternalAlloc: false
06-20 19:22:20.716 D/PowerManagerService(  692): acquireHtcCpuCtrl(42caad40): CPU_MIN_FREQ, tag=HomeKeyHandlerFreq, flags=0x100, pid=692, uid=1000
06-20 19:22:20.716 D/PowerManagerService(  692): releaseWakeLock(4244bc98): PARTIAL_WAKE_LOCK , tag=SyncLoopWakeLock, flags=0x1
06-20 19:22:20.736 D/CursorWindowStats( 6710): Allocate Cursor Window larger than default value, size: 4194304, default:2097152
06-20 19:22:20.736 D/CursorWindowStats( 6710): Allocate Cursor Window larger than default value, size: 4194304, default:2097152
06-20 19:22:20.746 D/WifiStateMachine(  692): WifiApState:11 WifiState:3 isSupportApSta:true mIsSupplicantReset:false
06-20 19:22:20.746 D/WifiStateMachine(  692): Ignore msg of 'start supplicant' @SoftApStartedState
06-20 19:22:20.746 D/WifiService(  692): releaseWifiLockLocked: WifiLock{EmailServiceControllerWifiLock_0 type=1 binder=android.os.BinderProxy@4337a948}
06-20 19:22:20.746 D/WifiService(  692): updateWifiState(): wifiApEnabled: false, wifiApAirplaneMode: falsegetWifiEnabledState(): 3, getWifiApEnabledState: 11
06-20 19:22:20.746 D/WifiService(  692): updateWifiState(): mAirplaneModeOn.get(): false, mPersistWifiState.get(): 1
06-20 19:22:20.746 D/WifiService(  692): updateWifiState(): mEmergencyCallbackMode: false, mDeviceIdle: false, lockHeld: false, mStopWifiRequested:false
06-20 19:22:20.746 I/WifiService(  692): isSprintWifiRestricted(): false
06-20 19:22:20.746 I/WifiService(  692): isMdmWifiRestricted(): false
06-20 19:22:20.746 D/WifiService(  692): updateWifiState(): enable and start wifi
06-20 19:22:20.746 D/PowerManagerService(  692): releaseWakeLock(43347d58): PARTIAL_WAKE_LOCK , tag=EmailServiceControllerPowerLockRefreshCommand_0, flags=0x1
06-20 19:22:20.756 D/CursorWindowStats( 6710): Allocate Cursor Window larger than default value, size: 4194304, default:2097152
06-20 19:22:20.766 D/WindowManager(  692): LaunchActivityRunnable: Intent { act=android.intent.action.MAIN cat=[android.intent.category.HOME] flg=0x10200000 }
06-20 19:22:20.766 I/Launcher( 1198): CloseSystemDialogsIntentReceiver, reason: homekey
06-20 19:22:20.766 I/Intent  (  692): @test_code: getHtcIntentFlag: 0 obj: 1115451000
06-20 19:22:20.766 D/NotificationFlashLightUtility getEmail( 6710): load success mbEmail = true
06-20 19:22:20.766 W/CpuWake (  692): >>nativeAcquireCpuPerfWakeLock()
06-20 19:22:20.766 W/CpuWake (  692): <<nativeAcquireCpuPerfWakeLock()
06-20 19:22:20.766 I/ActivityManager(  692): START u0 {act=android.intent.action.MAIN cat=[android.intent.category.HOME] flg=0x10200000 cmp=com.htc.launcher/.Launcher} from pid 692
06-20 19:22:20.796 V/MfLog   (13296): ConversationListFragment{41b52330 #0 id=0x36f8056f}, onPause
06-20 19:22:20.796 D/ConversationListBaseFragment(13296): onPause() >>>>>>>>>>>>>>>>>>>>
06-20 19:22:20.796 D/PowerManagerService(  692): acquireWakeLock(425de860): PARTIAL_WAKE_LOCK , tag=ActivityManager-Launch, flags=0x1, pid=692, uid=1000
06-20 19:22:20.806 D/ConversationListBaseFragment(13296): onPause() <<<<<<<<<<<<<<<<<<<<
06-20 19:22:20.806 D/ConversationListFragment(13296): onPause() >>>>>>>>>>>>>>>>>>>>
06-20 19:22:20.806 D/ConversationListFragment(13296): onPause() <<<<<<<<<<<<<<<<<<<<
06-20 19:22:20.826 D/WirelessDisplayService(  692): getMirrorDisplayStatus:falsecurState:1
06-20 19:22:20.836 V/UPolicy (  692): [Eng]canLogUserProfiling, TellHtc Ui Mode is: normal
06-20 19:22:20.846 D/HtcDeviceInfoManager(  692): SET_TOP com.htc.launcher fg=com.android.mms
06-20 19:22:20.916 V/UPolicy (  692): [Eng]canLogUserProfiling, TellHtc Ui Mode is: normal
06-20 19:22:20.916 V/UPolicy (  692): [Eng]canLogUserProfiling, TellHtc Ui Mode is: normal
06-20 19:22:20.916 D/ConversationList(13296): conversation act onWindowFocusChanged> false
06-20 19:22:20.916 D/ConversationListBaseFragment(13296): onWindowFocusChanged> false
06-20 19:22:20.916 D/PowerManagerService(  692): releaseWakeLock(42578898): PARTIAL_WAKE_LOCK , tag=MicroMsg.WakerLock, flags=0x1
06-20 19:22:20.916 D/PowerManagerService(  692): releaseHtcCpuCtrl(42caad40): CPU_MIN_FREQ, tag=HomeKeyHandlerFreq, flags=0x100
06-20 19:22:20.926 I/FeedHostManager( 1198): onResume
06-20 19:22:20.926 I/FeedProviderManager( 1198): onResume
06-20 19:22:20.946 D/CursorWindowStats( 6710): Allocate Cursor Window larger than default value, size: 4194304, default:2097152
06-20 19:22:20.946 I/InputMethodManagerService(  692): Disable input method client, pid: 13296
06-20 19:22:20.946 I/InputMethodManagerService(  692): Enable input method client, pid: 1198
06-20 19:22:20.976 V/UPolicy (  692): [Eng]canLogUserProfiling, TellHtc Ui Mode is: normal
06-20 19:22:21.026 D/qdmemalloc(  242): ion: Allocated buffer base:0x48fef000 size:8355840 fd:52
06-20 19:22:21.026 D/qdmemalloc(  242): ion: Allocated buffer base:0x40ba0000 size:4096 fd:75
06-20 19:22:21.026 D/qdmemalloc( 1198): ion: Mapped buffer base:0x75825000 size:8355840 offset:0 fd:79
06-20 19:22:21.026 D/qdmemalloc( 1198): ion: Mapped buffer base:0x6bbf0000 size:4096 offset:0 fd:80
06-20 19:22:21.046 I/SensorManager( 9885): protected boolean registerListenerImpl(SensorEventListener listener, Sensor sensor, int delay, Handler handler): listener = com.aspire.mm.genius.MMGeniusManager$10@41bff9c0, sensor = {Sensor name="BOSCH BMA250 3-axis Accelerometer", vendor="BOSCH", version=1, type=1, maxRange=39.2266, resolution=0.038307227, power=0.1, minDelay=10000}, delay = 0, handler = Handler (android.os.Handler) {42581ea0}
06-20 19:22:21.046 D/qdmemalloc(13296): ion: Unmapping buffer  base:0x6e05e000 size:8355840
06-20 19:22:21.046 D/qdmemalloc(13296): ion: Unmapping buffer  base:0x6df76000 size:4096
06-20 19:22:21.046 D/qdmemalloc(13296): ion: Unmapping buffer  base:0x6fa63000 size:8355840
06-20 19:22:21.046 D/qdmemalloc(13296): ion: Unmapping buffer  base:0x7025b000 size:4096
06-20 19:22:21.046 D/qdmemalloc(13296): ion: Unmapping buffer  base:0x7028c000 size:8355840
06-20 19:22:21.046 D/qdmemalloc(13296): ion: Unmapping buffer  base:0x70a84000 size:4096
06-20 19:22:21.056 D/qdmemalloc(  242): ion: Unmapping buffer  base:0x4641a000 size:8355840
06-20 19:22:21.056 D/qdmemalloc(  242): ion: Unmapping buffer  base:0x40041000 size:4096
06-20 19:22:21.056 D/qdmemalloc(  242): ion: Freeing buffer base:0x0 size:8355840 fd:40
06-20 19:22:21.056 D/qdmemalloc(  242): ion: Freeing buffer base:0x0 size:4096 fd:74
06-20 19:22:21.056 D/qdmemalloc(  242): ion: Unmapping buffer  base:0x487f7000 size:8355840
06-20 19:22:21.056 D/qdmemalloc(  242): ion: Unmapping buffer  base:0x40058000 size:4096
06-20 19:22:21.056 D/qdmemalloc(  242): ion: Freeing buffer base:0x0 size:8355840 fd:78
06-20 19:22:21.056 D/qdmemalloc(  242): ion: Freeing buffer base:0x0 size:4096 fd:80
06-20 19:22:21.056 D/PowerManagerService(  692): releaseWakeLock(429263d8): PARTIAL_WAKE_LOCK , tag=MicroMsg.WakerLock, flags=0x1
06-20 19:22:21.066 D/PowerManagerService(  692): releaseWakeLock(425de860): PARTIAL_WAKE_LOCK , tag=ActivityManager-Launch, flags=0x1
06-20 19:22:21.076 D/MfLog   (13296): remove instance state : android:fragments
06-20 19:22:21.076 V/MfLog   (13296): ConversationListFragment{41b52330 #0 id=0x36f8056f}, onStop
06-20 19:22:21.076 D/ConversationListBaseFragment(13296): onStop() >>>>>>>>>>>>>>>>>>>>
06-20 19:22:21.086 D/qdmemalloc(  242): ion: Unmapping buffer  base:0x46c12000 size:8355840
06-20 19:22:21.086 D/qdmemalloc(  242): ion: Unmapping buffer  base:0x40048000 size:4096
06-20 19:22:21.086 D/qdmemalloc(  242): ion: Allocated buffer base:0x4641a000 size:8355840 fd:79
06-20 19:22:21.086 D/qdmemalloc(  242): ion: Allocated buffer base:0x40cd8000 size:4096 fd:78
06-20 19:22:21.086 D/qdmemalloc(  242): ion: Freeing buffer base:0x0 size:8355840 fd:67
06-20 19:22:21.086 D/qdmemalloc(  242): ion: Freeing buffer base:0x0 size:4096 fd:72
06-20 19:22:21.086 D/qdmemalloc( 1198): ion: Mapped buffer base:0x78283000 size:8355840 offset:0 fd:82
06-20 19:22:21.086 D/qdmemalloc( 1198): ion: Mapped buffer base:0x6bbf1000 size:4096 offset:0 fd:83
06-20 19:22:21.096 D/qdmemalloc(  242): ion: Allocated buffer base:0x46c12000 size:8355840 fd:43
06-20 19:22:21.096 D/qdmemalloc(  242): ion: Allocated buffer base:0x40cd9000 size:4096 fd:72
06-20 19:22:21.096 D/qdmemalloc( 1198): ion: Mapped buffer base:0x78a7b000 size:8355840 offset:0 fd:88
06-20 19:22:21.096 D/ConversationListBaseFragment(13296): onStop() <<<<<<<<<<<<<<<<<<<<
06-20 19:22:21.096 D/ConversationListFragment(13296): onStop() >>>>>>>>>>>>>>>>>>>>
06-20 19:22:21.096 D/ConversationListFragment(13296): set mFakeCursor to null
06-20 19:22:21.096 D/qdmemalloc( 1198): ion: Mapped buffer base:0x6bbf2000 size:4096 offset:0 fd:92
06-20 19:22:21.096 D/ConversationListFragment(13296): onStop() <<<<<<<<<<<<<<<<<<<<
06-20 19:22:21.106 D/qdmemalloc(  242): ion: Allocated buffer base:0x40de1000 size:32768 fd:86
06-20 19:22:21.106 D/qdmemalloc(  242): ion: Allocated buffer base:0x40e76000 size:4096 fd:87
06-20 19:22:21.106 V/LightsService(  692): setLight #8: color=#c8c800
06-20 19:22:21.106 D/lights  (  692): set_color_led color=13158400, mode=255, off_min=0, off_sec=0
06-20 19:22:21.106 D/lights  (  692): [LedInfo] without indicator attribute, red:c80000, green:c800, blue:0
06-20 19:22:21.106 V/NotificationService(  692): Charging...
06-20 19:22:21.106 V/LightsService(  692): setLight #8: color=#c80000
06-20 19:22:21.106 D/lights  (  692): set_color_led color=13107200, mode=1, off_min=0, off_sec=0
06-20 19:22:21.106 D/lights  (  692): [LedInfo] without indicator attribute, red:c80000, green:0, blue:0
06-20 19:22:21.106 D/lights  (  692): [LedInfo] write attr ok name=/sys/class/leds/amber/brightness string=1,len=1
06-20 19:22:21.106 D/lights  (  692): [LedInfo] write attr ok name=/sys/class/leds/amber/blink string=0,len=1
06-20 19:22:21.106 D/lights  (  692): [LedInfo] write attr ok name=/sys/class/leds/amber/off_timer string=0 0,len=3
06-20 19:22:21.106 D/lights  (  692): [LedInfo] write attr ok name=/sys/class/leds/green/brightness string=0,len=1
06-20 19:22:21.106 D/lights  (  692): [LedInfo] write attr ok name=/sys/class/leds/green/blink string=0,len=1
06-20 19:22:21.106 D/lights  (  692): [LedInfo] write attr ok name=/sys/class/leds/green/off_timer string=0 0,len=3
06-20 19:22:21.116 D/qdmemalloc( 9885): ion: Mapped buffer base:0x6b9d1000 size:32768 offset:0 fd:102
06-20 19:22:21.116 D/qdmemalloc( 9885): ion: Mapped buffer base:0x6b9bc000 size:4096 offset:0 fd:103
06-20 19:22:21.126 D/CursorWindowStats( 6710): Allocate Cursor Window larger than default value, size: 4194304, default:2097152
06-20 19:22:21.136 D/CursorWindowStats( 6710): Allocate Cursor Window larger than default value, size: 4194304, default:2097152
06-20 19:22:21.136 D/CursorWindowStats( 6710): Allocate Cursor Window larger than default value, size: 4194304, default:2097152
06-20 19:22:21.146 D/OnDemandProgressBar(  971): release indeterminate drawable android.widget.OnDemandProgressBar{423ab708 G.ED.... ......I. 0,0-0,0 #102000d android:id/progress}
06-20 19:22:21.146 D/OnDemandProgressBar(  971): new OnDemandProgressBar android.widget.OnDemandProgressBar{423ab708 G.ED.... ......I. 0,0-0,0 #102000d android:id/progress}
06-20 19:22:21.156 I/RemoteViews.Performance(  971): apply:com.htc.android.mail prepareContext:0 inflateContent:24 performApply:3 actionsCount:12 bitmapMemory:0.0225625
06-20 19:22:21.156 D/OnDemandProgressBar(  971): release indeterminate drawable android.widget.OnDemandProgressBar{41ea5998 G.ED.... ......I. 0,0-0,0 #102000d android:id/progress}
06-20 19:22:21.156 D/OnDemandProgressBar(  971): new OnDemandProgressBar android.widget.OnDemandProgressBar{41ea5998 G.ED.... ......I. 0,0-0,0 #102000d android:id/progress}
06-20 19:22:21.176 I/RemoteViews.Performance(  971): apply:com.htc.android.mail prepareContext:1 inflateContent:17 performApply:6 actionsCount:30 bitmapMemory:0.0225625
06-20 19:22:21.256 D/MainService(  369): [MSF End]App_GetDataCount,cost=0ms.
06-20 19:22:21.336 D/MyReportAgent(12372): ReportService [##] onDestroy(), this =com.htc.reportagent.ReportService@41cb67d0
06-20 19:22:21.406 E/ThermalDaemon(  244): 'tsens_tz_sensor5' - cleared 1 at 50.0 C
06-20 19:22:21.406 E/ThermalDaemon(  244): set CPU0 Max freq: 1728000(50.0 degC)
06-20 19:22:21.406 E/ThermalDaemon(  244): set CPU1 Max freq: 1728000(50.0 degC)
06-20 19:22:21.406 E/ThermalDaemon(  244): set CPU2 Max freq: 1728000(50.0 degC)
06-20 19:22:21.406 E/ThermalDaemon(  244): set CPU3 Max freq: 1728000(50.0 degC)
06-20 19:22:21.476 I/CheckinResponseProcessor(20497): From server: 310 gservices [full]
06-20 19:22:21.496 D/LocationManagerService(  692): incoming location from: network
06-20 19:22:21.496 D/LocationManagerService(  692): incoming location from: network
06-20 19:22:21.496 D/PowerManagerService(  692): acquireWakeLock(42a04168): PARTIAL_WAKE_LOCK , tag=LocationManagerService, flags=0x1, pid=692, uid=1000
06-20 19:22:21.496 D/PowerManagerService(  692): releaseWakeLock(42a04168): PARTIAL_WAKE_LOCK , tag=LocationManagerService, flags=0x1
06-20 19:22:21.496 D/PowerManagerService(  692): acquireWakeLock(428419c8): PARTIAL_WAKE_LOCK , tag=LocationManagerService, flags=0x1, pid=692, uid=1000
06-20 19:22:21.496 D/QMI_FW  (  692): QCCI: QMI_CCI_TX: cntl_flag - 00, txn_id - 080d, msg_id - 0039, msg_len - 0021
06-20 19:22:21.496 D/QMI_FW  (  692): QCCI: QMUXD: xport_send[1 -> 16]: 40 bytes on conn_id=9
06-20 19:22:21.496 D/PowerManagerService(  692): releaseWakeLock(428419c8): PARTIAL_WAKE_LOCK , tag=LocationManagerService, flags=0x1
06-20 19:22:21.526 D/QMI_FW  (  692): QCCI: QMUXD: xport_rx[1 <- 16]: 14 bytes on conn_id: 9
06-20 19:22:21.526 D/QMI_FW  (  692): QCCI: QMI_CCI_RX: cntl_flag - 02, txn_id - 080d, msg_id - 0039, msg_len - 0007
06-20 19:22:21.536 D/GpsLocationProvider(  692): [reportHTCStatus] eventMask = 2 , status = 0
06-20 19:22:21.536 D/GpsLocationProvider(  692): [reportHTCStatus] INJECT_LOCATION
06-20 19:22:21.536 D/QMI_FW  (  692): QCCI: QMUXD: xport_rx[1 <- 16]: 14 bytes on conn_id: 9
06-20 19:22:21.536 D/QMI_FW  (  692): QCCI: QMI_CCI_RX: cntl_flag - 04, txn_id - 0000, msg_id - 0039, msg_len - 0007
06-20 19:22:21.547 D/Comm    (15626): [ Thread-9668: WeChatSocialPluginService.java:96 getStream ] - cursor size = 633
06-20 19:22:21.567 W/CpuWake (  692): >>nativeReleaseCpuPerfWakeLock()
06-20 19:22:21.567 W/CpuWake (  692): <<nativeReleaseCpuPerfWakeLock()
06-20 19:22:21.577 D/Comm    (15626): [ Thread-9668: Utils.java:96 getLoginAccount ] - get account of type length = com.tencent.mm.account 1
06-20 19:22:21.757 D/WifiStateMachine(  692): fetchRssiAndLinkSpeedNative RSSI = -47
06-20 19:22:21.757 D/WifiStateMachine(  692): fetchRssiAndLinkSpeedNative mLinkspeedCount = 2, mLinkspeedSum: 116
06-20 19:22:21.897 W/Settings(  390): Setting airplane_mode_on has moved from android.provider.Settings.System to android.provider.Settings.Global, returning read-only value.
06-20 19:22:21.897 D/MSF.C.NetConnTag(  390): [E]netSend ssoSeq:55063 uin:*6530
06-20 19:22:21.897 W/Settings(  390): Setting airplane_mode_on has moved from android.provider.Settings.System to android.provider.Settings.Global, returning read-only value.
06-20 19:22:21.917 D/MSF.C.NetConnTag(  390): [E]netSend ssoSeq:55064 uin:*6530
06-20 19:22:21.917 W/Settings(  390): Setting airplane_mode_on has moved from android.provider.Settings.System to android.provider.Settings.Global, returning read-only value.
06-20 19:22:21.917 W/Settings(  390): Setting airplane_mode_on has moved from android.provider.Settings.System to android.provider.Settings.Global, returning read-only value.
06-20 19:22:21.927 W/Settings(  390): Setting airplane_mode_on has moved from android.provider.Settings.System to android.provider.Settings.Global, returning read-only value.
06-20 19:22:21.977 D/MSF.C.NetConnTag(  390): [E]netRecv ssoSeq:55063 uin:*6530
06-20 19:22:21.977 D/MainService(  369): [MSF End]RegPrxySvc.getOffMsg,cost=1ms.
06-20 19:22:22.007 D/MSF.C.NetConnTag(  390): [E]netRecv ssoSeq:-1289460996 uin:*6530
06-20 19:22:22.017 D/MSF.C.NetConnTag(  390): [E]netRecv ssoSeq:-1289460995 uin:*6530
06-20 19:22:22.027 D/MainService(  369): [MSF End]RegPrxySvc.PullGroupMsgSeq,cost=7ms.
06-20 19:22:22.027 D/MSF.C.NetConnTag(  390): [E]netSend ssoSeq:55065 uin:*6530
06-20 19:22:22.027 D/MainService(  369): [MSF End]RegPrxySvc.NoticeEnd,cost=2ms.
06-20 19:22:22.037 D/MSF.C.NetConnTag(  390): [E]netSend ssoSeq:55066 uin:*6530
06-20 19:22:22.047 D/MSF.C.NetConnTag(  390): [E]netSend ssoSeq:55067 uin:*6530
06-20 19:22:22.057 D/MSF.C.NetConnTag(  390): [E]netRecv ssoSeq:55064 uin:*6530
06-20 19:22:22.067 D/MainService(  369): [MSF End]ProfileService.Pb.ReqSystemMsgNew,cost=1ms.
06-20 19:22:22.067 D/MSF.C.NetConnTag(  390): [E]netSend ssoSeq:55068 uin:*6530
06-20 19:22:22.077 D/MSF.C.NetConnTag(  390): [E]netSend ssoSeq:55069 uin:*6530
06-20 19:22:22.087 D/MSF.C.NetConnTag(  390): [E]netRecv ssoSeq:55066 uin:*6530
06-20 19:22:22.097 D/MSF.C.NetConnTag(  390): [E]netSend ssoSeq:55070 uin:*6530
06-20 19:22:22.097 D/MSF.C.NetConnTag(  390): [E]netRecv ssoSeq:55067 uin:*6530
06-20 19:22:22.107 D/MSF.C.NetConnTag(  390): [E]netSend ssoSeq:55071 uin:*6530
06-20 19:22:22.107 D/WifiStateMachine(  692): get mPhoneStateListener
06-20 19:22:22.117 D/MSF.C.NetConnTag(  390): [E]netRecv ssoSeq:55068 uin:*6530
06-20 19:22:22.117 D/WifiStateMachine(  692): get mPhoneStateListener
06-20 19:22:22.127 D/MSF.C.NetConnTag(  390): [E]netRecv ssoSeq:55065 uin:*6530
06-20 19:22:22.137 D/MSF.C.NetConnTag(  390): [E]netRecv ssoSeq:55069 uin:*6530
06-20 19:22:22.137 D/MSF.C.NetConnTag(  390): [E]netRecv ssoSeq:55070 uin:*6530
06-20 19:22:22.137 W/NetworkController.TELEPHONY_CALLBACK(  971): onSignalStrengthsChangedExt: phoneType=1 signalStrength=SignalStrength: 19 -1 -1 -1 -1 -1 -1 -1 -1 -1 -1 -1 gsm|lte
06-20 19:22:22.137 D/NetworkController.SIGNAL_ICON(  971): ------updatSignalStrength---
06-20 19:22:22.137 D/NetworkController.SIGNAL_ICON(  971): updatSignalStrength: mCdmaNoSim=false, mGsm1NoSim=false, mGsm2NoSim=true
06-20 19:22:22.137 D/NetworkController.SIGNAL_ICON(  971): updatSignalStrength: asu=19 isGsmRoaming=false gsmNetworkType=8
06-20 19:22:22.137 D/NetworkController.SIGNAL_ICON(  971): ---mapTelephonySignalStrength
06-20 19:22:22.137 D/NetworkController.SIGNAL_ICON(  971): mapTelephonySignalStrength: maxLevel=5 asu=19 networkType=HSDPA
06-20 19:22:22.137 D/NetworkController.SIGNAL_ICON(  971): mapTelephonySignalStrength: return iconLevel=5
06-20 19:22:22.137 D/NetworkController.SIGNAL_ICON(  971): updatSignalStrength: GSM1 SignalStrength: cdma_stat_sys_s1_5signal_5
06-20 19:22:22.137 I/StatusBar.NetworkController(  971): refreshSignalCluster phoneType5
06-20 19:22:22.137 I/NetworkController.ClusterView(  971): WifiVisible:true ,WifiIcon:stat_sys_wifi_signal_4,IsAirplaneMode:false ,AirplaneIcon:stat_sys_signal_flightmode,IsSlot1NoSim: false ,Slot1NoSimIcon: stat_sys_no_sim,IsSlot2NoSim: true ,Slot2NoSimIcon: stat_sys_no_sim
06-20 19:22:22.137 I/NetworkController.ClusterView(  971): Gsm1SignalVisible:true ,Gsm1SignalIcon: cdma_stat_sys_s1_5signal_5 ,Gsm1DataVisible:true ,Gsm1DataIcon: stat_sys_data_connected_3g_capability
06-20 19:22:22.137 I/NetworkController.ClusterView(  971): CdmaDataVisible: gone ,CdmaSignalVisible: gone, Gsm2SignalVisible: gone ,Gsm2SignalVisible: gone
06-20 19:22:22.137 I/StatusBar.NetworkController(  971): refreshSignalCluster phoneType1
06-20 19:22:22.137 I/NetworkController.ClusterView(  971): WifiVisible:true ,WifiIcon:stat_sys_wifi_signal_4,IsAirplaneMode:false ,AirplaneIcon:stat_sys_signal_flightmode,IsSlot1NoSim: false ,Slot1NoSimIcon: stat_sys_no_sim,IsSlot2NoSim: true ,Slot2NoSimIcon: stat_sys_no_sim
06-20 19:22:22.137 I/NetworkController.ClusterView(  971): Gsm1SignalVisible:true ,Gsm1SignalIcon: cdma_stat_sys_s1_5signal_5 ,Gsm1DataVisible:true ,Gsm1DataIcon: stat_sys_data_connected_3g_capability
06-20 19:22:22.137 I/NetworkController.ClusterView(  971): CdmaDataVisible: gone ,CdmaSignalVisible: gone, Gsm2SignalVisible: gone ,Gsm2SignalVisible: gone
06-20 19:22:22.137 D/StatusBar.NetworkController(  971): dumpIconState[mCdmaDataVisible=false mCdmaDataIconId=(null) mCdmaPhoneSignalVisible=false mCdmaSignalIconId=(null)][mGsm1DataVisible=true mGsm1DataIconId=stat_sys_data_connected_3g_capability mGsm1PhoneSignalVisible=true mGsm1SignalIconId=cdma_stat_sys_s1_5signal_5][mGsm2DataVisible=false mGsm2DataIconId=(null) mGsm2PhoneSignalVisible=false mGsm2SignalIconId=cdma_stat_sys_s2_5signal_null][wifiVisible=true wifiIconId=stat_sys_wifi_signal_4 airplaneMode=false]
06-20 19:22:22.137 W/NetworkController.TELEPHONY_CALLBACK(  971): onSignalStrengthsChangedExt: phoneType=1 signalStrength=SignalStrength: 19 -1 -1 -1 -1 -1 -1 -1 -1 -1 -1 -1 gsm|lte
06-20 19:22:22.137 D/NetworkController.SIGNAL_ICON(  971): ------updatSignalStrength---
06-20 19:22:22.137 D/NetworkController.SIGNAL_ICON(  971): updatSignalStrength: mCdmaNoSim=false, mGsm1NoSim=false, mGsm2NoSim=true
06-20 19:22:22.147 D/NetworkController.SIGNAL_ICON(  971): updatSignalStrength: asu=19 isGsmRoaming=false gsmNetworkType=8
06-20 19:22:22.147 D/NetworkController.SIGNAL_ICON(  971): ---mapTelephonySignalStrength
06-20 19:22:22.147 D/NetworkController.SIGNAL_ICON(  971): mapTelephonySignalStrength: maxLevel=5 asu=19 networkType=HSDPA
06-20 19:22:22.147 D/NetworkController.SIGNAL_ICON(  971): mapTelephonySignalStrength: return iconLevel=5
06-20 19:22:22.147 D/NetworkController.SIGNAL_ICON(  971): updatSignalStrength: GSM1 SignalStrength: cdma_stat_sys_s1_5signal_5
06-20 19:22:22.147 I/StatusBar.NetworkController(  971): refreshSignalCluster phoneType5
06-20 19:22:22.147 I/NetworkController.ClusterView(  971): WifiVisible:true ,WifiIcon:stat_sys_wifi_signal_4,IsAirplaneMode:false ,AirplaneIcon:stat_sys_signal_flightmode,IsSlot1NoSim: false ,Slot1NoSimIcon: stat_sys_no_sim,IsSlot2NoSim: true ,Slot2NoSimIcon: stat_sys_no_sim
06-20 19:22:22.147 I/NetworkController.ClusterView(  971): Gsm1SignalVisible:true ,Gsm1SignalIcon: cdma_stat_sys_s1_5signal_5 ,Gsm1DataVisible:true ,Gsm1DataIcon: stat_sys_data_connected_3g_capability
06-20 19:22:22.147 I/NetworkController.ClusterView(  971): CdmaDataVisible: gone ,CdmaSignalVisible: gone, Gsm2SignalVisible: gone ,Gsm2SignalVisible: gone
06-20 19:22:22.147 I/StatusBar.NetworkController(  971): refreshSignalCluster phoneType1
06-20 19:22:22.147 I/NetworkController.ClusterView(  971): WifiVisible:true ,WifiIcon:stat_sys_wifi_signal_4,IsAirplaneMode:false ,AirplaneIcon:stat_sys_signal_flightmode,IsSlot1NoSim: false ,Slot1NoSimIcon: stat_sys_no_sim,IsSlot2NoSim: true ,Slot2NoSimIcon: stat_sys_no_sim
06-20 19:22:22.147 I/NetworkController.ClusterView(  971): Gsm1SignalVisible:true ,Gsm1SignalIcon: cdma_stat_sys_s1_5signal_5 ,Gsm1DataVisible:true ,Gsm1DataIcon: stat_sys_data_connected_3g_capability
06-20 19:22:22.147 I/NetworkController.ClusterView(  971): CdmaDataVisible: gone ,CdmaSignalVisible: gone, Gsm2SignalVisible: gone ,Gsm2SignalVisible: gone
06-20 19:22:22.147 D/StatusBar.NetworkController(  971): dumpIconState[mCdmaDataVisible=false mCdmaDataIconId=(null) mCdmaPhoneSignalVisible=false mCdmaSignalIconId=(null)][mGsm1DataVisible=true mGsm1DataIconId=stat_sys_data_connected_3g_capability mGsm1PhoneSignalVisible=true mGsm1SignalIconId=cdma_stat_sys_s1_5signal_5][mGsm2DataVisible=false mGsm2DataIconId=(null) mGsm2PhoneSignalVisible=false mGsm2SignalIconId=cdma_stat_sys_s2_5signal_null][wifiVisible=true wifiIconId=stat_sys_wifi_signal_4 airplaneMode=false]
06-20 19:22:22.207 D/MSF.C.NetConnTag(  390): [E]netRecv ssoSeq:55071 uin:*6530
06-20 19:22:22.217 I/AutoMonitor(  369): QQInitialize, cost=5676, totalFailCount=0
06-20 19:22:22.227 I/QZLog   (15529): [E]clear crash count with no crash
06-20 19:22:22.237 D/MainService(  369): [MSF End]ProfileService.GetSimpleInfo,cost=115ms.
06-20 19:22:22.247 D/MainService(  369): [MSF End]ProfileService.GetRichSig,cost=15ms.
06-20 19:22:22.277 I/GservicesProvider(20479): main update completed
06-20 19:22:22.307 D/MainService(  369): [MSF End]ProfileService.GetRichSig,cost=58ms.
06-20 19:22:22.307 D/MainService(  369): [MSF End]App_GetDataCount,cost=0ms.
06-20 19:22:22.307 D/MainService(  369): [MSF End]AvatarUpdate.checkUpdate,cost=1ms.
06-20 19:22:22.347 D/MainService(  369): [MSF End]ProfileService.GetRichSig,cost=42ms.
06-20 19:22:22.377 D/libc    (  390): [NET] getaddrinfo  hn 20, servname NULL, ai_family 0+
06-20 19:22:22.377 D/libc    (  390): [NET] ht 0x6e65772d657665
06-20 19:22:22.377 D/libc    (  390): [NET] getaddrinfo-exit,err=8
06-20 19:22:22.377 D/libc    (  390): [NET] getaddrinfo  hn 20, servname NULL, ai_family 0+
06-20 19:22:22.377 D/libc    (  390): [NET] ht 0x6e65772d657665
06-20 19:22:22.377 D/libc    (  390): [NET] getaddrinfo  hn 20, servname NULL, ai_family 0+
06-20 19:22:22.377 D/libc    (  390): [NET] android_getaddrinfo_proxy+
06-20 19:22:22.377 D/libc    (  390): [NET]android_getaddrinfo_proxy+
06-20 19:22:22.377 D/libc    (  390): [NET] check propname+
06-20 19:22:22.377 D/libc    (  390): [NET] check propname-
06-20 19:22:22.387 D/libc    (  254): [NET] getaddrinfo  hn 20, servname NULL, ai_family 0+
06-20 19:22:22.387 D/libc    (  254): [NET] ht 0x6e65772d657665
06-20 19:22:22.387 D/libc    (  254): [NET] getaddrinfo  hn 20, servname NULL, ai_family 0+
06-20 19:22:22.387 D/libc    (  254): [NET] android_getaddrinfo_proxy+
06-20 19:22:22.387 D/libc    (  254): [NET]android_getaddrinfo_proxy+
06-20 19:22:22.387 D/libc    (  254): [NET] android_getaddrinfo_proxy-
06-20 19:22:22.387 D/libc    (  254): [NET]_files_getaddrinfo+
06-20 19:22:22.387 D/libc    (  254): [NET]_files_getaddrinfo-,1
06-20 19:22:22.387 D/libc    (  254): [NET]_dns_getaddrinfo+
06-20 19:22:22.387 D/libc    (  254): [NET] getaddrinfo  hn 8, servname 53, ai_family 0+
06-20 19:22:22.387 D/libc    (  254): [NET] ht 0x31302e312e312e
06-20 19:22:22.387 D/libc    (  254): [NET] getaddrinfo-exit SUCCESS
06-20 19:22:22.387 D/libc    (  254): [NET] res_searchN : calling res_querydomainN without domain
06-20 19:22:22.387 D/libc    (  254): [NET]NOT IN CACHE
06-20 19:22:22.387 D/libc    (  254): [NET]res_nsend:cache status =1
06-20 19:22:22.397 D/MainService(  369): [MSF End]ProfileService.GetRichSig,cost=48ms.
06-20 19:22:22.407 D/MainService(  369): [MSF End]account.RequestQueryQQBindingStat,cost=1ms.
06-20 19:22:22.407 D/libc    (  254): [NET][SMD][v0204] Extended TTL = 43200, original TTL = 71 (expires=1403263413,expires_ext=1403306542,now=1403263342)
06-20 19:22:22.407 D/libc    (  254): [NET]_cache_add_p: entry 16 added (count=16), e=0x4018e840 (e->expires=1403263413)
06-20 19:22:22.407 D/libc    (  254): [NET]res_nsend:resplen=239
06-20 19:22:22.407 D/libc    (  254): [NET]res_queryN: exit 3, ancount=12
06-20 19:22:22.407 D/libc    (  254): [NET]_dns_getaddrinfo-,0
06-20 19:22:22.407 D/libc    (  254): [NET] getaddrinfo-exit SUCCESS
06-20 19:22:22.407 D/libc    (  390): [NET]android_getaddrinfo_proxy-,1
06-20 19:22:22.407 D/libc    (  390): [NET] getaddrinfo-exit 1
06-20 19:22:22.407 I/global  (  390): call createSocket() return a new socket.
06-20 19:22:22.407 D/libc    (  390): [NET] getaddrinfo  hn 13, servname NULL, ai_family 0+
06-20 19:22:22.407 D/libc    (  390): [NET] ht 0x36312e3135312e
06-20 19:22:22.407 D/libc    (  390): [NET] getaddrinfo-exit SUCCESS
06-20 19:22:22.407 D/PowerManagerService(  692): acquireWakeLock(42d1feb0): PARTIAL_WAKE_LOCK , tag=Checkin Handoff, flags=0x1, pid=20497, uid=10167
06-20 19:22:22.417 D/PowerManagerService(  692): releaseWakeLock(42d1feb0): PARTIAL_WAKE_LOCK , tag=Checkin Handoff, flags=0x1
06-20 19:22:22.427 V/GA-SERVICE(20497): Thread[IntentService[RefreshEnabledStateService],5,main]: Update service enabled state to: 1
06-20 19:22:22.427 I/PackageManager(  692):  setEnabledSetting(), pkgName=com.google.android.gms, clsName=com.google.android.gms.analytics.service.AnalyticsService, state=1, flag=1, pid=20497, uid=10167, userID:0
06-20 19:22:22.488 E/CommandListener(  254): [TIMEOUT]
06-20 19:22:22.488 D/PowerManagerService(  692): acquireWakeLock(422fefb0): PARTIAL_WAKE_LOCK , tag=Event Log Handoff, flags=0x1, pid=20497, uid=10167
06-20 19:22:22.498 D/LocationManagerService(  692): incoming location from: network
06-20 19:22:22.498 D/LocationManagerService(  692): incoming location from: network
06-20 19:22:22.498 D/PowerManagerService(  692): acquireWakeLock(42ccb320): PARTIAL_WAKE_LOCK , tag=Event Log Service, flags=0x1, pid=20497, uid=10167
06-20 19:22:22.498 D/PowerManagerService(  692): releaseWakeLock(422fefb0): PARTIAL_WAKE_LOCK , tag=Event Log Handoff, flags=0x1
06-20 19:22:22.498 D/PowerManagerService(  692): acquireWakeLock(42411bf8): PARTIAL_WAKE_LOCK , tag=LocationManagerService, flags=0x1, pid=692, uid=1000
06-20 19:22:22.498 D/PowerManagerService(  692): releaseWakeLock(42411bf8): PARTIAL_WAKE_LOCK , tag=LocationManagerService, flags=0x1
06-20 19:22:22.508 I/EventLogService(20497): Aggregate from 1403263334362 (log), 1402721001408 (data)
06-20 19:22:22.508 I/SystemUpdateService(20497): acquiring wakelock
06-20 19:22:22.508 D/PowerManagerService(  692): acquireWakeLock(42836640): PARTIAL_WAKE_LOCK , tag=LocationManagerService, flags=0x1, pid=692, uid=1000
06-20 19:22:22.508 D/QMI_FW  (  692): QCCI: QMI_CCI_TX: cntl_flag - 00, txn_id - 080e, msg_id - 0039, msg_len - 0021
06-20 19:22:22.508 D/QMI_FW  (  692): QCCI: QMUXD: xport_send[1 -> 16]: 40 bytes on conn_id=9
06-20 19:22:22.508 D/PowerManagerService(  692): releaseWakeLock(42836640): PARTIAL_WAKE_LOCK , tag=LocationManagerService, flags=0x1
06-20 19:22:22.508 D/PowerManagerService(  692): acquireWakeLock(42c28910): PARTIAL_WAKE_LOCK , tag=SystemUpdateService, flags=0x1, pid=20497, uid=10167
06-20 19:22:22.518 I/SystemUpdateService(20497): onCreate
06-20 19:22:22.518 D/GCM     (20479): GcmService start Intent { act=com.google.gservices.intent.action.GSERVICES_CHANGED flg=0x10 cmp=com.google.android.gms/.gcm.GcmService } com.google.gservices.intent.action.GSERVICES_CHANGED
06-20 19:22:22.528 D/QMI_FW  (  692): QCCI: QMUXD: xport_rx[1 <- 16]: 14 bytes on conn_id: 9
06-20 19:22:22.528 D/QMI_FW  (  692): QCCI: QMI_CCI_RX: cntl_flag - 02, txn_id - 080e, msg_id - 0039, msg_len - 0007
06-20 19:22:22.528 D/PowerManagerService(  692): acquireWakeLock(42822bc0): PARTIAL_WAKE_LOCK , tag=AlarmManager, flags=0x1, pid=692, uid=1000
06-20 19:22:22.528 V/AlarmManager(  692): sending alarm PendingIntent{42bd4d98: PendingIntentRecord{42d3d000 com.google.android.gms startService}}, intent=null, type=ELAPSED_REALTIME_WAKEUP, count=6, when=604800000, repeateInterval=86400000
06-20 19:22:22.528 D/PowerManagerService(  692): releaseWakeLock(42822bc0): PARTIAL_WAKE_LOCK , tag=AlarmManager, flags=0x1
06-20 19:22:22.538 W/EventLogAggregator(20497): Unknown tag: faceunlock
06-20 19:22:22.538 W/EventLogAggregator(20497): Unknown tag: faceunlock_failure
06-20 19:22:22.538 W/EventLogAggregator(20497): Unknown tag: faceunlock_recognized
06-20 19:22:22.538 W/EventLogAggregator(20497): Unknown tag: faceunlock_rejected
06-20 19:22:22.538 D/GpsLocationProvider(  692): [reportHTCStatus] eventMask = 2 , status = 0
06-20 19:22:22.538 D/GpsLocationProvider(  692): [reportHTCStatus] INJECT_LOCATION
06-20 19:22:22.538 D/QMI_FW  (  692): QCCI: QMUXD: xport_rx[1 <- 16]: 14 bytes on conn_id: 9
06-20 19:22:22.538 D/QMI_FW  (  692): QCCI: QMI_CCI_RX: cntl_flag - 04, txn_id - 0000, msg_id - 0039, msg_len - 0007
06-20 19:22:22.548 E/CommandListener(  254): error sending retrieving ipv6 gateway:Invalid argument
06-20 19:22:22.548 E/WifiStateMachine(  692): Error in requestRtSol for interface wlan0, :java.lang.IllegalStateException: command '3409 rtsol wlan0' failed with '400 3409 Invalid argument'
06-20 19:22:22.548 W/FrameworkListener(  254): Handler 'rtsol' error (Invalid argument)
06-20 19:22:22.548 E/NetdConnector(  692): NDC Command {3409 rtsol wlan0} took too long (5118ms)
06-20 19:22:22.558 I/SystemUpdateService(20497): cancelUpdate (empty URL)
06-20 19:22:22.598 I/GCM     (20479): GCM config loaded
06-20 19:22:22.638 I/HtcModeClient( 5613): handler message = 4011
06-20 19:22:22.638 E/HtcModeClient( 5613): Check connection and retry 2 times.
06-20 19:22:22.678 D/HtcAutoBrightnessCtrl(  692): TPE algorithm. schedule timeout.
06-20 19:22:22.678 D/HtcAutoBrightnessCtrl(  692): ALG=2, lsvalue=320(5th)->225(4th), last_level=5, lValue=142->142
06-20 19:22:22.758 I/SystemUpdateService(20497): cancelUpdate (empty URL)
06-20 19:22:22.768 D/PowerManagerService(  692): acquireWakeLock(42c189d0): PARTIAL_WAKE_LOCK , tag=Icing, flags=0x1, pid=20497, uid=10167
06-20 19:22:22.768 D/PowerManagerService(  692): releaseWakeLock(42c189d0): PARTIAL_WAKE_LOCK , tag=Icing, flags=0x1
06-20 19:22:22.788 W/GLSUser (20479): GoogleAccountDataService.getToken()
06-20 19:22:22.798 D/SystemEventReceiver(20497): Received GSERVICES_CHANGED broadcast
06-20 19:22:22.828 I/OcrUtils(20497): Updating ocr activity enabled=false
06-20 19:22:22.838 I/PackageManager(  692):  setEnabledSetting(), pkgName=com.google.android.gms, clsName=com.google.android.gms.ocr.SecuredCreditCardOcrActivity, state=2, flag=1, pid=20497, uid=10167, userID:0
06-20 19:22:22.858 I/CheckinTask(20497): Sending checkin request (2496 bytes)
06-20 19:22:22.948 I/QZoneConfigService(15529): [E]mainProcess=true
06-20 19:22:22.998 I/SystemUpdateService(20497): releasing wakelock
06-20 19:22:22.998 I/GCoreUlr( 9360): Starting service, intent=Intent { act=com.google.android.location.reporting.ACTION_UPDATE_WORLD cmp=com.google.android.gms/com.google.android.location.reporting.service.DispatchingService (has extras) }, extras=Bundle[{receiverAction=com.google.gservices.intent.action.GSERVICES_CHANGED}]
06-20 19:22:22.998 D/PowerManagerService(  692): releaseWakeLock(42c28910): PARTIAL_WAKE_LOCK , tag=SystemUpdateService, flags=0x1
06-20 19:22:23.008 D/PowerManagerService(  692): acquireWakeLock(42a2ca20): PARTIAL_WAKE_LOCK , tag=UlrDispatchingService, flags=0x1, pid=9360, uid=10167
06-20 19:22:23.008 D/PowerManagerService(  692): acquireWakeLock(42b20a20): PARTIAL_WAKE_LOCK , tag=MicroMsg.WakerLock, flags=0x1, pid=13922, uid=10170
06-20 19:22:23.008 W/ActivityManager(  692): Permission Denial: getCurrentUser() from pid=9360, uid=10167 requires android.permission.INTERACT_ACROSS_USERS
06-20 19:22:23.008 D/PowerManagerService(  692): acquireWakeLock(4261d658): PARTIAL_WAKE_LOCK , tag=MicroMsg.WakerLock, flags=0x1, pid=11545, uid=10170
06-20 19:22:23.018 D/PowerManagerService(  692): acquireWakeLock(428b4670): PARTIAL_WAKE_LOCK , tag=MicroMsg.WakerLock, flags=0x1, pid=11545, uid=10170
06-20 19:22:23.108 F/MultiUserUtil( 9360): null
06-20 19:22:23.108 F/MultiUserUtil( 9360): java.lang.reflect.InvocationTargetException
06-20 19:22:23.108 F/MultiUserUtil( 9360): 	at java.lang.reflect.Method.invokeNative(Native Method)
06-20 19:22:23.108 F/MultiUserUtil( 9360): 	at java.lang.reflect.Method.invoke(Method.java:511)
06-20 19:22:23.108 F/MultiUserUtil( 9360): 	at jum.a(SourceFile:57)
06-20 19:22:23.108 F/MultiUserUtil( 9360): 	at jrv.handleMessage(SourceFile:321)
06-20 19:22:23.108 F/MultiUserUtil( 9360): 	at android.os.Handler.dispatchMessage(Handler.java:99)
06-20 19:22:23.108 F/MultiUserUtil( 9360): 	at android.os.Looper.loop(Looper.java:158)
06-20 19:22:23.108 F/MultiUserUtil( 9360): 	at android.os.HandlerThread.run(HandlerThread.java:60)
06-20 19:22:23.108 F/MultiUserUtil( 9360): Caused by: java.lang.SecurityException: Permission Denial: getCurrentUser() from pid=9360, uid=10167 requires android.permission.INTERACT_ACROSS_USERS
06-20 19:22:23.108 F/MultiUserUtil( 9360): 	at android.os.Parcel.readException(Parcel.java:1434)
06-20 19:22:23.108 F/MultiUserUtil( 9360): 	at android.os.Parcel.readException(Parcel.java:1388)
06-20 19:22:23.108 F/MultiUserUtil( 9360): 	at android.app.ActivityManagerProxy.getCurrentUser(ActivityManagerNative.java:4189)
06-20 19:22:23.108 F/MultiUserUtil( 9360): 	at android.app.ActivityManager.getCurrentUser(ActivityManager.java:1956)
06-20 19:22:23.108 F/MultiUserUtil( 9360): 	... 7 more
06-20 19:22:23.108 I/GCoreUlr( 9360): WorldUpdater received intent Intent { act=com.google.android.location.reporting.ACTION_UPDATE_WORLD cmp=com.google.android.gms/com.google.android.location.reporting.service.DispatchingService (has extras) } with receiverAction com.google.gservices.intent.action.GSERVICES_CHANGED
06-20 19:22:23.108 D/GCoreUlr( 9360): Throttling analytics event: db, clear_old:attempt, 1
06-20 19:22:23.128 E/ALSAModule(  258): s_standby handle h 0x41164880
06-20 19:22:23.168 D/GCoreUlr( 9360): Throttling analytics event: db, clear_old:attempt, 1
06-20 19:22:23.178 D/GCoreUlr( 9360): Throttling analytics event: db, clear_old:attempt, 1
06-20 19:22:23.208 D/PowerManagerService(  692): acquireWakeLock(42ac9520): PARTIAL_WAKE_LOCK , tag=MicroMsg.WakerLock, flags=0x1, pid=11545, uid=10170
06-20 19:22:23.208 D/PowerManagerService(  692): releaseWakeLock(42ccb320): PARTIAL_WAKE_LOCK , tag=Event Log Service, flags=0x1
06-20 19:22:23.218 D/libc    (11545): [NET] getaddrinfo  hn 15, servname NULL, ai_family 0+
06-20 19:22:23.218 D/libc    (11545): [NET] ht 0x3130312e323237
06-20 19:22:23.218 D/libc    (11545): [NET] getaddrinfo-exit SUCCESS
06-20 19:22:23.218 D/libc    (11545): [NET] getaddrinfo  hn 15, servname NULL, ai_family 0+
06-20 19:22:23.218 D/libc    (11545): [NET] ht 0x3130312e323237
06-20 19:22:23.218 D/libc    (11545): [NET] getaddrinfo-exit SUCCESS
06-20 19:22:23.218 D/libc    (11545): [NET] getaddrinfo  hn 13, servname NULL, ai_family 0+
06-20 19:22:23.218 D/libc    (11545): [NET] ht 0x3138302e313636
06-20 19:22:23.218 D/libc    (11545): [NET] getaddrinfo-exit SUCCESS
06-20 19:22:23.218 D/PowerManagerService(  692): acquireWakeLock(42b234a8): PARTIAL_WAKE_LOCK , tag=MicroMsg.WakerLock, flags=0x1, pid=13922, uid=10170
06-20 19:22:23.218 D/PowerManagerService(  692): releaseWakeLock(42b234a8): PARTIAL_WAKE_LOCK , tag=MicroMsg.WakerLock, flags=0x1
06-20 19:22:23.238 E/GCoreUlr( 9360): Error deleting /data/data/com.google.android.gms/files/flog
06-20 19:22:23.248 E/GCoreUlr( 9360): Error deleting /data/data/com.google.android.gms/files/flog
06-20 19:22:23.278 E/ALSAModule(  258): Number of modifiers 0
06-20 19:22:23.278 E/ALSAModule(  258): usecase_type is 0
06-20 19:22:23.278 D/PowerManagerService(  692): releaseWakeLock(42b17800): PARTIAL_WAKE_LOCK , tag=AudioOut_4, flags=0x1
06-20 19:22:23.338 W/dalvikvm( 9360): VFY: unable to resolve virtual method 1178: Landroid/accounts/AccountManager;.getAccountsByTypeForPackage (Ljava/lang/String;Ljava/lang/String;)[Landroid/accounts/Account;
06-20 19:22:23.338 W/dalvikvm( 9360): VFY: unable to resolve virtual method 2635: Landroid/os/UserManager;.getApplicationRestrictions (Ljava/lang/String;)Landroid/os/Bundle;
06-20 19:22:23.338 W/dalvikvm( 9360): VFY: unable to resolve virtual method 2637: Landroid/os/UserManager;.getUserRestrictions ()Landroid/os/Bundle;
06-20 19:22:23.429 E/Comm    (15626): error
06-20 19:22:23.429 E/Comm    (15626): java.lang.IllegalArgumentException: column 'dataUrl' does not exist
06-20 19:22:23.429 E/Comm    (15626): 	at android.database.AbstractCursor.getColumnIndexOrThrow(AbstractCursor.java:309)
06-20 19:22:23.429 E/Comm    (15626): 	at android.database.CursorWrapper.getColumnIndexOrThrow(CursorWrapper.java:82)
06-20 19:22:23.429 E/Comm    (15626): 	at com.htc.socialnetwork.wechatplugin.sync.WeChatSocialPluginService.getStream(WeChatSocialPluginService.java:142)
06-20 19:22:23.429 E/Comm    (15626): 	at com.htc.socialnetwork.wechatplugin.sync.WeChatSocialPluginService.syncSnsActivityStreams(WeChatSocialPluginService.java:69)
06-20 19:22:23.429 E/Comm    (15626): 	at com.htc.socialnetwork.sns.sync.SyncSocialPluginService$SocialPluginStub.syncActivityStreams(SyncSocialPluginService.java:58)
06-20 19:22:23.429 E/Comm    (15626): 	at com.htc.opensense.social.AbstractSocialPlugin$Transport$1.run(AbstractSocialPlugin.java:47)
06-20 19:22:23.429 E/Comm    (15626): 	at java.lang.Thread.run(Thread.java:864)
06-20 19:22:23.429 I/Comm    (15626): [ Thread-9668: WeChatSocialPluginService.java:73 syncSnsActivityStreams ] - start writing to db
06-20 19:22:23.439 D/CaptivePortalTracker(  692): DelayedCaptiveCheckState
06-20 19:22:23.439 D/libc    (  692): [NET] getaddrinfo  hn 19, servname NULL, ai_family 0+
06-20 19:22:23.439 D/libc    (  692): [NET] ht 0x636c69656e7473
06-20 19:22:23.439 D/libc    (  692): [NET] getaddrinfo-exit,err=8
06-20 19:22:23.439 D/libc    (  692): [NET] getaddrinfo  hn 19, servname NULL, ai_family 0+
06-20 19:22:23.439 D/libc    (  692): [NET] ht 0x636c69656e7473
06-20 19:22:23.439 D/libc    (  692): [NET] getaddrinfo  hn 19, servname NULL, ai_family 0+
06-20 19:22:23.439 D/libc    (  692): [NET] android_getaddrinfo_proxy+
06-20 19:22:23.439 D/libc    (  692): [NET]android_getaddrinfo_proxy+
06-20 19:22:23.439 D/libc    (  692): [NET] check propname+
06-20 19:22:23.439 D/libc    (  692): [NET] check propname-
06-20 19:22:23.439 D/libc    (  254): [NET] getaddrinfo  hn 19, servname NULL, ai_family 0+
06-20 19:22:23.439 D/libc    (  254): [NET] ht 0x636c69656e7473
06-20 19:22:23.439 D/libc    (  254): [NET] getaddrinfo  hn 19, servname NULL, ai_family 0+
06-20 19:22:23.439 D/libc    (  254): [NET] android_getaddrinfo_proxy+
06-20 19:22:23.439 D/libc    (  254): [NET]android_getaddrinfo_proxy+
06-20 19:22:23.439 D/libc    (  254): [NET] android_getaddrinfo_proxy-
06-20 19:22:23.439 D/libc    (  254): [NET]_files_getaddrinfo+
06-20 19:22:23.439 D/libc    (  254): [NET]_files_getaddrinfo-,1
06-20 19:22:23.439 D/libc    (  254): [NET]_dns_getaddrinfo+
06-20 19:22:23.439 D/libc    (  254): [NET] getaddrinfo  hn 8, servname 53, ai_family 0+
06-20 19:22:23.439 D/libc    (  254): [NET] ht 0x31302e312e312e
06-20 19:22:23.439 D/libc    (  254): [NET] getaddrinfo-exit SUCCESS
06-20 19:22:23.439 D/libc    (  254): [NET] res_searchN : calling res_querydomainN without domain
06-20 19:22:23.439 D/libc    (  254): [NET]NOT IN CACHE
06-20 19:22:23.439 D/libc    (  254): [NET]res_nsend:cache status =1
06-20 19:22:23.439 D/libc    (  254): [NET][SMD][v0204] Extended TTL = 43200, original TTL = 142 (expires=1403263485,expires_ext=1403306543,now=1403263343)
06-20 19:22:23.439 D/libc    (  254): [NET]_cache_add_p: entry 17 added (count=17), e=0x4003c368 (e->expires=1403263485)
06-20 19:22:23.439 D/libc    (  254): [NET]res_nsend:resplen=207
06-20 19:22:23.439 D/libc    (  254): [NET]res_queryN: exit 3, ancount=8
06-20 19:22:23.439 D/libc    (  254): [NET]_dns_getaddrinfo-,0
06-20 19:22:23.439 D/libc    (  254): [NET] getaddrinfo-exit SUCCESS
06-20 19:22:23.439 D/libc    (  692): [NET]android_getaddrinfo_proxy-,1
06-20 19:22:23.439 D/libc    (  692): [NET] getaddrinfo-exit 1
06-20 19:22:23.439 D/CaptivePortalTracker(  692): Checking http://74.125.136.138/generate_204
06-20 19:22:23.439 D/libc    (  692): [NET] getaddrinfo  hn 14, servname NULL, ai_family 0+
06-20 19:22:23.439 D/libc    (  692): [NET] ht 0x37342e3132352e
06-20 19:22:23.439 D/libc    (  692): [NET] getaddrinfo-exit SUCCESS
06-20 19:22:23.449 D/libc    (  692): [NET] getaddrinfo  hn 14, servname NULL, ai_family 0+
06-20 19:22:23.449 D/libc    (  692): [NET] ht 0x37342e3132352e
06-20 19:22:23.449 D/libc    (  692): [NET] getaddrinfo-exit SUCCESS
06-20 19:22:23.449 D/libc    (  692): [NET] getaddrinfo  hn 14, servname NULL, ai_family 0+
06-20 19:22:23.449 D/libc    (  692): [NET] ht 0x37342e3132352e
06-20 19:22:23.449 D/libc    (  692): [NET] getaddrinfo-exit SUCCESS
06-20 19:22:23.449 I/dalvikvm-heap(15626): Grow heap (frag case) to 6.925MB for 33640-byte allocation
06-20 19:22:23.459 I/FeedHostManager( 1198): autoRefresh skipped
06-20 19:22:23.469 W/CursorWrapperInner(15626): Cursor finalized without prior close()
06-20 19:22:23.509 D/libc    ( 1249): [NET] getaddrinfo  hn 12, servname NULL, ai_family 0+
06-20 19:22:23.509 D/libc    ( 1249): [NET] ht 0x6170732e616d61
06-20 19:22:23.509 D/libc    ( 1249): [NET] getaddrinfo-exit,err=8
06-20 19:22:23.509 D/libc    ( 1249): [NET] getaddrinfo  hn 12, servname NULL, ai_family 0+
06-20 19:22:23.509 D/libc    ( 1249): [NET] ht 0x6170732e616d61
06-20 19:22:23.509 D/libc    ( 1249): [NET] getaddrinfo  hn 12, servname NULL, ai_family 0+
06-20 19:22:23.509 D/libc    ( 1249): [NET] android_getaddrinfo_proxy+
06-20 19:22:23.509 D/libc    ( 1249): [NET]android_getaddrinfo_proxy+
06-20 19:22:23.509 D/libc    ( 1249): [NET] check propname+
06-20 19:22:23.509 D/libc    ( 1249): [NET] check propname-
06-20 19:22:23.509 D/libc    (  254): [NET] getaddrinfo  hn 12, servname NULL, ai_family 0+
06-20 19:22:23.509 D/libc    (  254): [NET] ht 0x6170732e616d61
06-20 19:22:23.509 D/libc    (  254): [NET] getaddrinfo  hn 12, servname NULL, ai_family 0+
06-20 19:22:23.509 D/libc    (  254): [NET] android_getaddrinfo_proxy+
06-20 19:22:23.509 D/libc    (  254): [NET]android_getaddrinfo_proxy+
06-20 19:22:23.509 D/libc    (  254): [NET] android_getaddrinfo_proxy-
06-20 19:22:23.509 D/libc    (  254): [NET]_files_getaddrinfo+
06-20 19:22:23.509 D/libc    (  254): [NET]_files_getaddrinfo-,1
06-20 19:22:23.509 D/libc    (  254): [NET]_dns_getaddrinfo+
06-20 19:22:23.509 D/libc    (  254): [NET] getaddrinfo  hn 8, servname 53, ai_family 0+
06-20 19:22:23.509 D/libc    (  254): [NET] ht 0x31302e312e312e
06-20 19:22:23.509 D/libc    (  254): [NET] getaddrinfo-exit SUCCESS
06-20 19:22:23.509 D/libc    (  254): [NET] res_searchN : calling res_querydomainN without domain
06-20 19:22:23.509 D/libc    (  254): [NET]NOT IN CACHE
06-20 19:22:23.509 D/libc    (  254): [NET]res_nsend:cache status =1
06-20 19:22:23.519 D/libc    (  254): [NET][SMD][v0204] Extended TTL = 43200, original TTL = 30 (expires=1403263373,expires_ext=1403306543,now=1403263343)
06-20 19:22:23.519 D/libc    (  254): [NET]_cache_add_p: entry 18 added (count=18), e=0x400405e0 (e->expires=1403263373)
06-20 19:22:23.519 D/libc    (  254): [NET]res_nsend:resplen=174
06-20 19:22:23.519 D/libc    (  254): [NET]res_queryN: exit 3, ancount=9
06-20 19:22:23.519 D/libc    (  254): [NET]_dns_getaddrinfo-,0
06-20 19:22:23.519 D/libc    (  254): [NET] getaddrinfo-exit SUCCESS
06-20 19:22:23.519 D/libc    ( 1249): [NET]android_getaddrinfo_proxy-,1
06-20 19:22:23.519 D/libc    ( 1249): [NET] getaddrinfo-exit 1
06-20 19:22:23.519 I/global  ( 1249): call createSocket() return a new socket.
06-20 19:22:23.519 D/libc    ( 1249): [NET] getaddrinfo  hn 11, servname NULL, ai_family 0+
06-20 19:22:23.519 D/libc    ( 1249): [NET] ht 0x3130362e332e33
06-20 19:22:23.519 D/libc    ( 1249): [NET] getaddrinfo-exit SUCCESS
06-20 19:22:23.609 D/LocationManagerService(  692): incoming location from: network
06-20 19:22:23.619 D/LocationManagerService(  692): incoming location from: network
06-20 19:22:23.619 D/HtcDeviceInfoManager(  692): mPassiveLocationListener: onLocationChanged()
06-20 19:22:23.619 D/AutoSetting( 5613): service - onStartCommand() action: com.htc.app.autosetting.location
06-20 19:22:23.619 D/AutoSetting( 5613): service - handleMessage() incoming message, what:1
06-20 19:22:23.619 D/AutoSetting( 5613): service - handleMessage() within range
06-20 19:22:23.619 D/PowerManagerService(  692): acquireWakeLock(426b6ab0): PARTIAL_WAKE_LOCK , tag=LocationManagerService, flags=0x1, pid=692, uid=1000
06-20 19:22:23.619 D/PowerManagerService(  692): releaseWakeLock(426b6ab0): PARTIAL_WAKE_LOCK , tag=LocationManagerService, flags=0x1
06-20 19:22:23.619 D/PowerManagerService(  692): acquireWakeLock(426b0a60): PARTIAL_WAKE_LOCK , tag=LocationManagerService, flags=0x1, pid=692, uid=1000
06-20 19:22:23.619 D/QMI_FW  (  692): QCCI: QMI_CCI_TX: cntl_flag - 00, txn_id - 080f, msg_id - 0039, msg_len - 0021
06-20 19:22:23.619 D/QMI_FW  (  692): QCCI: QMUXD: xport_send[1 -> 16]: 40 bytes on conn_id=9
