06-20 19:22:14.709 D/libc    (  254): [NET]res_queryN: exit 3, ancount=12
06-20 19:22:14.709 D/libc    (  254): [NET]_dns_getaddrinfo-,0
06-20 19:22:14.709 D/libc    (  254): [NET] getaddrinfo-exit SUCCESS
06-20 19:22:14.709 I/beforemd5(15878): /android/my/getusersavedinfo?key=1354869006768&d=00000000-65a1-710e-2c56-de2d0c9a946c&channel=baiduyidongyingyong&v=3.2&uticket=b9bbe644cdf397085d368560724828f4&t=140326333452e75231159d4d389d0cbd00720112b2
06-20 19:22:14.709 I/aftermd5(15878): http://mi.zhaopin.com/android/My/GetUserSavedInfo?key=1354869006768&d=00000000-65a1-710e-2c56-de2d0c9a946c&channel=baiduyidongyingyong&v=3.2&uticket=B9BBE644CDF397085D368560724828F4&t=1403263334&e=9daa1ea16add6fb4700704cc2333d759
06-20 19:22:14.709 D/libc    (15853): [NET]android_getaddrinfo_proxy-,1
06-20 19:22:14.709 D/libc    (15853): [NET] getaddrinfo-exit 1
06-20 19:22:14.709 I/global  (15853): call createSocket() return a new socket.
06-20 19:22:14.709 D/libc    (15853): [NET] getaddrinfo  hn 13, servname NULL, ai_family 0+
06-20 19:22:14.709 D/libc    (15853): [NET] ht 0x3232302e313831
06-20 19:22:14.709 D/libc    (15878): [NET] getaddrinfo  hn 14, servname NULL, ai_family 0+
06-20 19:22:14.709 D/libc    (15878): [NET] ht 0x6d692e7a68616f
06-20 19:22:14.709 D/libc    (15878): [NET] getaddrinfo-exit,err=8
06-20 19:22:14.709 D/libc    (15878): [NET] getaddrinfo  hn 14, servname NULL, ai_family 0+
06-20 19:22:14.709 D/libc    (15878): [NET] ht 0x6d692e7a68616f
06-20 19:22:14.709 D/libc    (15878): [NET] getaddrinfo  hn 14, servname NULL, ai_family 0+
06-20 19:22:14.709 D/libc    (15878): [NET] android_getaddrinfo_proxy+
06-20 19:22:14.709 D/libc    (15878): [NET]android_getaddrinfo_proxy+
06-20 19:22:14.709 D/libc    (15878): [NET] check propname+
06-20 19:22:14.709 D/libc    (15878): [NET] check propname-
06-20 19:22:14.719 D/libc    (  254): [NET] getaddrinfo  hn 14, servname NULL, ai_family 0+
06-20 19:22:14.719 D/libc    (  254): [NET] ht 0x6d692e7a68616f
06-20 19:22:14.719 D/libc    (  254): [NET] getaddrinfo  hn 14, servname NULL, ai_family 0+
06-20 19:22:14.719 D/libc    (  254): [NET] android_getaddrinfo_proxy+
06-20 19:22:14.719 D/libc    (  254): [NET]android_getaddrinfo_proxy+
06-20 19:22:14.719 D/libc    (  254): [NET] android_getaddrinfo_proxy-
06-20 19:22:14.719 D/libc    (15853): [NET] getaddrinfo-exit SUCCESS
06-20 19:22:14.719 D/libc    (  254): [NET]_files_getaddrinfo+
06-20 19:22:14.719 D/libc    (  254): [NET]_files_getaddrinfo-,1
06-20 19:22:14.719 D/libc    (  254): [NET]_dns_getaddrinfo+
06-20 19:22:14.719 D/libc    (  254): [NET] getaddrinfo  hn 8, servname 53, ai_family 0+
06-20 19:22:14.719 D/libc    (  254): [NET] ht 0x31302e312e312e
06-20 19:22:14.719 D/libc    (  254): [NET] getaddrinfo-exit SUCCESS
06-20 19:22:14.719 D/libc    (  254): [NET] res_searchN : calling res_querydomainN without domain
06-20 19:22:14.719 D/libc    (  254): [NET]NOT IN CACHE
06-20 19:22:14.719 D/libc    (  254): [NET]res_nsend:cache status =1
06-20 19:22:14.719 I/beforemd5(15878): /android/my/getuserdetail?key=1354869006768&d=00000000-65a1-710e-2c56-de2d0c9a946c&channel=baiduyidongyingyong&v=3.2&uticket=b9bbe644cdf397085d368560724828f4&t=140326333452e75231159d4d389d0cbd00720112b2
06-20 19:22:14.719 I/aftermd5(15878): http://mi.zhaopin.com/android/My/GetUserDetail?key=1354869006768&d=00000000-65a1-710e-2c56-de2d0c9a946c&channel=baiduyidongyingyong&v=3.2&uticket=B9BBE644CDF397085D368560724828F4&t=1403263334&e=56ee6657425fcdfd0ce0190e4fb2ef12
06-20 19:22:14.719 V/LightsService(  692): setLight #0: color=#ff787878
06-20 19:22:14.729 D/libc    (15878): [NET] getaddrinfo  hn 14, servname NULL, ai_family 0+
06-20 19:22:14.729 D/libc    (15878): [NET] ht 0x6d692e7a68616f
06-20 19:22:14.729 D/libc    (15878): [NET] getaddrinfo-exit,err=8
06-20 19:22:14.729 D/libc    (15878): [NET] getaddrinfo  hn 14, servname NULL, ai_family 0+
06-20 19:22:14.729 D/libc    (15878): [NET] ht 0x6d692e7a68616f
06-20 19:22:14.729 D/libc    (15878): [NET] getaddrinfo  hn 14, servname NULL, ai_family 0+
06-20 19:22:14.729 D/libc    (15878): [NET] android_getaddrinfo_proxy+
06-20 19:22:14.729 D/libc    (15878): [NET]android_getaddrinfo_proxy+
06-20 19:22:14.729 D/libc    (15878): [NET] check propname+
06-20 19:22:14.729 D/libc    (15878): [NET] check propname-
06-20 19:22:14.739 D/libc    (  254): [NET] getaddrinfo  hn 14, servname NULL, ai_family 0+
06-20 19:22:14.739 D/libc    (  254): [NET] ht 0x6d692e7a68616f
06-20 19:22:14.739 D/libc    (  254): [NET] getaddrinfo  hn 14, servname NULL, ai_family 0+
06-20 19:22:14.739 D/libc    (  254): [NET] android_getaddrinfo_proxy+
06-20 19:22:14.739 D/libc    (  254): [NET]android_getaddrinfo_proxy+
06-20 19:22:14.739 D/libc    (  254): [NET] android_getaddrinfo_proxy-
06-20 19:22:14.739 D/libc    (  254): [NET]_files_getaddrinfo+
06-20 19:22:14.739 D/libc    (  254): [NET]_files_getaddrinfo-,1
06-20 19:22:14.739 D/libc    (  254): [NET]_dns_getaddrinfo+
06-20 19:22:14.739 D/libc    (  254): [NET] getaddrinfo  hn 8, servname 53, ai_family 0+
06-20 19:22:14.739 D/libc    (  254): [NET] ht 0x31302e312e312e
06-20 19:22:14.739 D/libc    (  254): [NET] getaddrinfo-exit SUCCESS
06-20 19:22:14.739 D/libc    (  254): [NET] res_searchN : calling res_querydomainN without domain
06-20 19:22:14.739 D/libc    (  254): [NET]NOT IN CACHE
06-20 19:22:14.739 D/libc    (  254): [NET]res_nsend:cache status =1
06-20 19:22:14.739 V/LightsService(  692): setLight #0: color=#ff797979
06-20 19:22:14.749 V/LightsService(  692): setLight #0: color=#ff7a7a7a
06-20 19:22:14.759 D/libc    (  254): [NET][SMD][v0204] Extended TTL = 43200, original TTL = 675 (expires=1403264009,expires_ext=1403306534,now=1403263334)
06-20 19:22:14.759 D/libc    (  254): [NET]_cache_add_p: entry 12 added (count=12), e=0x40099ae8 (e->expires=1403264009)
06-20 19:22:14.759 D/libc    (  254): [NET]res_nsend:resplen=48
06-20 19:22:14.759 D/libc    (  254): [NET]res_queryN: exit 3, ancount=1
06-20 19:22:14.759 D/libc    (  254): [NET]_dns_getaddrinfo-,0
06-20 19:22:14.759 D/libc    (  254): [NET] getaddrinfo-exit SUCCESS
06-20 19:22:14.759 D/libc    (15878): [NET]android_getaddrinfo_proxy-,1
06-20 19:22:14.759 D/libc    (15878): [NET] getaddrinfo-exit 1
06-20 19:22:14.759 I/global  (15878): call createSocket() return a new socket.
06-20 19:22:14.769 D/libc    (  254): [NET]res_nsend:resplen=48
06-20 19:22:14.769 D/libc    (  254): [NET]res_queryN: exit 3, ancount=1
06-20 19:22:14.769 D/libc    (  254): [NET]_dns_getaddrinfo-,0
06-20 19:22:14.769 D/libc    (  254): [NET] getaddrinfo-exit SUCCESS
06-20 19:22:14.769 D/libc    (15878): [NET] getaddrinfo  hn 14, servname NULL, ai_family 0+
06-20 19:22:14.769 D/libc    (15878): [NET] ht 0x3231312e39392e
06-20 19:22:14.769 D/libc    (15878): [NET] getaddrinfo-exit SUCCESS
06-20 19:22:14.769 D/libc    (15878): [NET]android_getaddrinfo_proxy-,1
06-20 19:22:14.769 D/libc    (15878): [NET] getaddrinfo-exit 1
06-20 19:22:14.769 I/global  (15878): call createSocket() return a new socket.
06-20 19:22:14.769 D/libc    (15878): [NET] getaddrinfo  hn 14, servname NULL, ai_family 0+
06-20 19:22:14.769 D/libc    (15878): [NET] ht 0x3231312e39392e
06-20 19:22:14.769 D/libc    (15878): [NET] getaddrinfo-exit SUCCESS
06-20 19:22:14.769 V/LightsService(  692): setLight #0: color=#ff7b7b7b
06-20 19:22:14.789 V/LightsService(  692): setLight #0: color=#ff7c7c7c
06-20 19:22:14.799 V/LightsService(  692): setLight #0: color=#ff7d7d7d
06-20 19:22:14.819 V/LightsService(  692): setLight #0: color=#ff7e7e7e
06-20 19:22:14.839 I/dalvikvm-heap(15878): Grow heap (frag case) to 9.290MB for 1055472-byte allocation
06-20 19:22:14.839 V/LightsService(  692): setLight #0: color=#ff7f7f7f
06-20 19:22:14.859 V/LightsService(  692): setLight #0: color=#ff808080
06-20 19:22:14.869 V/LightsService(  692): setLight #0: color=#ff818181
06-20 19:22:14.879 D/libc    (20479): [NET] getaddrinfo  hn 16, servname NULL, ai_family 0+
06-20 19:22:14.879 D/libc    (20479): [NET] ht 0x6d74616c6b2e67
06-20 19:22:14.879 D/libc    (20479): [NET] getaddrinfo-exit,err=8
06-20 19:22:14.889 V/LightsService(  692): setLight #0: color=#ff828282
06-20 19:22:14.889 D/PowerManagerService(  692): acquireWakeLock(42bf24b0): PARTIAL_WAKE_LOCK , tag=GTALK_CONN, flags=0x1, pid=20479, uid=10167
06-20 19:22:14.889 D/PowerManagerService(  692): releaseWakeLock(42bf24b0): PARTIAL_WAKE_LOCK , tag=GTALK_CONN, flags=0x1
06-20 19:22:14.909 V/LightsService(  692): setLight #0: color=#ff838383
06-20 19:22:14.919 V/LightsService(  692): setLight #0: color=#ff848484
06-20 19:22:14.939 V/LightsService(  692): setLight #0: color=#ff858585
06-20 19:22:14.949 V/LightsService(  692): setLight #0: color=#ff868686
06-20 19:22:14.969 V/LightsService(  692): setLight #0: color=#ff888888
06-20 19:22:14.979 D/Process (15853): killProcess, pid=15853
06-20 19:22:14.979 D/Process (15853): dalvik.system.VMStack.getThreadStackTrace(Native Method)
06-20 19:22:14.979 D/Process (15853): java.lang.Thread.getStackTrace(Thread.java:599)
06-20 19:22:14.979 D/Process (15853): android.os.Process.killProcess(Process.java:1004)
06-20 19:22:14.979 D/Process (15853): com.youdao.dict.backend.PushService.killSelf(PushService.java:328)
06-20 19:22:14.979 D/Process (15853): com.youdao.dict.backend.PushService.register(PushService.java:180)
06-20 19:22:14.979 D/Process (15853): com.youdao.dict.backend.PushService.access$600(PushService.java:51)
06-20 19:22:14.979 D/Process (15853): com.youdao.dict.backend.PushService$PullTask.onPostExecute(PushService.java:732)
06-20 19:22:14.979 D/Process (15853): com.youdao.dict.backend.PushService$PullTask.onPostExecute(PushService.java:706)
06-20 19:22:14.979 D/Process (15853): com.youdao.dict.common.utils.UserTask.finish(UserTask.java:440)
06-20 19:22:14.979 D/Process (15853): com.youdao.dict.common.utils.UserTask.access$300(UserTask.java:143)
06-20 19:22:14.979 D/Process (15853): com.youdao.dict.common.utils.UserTask$InternalHandler.handleMessage(UserTask.java:454)
06-20 19:22:14.979 D/Process (15853): android.os.Handler.dispatchMessage(Handler.java:99)
06-20 19:22:14.979 D/Process (15853): android.os.Looper.loop(Looper.java:158)
06-20 19:22:14.979 D/Process (15853): android.app.ActivityThread.main(ActivityThread.java:5777)
06-20 19:22:14.979 D/Process (15853): java.lang.reflect.Method.invokeNative(Native Method)
06-20 19:22:14.979 D/Process (15853): java.lang.reflect.Method.invoke(Method.java:511)
06-20 19:22:14.979 D/Process (15853): com.android.internal.os.ZygoteInit$MethodAndArgsCaller.run(ZygoteInit.java:1083)
06-20 19:22:14.979 D/Process (15853): com.android.internal.os.ZygoteInit.main(ZygoteInit.java:850)
06-20 19:22:14.979 D/Process (15853): dalvik.system.NativeStart.main(Native Method)
06-20 19:22:14.979 V/LightsService(  692): setLight #8: color=#c8c800
06-20 19:22:14.979 D/lights  (  692): set_color_led color=13158400, mode=255, off_min=0, off_sec=0
06-20 19:22:14.979 D/lights  (  692): [LedInfo] without indicator attribute, red:c80000, green:c800, blue:0
06-20 19:22:14.979 V/NotificationService(  692): Charging...
06-20 19:22:14.979 V/LightsService(  692): setLight #8: color=#c80000
06-20 19:22:14.979 D/lights  (  692): set_color_led color=13107200, mode=1, off_min=0, off_sec=0
06-20 19:22:14.979 D/lights  (  692): [LedInfo] without indicator attribute, red:c80000, green:0, blue:0
06-20 19:22:14.979 D/lights  (  692): [LedInfo] write attr ok name=/sys/class/leds/amber/brightness string=1,len=1
06-20 19:22:14.979 D/lights  (  692): [LedInfo] write attr ok name=/sys/class/leds/amber/blink string=0,len=1
06-20 19:22:14.979 D/lights  (  692): [LedInfo] write attr ok name=/sys/class/leds/amber/off_timer string=0 0,len=3
06-20 19:22:14.979 D/lights  (  692): [LedInfo] write attr ok name=/sys/class/leds/green/brightness string=0,len=1
06-20 19:22:14.979 D/lights  (  692): [LedInfo] write attr ok name=/sys/class/leds/green/blink string=0,len=1
06-20 19:22:14.979 D/lights  (  692): [LedInfo] write attr ok name=/sys/class/leds/green/off_timer string=0 0,len=3
06-20 19:22:14.990 D/PowerManagerService(  692): acquireWakeLock(42cc6a98): PARTIAL_WAKE_LOCK , tag=GTALK_CONN, flags=0x1, pid=20479, uid=10167
06-20 19:22:14.990 D/PowerManagerService(  692): releaseWakeLock(42cc6a98): PARTIAL_WAKE_LOCK , tag=GTALK_CONN, flags=0x1
06-20 19:22:15.000 I/ActivityManager(  692): Recipient 15853
06-20 19:22:15.000 I/ActivityManager(  692): Process com.youdao.dict:yddictpush (pid 15853) has died.
06-20 19:22:15.000 V/LightsService(  692): setLight #0: color=#ff898989
06-20 19:22:15.000 V/LightsService(  692): setLight #0: color=#ff8a8a8a
06-20 19:22:15.020 D/OnDemandProgressBar(  971): release indeterminate drawable android.widget.OnDemandProgressBar{41c252e0 G.ED.... ......I. 0,0-0,0 #102000d android:id/progress}
06-20 19:22:15.020 V/LightsService(  692): setLight #0: color=#ff8b8b8b
06-20 19:22:15.030 D/OnDemandProgressBar(  971): new OnDemandProgressBar android.widget.OnDemandProgressBar{41c252e0 G.ED.... ......I. 0,0-0,0 #102000d android:id/progress}
06-20 19:22:15.040 I/RemoteViews.Performance(  971): apply:com.youdao.dict prepareContext:2 inflateContent:21 performApply:8 actionsCount:12 bitmapMemory:0.081
06-20 19:22:15.040 V/LightsService(  692): setLight #0: color=#ff8c8c8c
06-20 19:22:15.050 V/LightsService(  692): setLight #0: color=#ff8d8d8d
06-20 19:22:15.070 V/LightsService(  692): setLight #0: color=#ff8e8e8e
06-20 19:22:15.090 D/MyReportAgent(12372):  statusCode=[200], responseStatus=[HTTP/1.1 200 OK], response Description=[]
06-20 19:22:15.090 V/MyReportAgent(12372): BugReportService Upload Done , TAG=HTC_UB
06-20 19:22:15.090 D/MyReportAgent(12372): BugReportService Upload The absolute file path: /data/data/com.htc.reportagent/files/1403244324835@HTC_UB.bin
06-20 19:22:15.090 D/MyReportAgent(12372): S3LogCacheManager [onDelete] file /data/data/com.htc.reportagent/files/1403244324835@HTC_UB.bin is removed from the list !
06-20 19:22:15.090 D/MyReportAgent(12372): BugReportService [Start upload resuming queue files.]The file path: /data/data/com.htc.reportagent/files/1403244465950@HTC_UP.bin
06-20 19:22:15.090 V/MyReportAgent(12372): Utils getType(): 1, getSubtype: 0
06-20 19:22:15.090 D/MyReportAgent(12372): Utils isNetworkAllowed: true, isUSBNETTypeAccepted: true, isTypeWifiAccepted: true, isType2GAccepted: false, isTypeOthersAccepted: true, isUSBNETAllowed: false, isWifiAllowed: true, is2GAllowed: false, isOthersAllowed: false
06-20 19:22:15.110 D/libc    (12372): [NET] getaddrinfo  hn 45, servname NULL, ai_family 0+
06-20 19:22:15.110 D/libc    (12372): [NET] ht 0x6874632d657272
06-20 19:22:15.110 D/libc    (12372): [NET] getaddrinfo-exit,err=8
06-20 19:22:15.110 D/libc    (12372): [NET] getaddrinfo  hn 45, servname NULL, ai_family 0+
06-20 19:22:15.110 D/libc    (12372): [NET] ht 0x6874632d657272
06-20 19:22:15.110 D/libc    (12372): [NET] getaddrinfo  hn 45, servname NULL, ai_family 0+
06-20 19:22:15.110 D/libc    (12372): [NET] android_getaddrinfo_proxy+
06-20 19:22:15.110 D/libc    (12372): [NET]android_getaddrinfo_proxy+
06-20 19:22:15.110 D/libc    (12372): [NET] check propname+
06-20 19:22:15.110 D/libc    (12372): [NET] check propname-
06-20 19:22:15.110 D/libc    (  254): [NET] getaddrinfo  hn 45, servname NULL, ai_family 0+
06-20 19:22:15.110 D/libc    (  254): [NET] ht 0x6874632d657272
06-20 19:22:15.110 D/libc    (  254): [NET] getaddrinfo  hn 45, servname NULL, ai_family 0+
06-20 19:22:15.110 D/libc    (  254): [NET] android_getaddrinfo_proxy+
06-20 19:22:15.110 D/libc    (  254): [NET]android_getaddrinfo_proxy+
06-20 19:22:15.110 D/libc    (  254): [NET] android_getaddrinfo_proxy-
06-20 19:22:15.110 D/libc    (  254): [NET]_files_getaddrinfo+
06-20 19:22:15.110 D/libc    (  254): [NET]_files_getaddrinfo-,1
06-20 19:22:15.110 D/libc    (  254): [NET]_dns_getaddrinfo+
06-20 19:22:15.110 D/libc    (  254): [NET] getaddrinfo  hn 8, servname 53, ai_family 0+
06-20 19:22:15.110 D/libc    (  254): [NET] ht 0x31302e312e312e
06-20 19:22:15.110 D/libc    (  254): [NET] getaddrinfo-exit SUCCESS
06-20 19:22:15.110 D/libc    (  254): [NET] res_searchN : calling res_querydomainN without domain
06-20 19:22:15.110 D/libc    (  254): [NET]IN CACHE,entry=3,count=12,e=0x4003c4f0(e->expires=1403263362,now=1403263335)
06-20 19:22:15.110 D/libc    (  254): [NET][SMD][Mode1]: Screen on and original TTL is not expired,bl_level=142
06-20 19:22:15.110 D/libc    (  254): [NET]FOUND IN CACHE entry=0x4003c4f0
06-20 19:22:15.110 D/libc    (  254): [NET]res_queryN: exit 3, ancount=4
06-20 19:22:15.110 D/libc    (  254): [NET]_dns_getaddrinfo-,0
06-20 19:22:15.110 D/libc    (  254): [NET] getaddrinfo-exit SUCCESS
06-20 19:22:15.110 D/libc    (12372): [NET]android_getaddrinfo_proxy-,1
06-20 19:22:15.110 D/libc    (12372): [NET] getaddrinfo-exit 1
06-20 19:22:15.110 I/global  (12372): call createSocket() return a new socket.
06-20 19:22:15.110 D/libc    (12372): [NET] getaddrinfo  hn 13, servname NULL, ai_family 0+
06-20 19:22:15.110 D/libc    (12372): [NET] ht 0x3137362e33322e
06-20 19:22:15.110 D/libc    (12372): [NET] getaddrinfo-exit SUCCESS
06-20 19:22:15.210 D/PowerManagerService(  692): acquireWakeLock(42d95bb0): PARTIAL_WAKE_LOCK , tag=GTALK_CONN, flags=0x1, pid=20479, uid=10167
06-20 19:22:15.230 D/PowerManagerService(  692): releaseWakeLock(42d95bb0): PARTIAL_WAKE_LOCK , tag=GTALK_CONN, flags=0x1
06-20 19:22:15.230 D/PowerManagerService(  692): releaseWakeLock(428ee890): PARTIAL_WAKE_LOCK , tag=GTALK_ASYNC_CONN, flags=0x1
06-20 19:22:15.240 D/ConnectivityService(  692): reportInetCondition for net 1, percentage: 100 by 20479/10167
06-20 19:22:15.240 D/ConnectivityService(  692): handleInetConditionChange: net=1, condition=100,mActiveDefaultNetwork=1
06-20 19:22:15.240 D/ConnectivityService(  692): handleInetConditionChange: starting a change hold
06-20 19:22:15.240 D/PowerManagerService(  692): acquireWakeLock(427826e0): PARTIAL_WAKE_LOCK , tag=GTALK_CONN, flags=0x1, pid=20479, uid=10167
06-20 19:22:15.240 D/PowerManagerService(  692): releaseWakeLock(427826e0): PARTIAL_WAKE_LOCK , tag=GTALK_CONN, flags=0x1
06-20 19:22:15.240 D/PowerManagerService(  692): acquireWakeLock(42954b28): PARTIAL_WAKE_LOCK , tag=GTALK_CONN, flags=0x1, pid=20479, uid=10167
06-20 19:22:15.290 D/PowerManagerService(  692): releaseWakeLock(42954b28): PARTIAL_WAKE_LOCK , tag=GTALK_CONN, flags=0x1
06-20 19:22:15.300 D/CursorWindowStats( 1210): Allocate Cursor Window larger than default value, size: 4194304, default:2097152
06-20 19:22:15.300 D/PowerManagerService(  692): acquireWakeLock(42d53bb8): PARTIAL_WAKE_LOCK , tag=GTALK_CONN, flags=0x1, pid=20479, uid=10167
06-20 19:22:15.300 D/PowerManagerService(  692): releaseWakeLock(42d53bb8): PARTIAL_WAKE_LOCK , tag=GTALK_CONN, flags=0x1
06-20 19:22:15.320 D/libc    ( 6710): [NET] getaddrinfo  hn 14, servname NULL, ai_family 0+
06-20 19:22:15.320 D/libc    ( 6710): [NET] ht 0x696d61702e676d
06-20 19:22:15.320 D/libc    ( 6710): [NET] getaddrinfo-exit,err=8
06-20 19:22:15.340 V/ContactsProvider( 1210): onNotifyTransactionFinished()
06-20 19:22:15.450 D/LocationManagerService(  692): incoming location from: network
06-20 19:22:15.450 D/LocationManagerService(  692): incoming location from: network
06-20 19:22:15.450 D/PowerManagerService(  692): acquireWakeLock(42567740): PARTIAL_WAKE_LOCK , tag=LocationManagerService, flags=0x1, pid=692, uid=1000
06-20 19:22:15.460 D/QMI_FW  (  692): QCCI: QMI_CCI_TX: cntl_flag - 00, txn_id - 0807, msg_id - 0039, msg_len - 0021
06-20 19:22:15.460 D/QMI_FW  (  692): QCCI: QMUXD: xport_send[1 -> 16]: 40 bytes on conn_id=9
06-20 19:22:15.460 D/PowerManagerService(  692): releaseWakeLock(42567740): PARTIAL_WAKE_LOCK , tag=LocationManagerService, flags=0x1
06-20 19:22:15.540 D/WifiStateMachine(  692): get mPhoneStateListener
06-20 19:22:15.540 D/WifiStateMachine(  692): get mPhoneStateListener
06-20 19:22:15.540 W/NetworkController.TELEPHONY_CALLBACK(  971): onSignalStrengthsChangedExt: phoneType=1 signalStrength=SignalStrength: 19 -1 -1 -1 -1 -1 -1 -1 -1 -1 -1 -1 gsm|lte
06-20 19:22:15.540 D/NetworkController.SIGNAL_ICON(  971): ------updatSignalStrength---
06-20 19:22:15.540 D/NetworkController.SIGNAL_ICON(  971): updatSignalStrength: mCdmaNoSim=false, mGsm1NoSim=false, mGsm2NoSim=true
06-20 19:22:15.550 D/NetworkController.SIGNAL_ICON(  971): updatSignalStrength: asu=19 isGsmRoaming=false gsmNetworkType=8
06-20 19:22:15.550 D/NetworkController.SIGNAL_ICON(  971): ---mapTelephonySignalStrength
06-20 19:22:15.550 D/QMI_FW  (  692): QCCI: QMUXD: xport_rx[1 <- 16]: 14 bytes on conn_id: 9
06-20 19:22:15.550 D/NetworkController.SIGNAL_ICON(  971): mapTelephonySignalStrength: maxLevel=5 asu=19 networkType=HSDPA
06-20 19:22:15.550 D/QMI_FW  (  692): QCCI: QMI_CCI_RX: cntl_flag - 02, txn_id - 0807, msg_id - 0039, msg_len - 0007
06-20 19:22:15.550 D/NetworkController.SIGNAL_ICON(  971): mapTelephonySignalStrength: return iconLevel=5
06-20 19:22:15.550 D/NetworkController.SIGNAL_ICON(  971): updatSignalStrength: GSM1 SignalStrength: cdma_stat_sys_s1_5signal_5
06-20 19:22:15.550 I/StatusBar.NetworkController(  971): refreshSignalCluster phoneType5
06-20 19:22:15.550 I/NetworkController.ClusterView(  971): WifiVisible:true ,WifiIcon:stat_sys_wifi_signal_4,IsAirplaneMode:false ,AirplaneIcon:stat_sys_signal_flightmode,IsSlot1NoSim: false ,Slot1NoSimIcon: stat_sys_no_sim,IsSlot2NoSim: true ,Slot2NoSimIcon: stat_sys_no_sim
06-20 19:22:15.550 I/NetworkController.ClusterView(  971): Gsm1SignalVisible:true ,Gsm1SignalIcon: cdma_stat_sys_s1_5signal_5 ,Gsm1DataVisible:true ,Gsm1DataIcon: stat_sys_data_connected_3g_capability
06-20 19:22:15.550 I/NetworkController.ClusterView(  971): CdmaDataVisible: gone ,CdmaSignalVisible: gone, Gsm2SignalVisible: gone ,Gsm2SignalVisible: gone
06-20 19:22:15.550 I/StatusBar.NetworkController(  971): refreshSignalCluster phoneType1
06-20 19:22:15.560 I/PushServiceReceiver(15878): start PushSerevice for ACTION_BOOT_COMPLETED or CONNECTIVITY_ACTION
06-20 19:22:15.560 I/NetworkController.ClusterView(  971): WifiVisible:true ,WifiIcon:stat_sys_wifi_signal_4,IsAirplaneMode:false ,AirplaneIcon:stat_sys_signal_flightmode,IsSlot1NoSim: false ,Slot1NoSimIcon: stat_sys_no_sim,IsSlot2NoSim: true ,Slot2NoSimIcon: stat_sys_no_sim
06-20 19:22:15.560 I/NetworkController.ClusterView(  971): Gsm1SignalVisible:true ,Gsm1SignalIcon: cdma_stat_sys_s1_5signal_5 ,Gsm1DataVisible:true ,Gsm1DataIcon: stat_sys_data_connected_3g_capability
06-20 19:22:15.560 I/NetworkController.ClusterView(  971): CdmaDataVisible: gone ,CdmaSignalVisible: gone, Gsm2SignalVisible: gone ,Gsm2SignalVisible: gone
06-20 19:22:15.560 D/StatusBar.NetworkController(  971): dumpIconState[mCdmaDataVisible=false mCdmaDataIconId=(null) mCdmaPhoneSignalVisible=false mCdmaSignalIconId=(null)][mGsm1DataVisible=true mGsm1DataIconId=stat_sys_data_connected_3g_capability mGsm1PhoneSignalVisible=true mGsm1SignalIconId=cdma_stat_sys_s1_5signal_5][mGsm2DataVisible=false mGsm2DataIconId=(null) mGsm2PhoneSignalVisible=false mGsm2SignalIconId=cdma_stat_sys_s2_5signal_null][wifiVisible=true wifiIconId=stat_sys_wifi_signal_4 airplaneMode=false]
06-20 19:22:15.560 W/NetworkController.TELEPHONY_CALLBACK(  971): onSignalStrengthsChangedExt: phoneType=1 signalStrength=SignalStrength: 19 -1 -1 -1 -1 -1 -1 -1 -1 -1 -1 -1 gsm|lte
06-20 19:22:15.560 D/NetworkController.SIGNAL_ICON(  971): ------updatSignalStrength---
06-20 19:22:15.560 D/NetworkController.SIGNAL_ICON(  971): updatSignalStrength: mCdmaNoSim=false, mGsm1NoSim=false, mGsm2NoSim=true
06-20 19:22:15.560 D/NetworkController.SIGNAL_ICON(  971): updatSignalStrength: asu=19 isGsmRoaming=false gsmNetworkType=8
06-20 19:22:15.560 D/NetworkController.SIGNAL_ICON(  971): ---mapTelephonySignalStrength
06-20 19:22:15.560 D/NetworkController.SIGNAL_ICON(  971): mapTelephonySignalStrength: maxLevel=5 asu=19 networkType=HSDPA
06-20 19:22:15.560 D/NetworkController.SIGNAL_ICON(  971): mapTelephonySignalStrength: return iconLevel=5
06-20 19:22:15.560 D/NetworkController.SIGNAL_ICON(  971): updatSignalStrength: GSM1 SignalStrength: cdma_stat_sys_s1_5signal_5
06-20 19:22:15.560 I/StatusBar.NetworkController(  971): refreshSignalCluster phoneType5
06-20 19:22:15.560 I/NetworkController.ClusterView(  971): WifiVisible:true ,WifiIcon:stat_sys_wifi_signal_4,IsAirplaneMode:false ,AirplaneIcon:stat_sys_signal_flightmode,IsSlot1NoSim: false ,Slot1NoSimIcon: stat_sys_no_sim,IsSlot2NoSim: true ,Slot2NoSimIcon: stat_sys_no_sim
06-20 19:22:15.560 I/NetworkController.ClusterView(  971): Gsm1SignalVisible:true ,Gsm1SignalIcon: cdma_stat_sys_s1_5signal_5 ,Gsm1DataVisible:true ,Gsm1DataIcon: stat_sys_data_connected_3g_capability
06-20 19:22:15.560 I/NetworkController.ClusterView(  971): CdmaDataVisible: gone ,CdmaSignalVisible: gone, Gsm2SignalVisible: gone ,Gsm2SignalVisible: gone
06-20 19:22:15.560 I/StatusBar.NetworkController(  971): refreshSignalCluster phoneType1
06-20 19:22:15.560 I/NetworkController.ClusterView(  971): WifiVisible:true ,WifiIcon:stat_sys_wifi_signal_4,IsAirplaneMode:false ,AirplaneIcon:stat_sys_signal_flightmode,IsSlot1NoSim: false ,Slot1NoSimIcon: stat_sys_no_sim,IsSlot2NoSim: true ,Slot2NoSimIcon: stat_sys_no_sim
06-20 19:22:15.560 I/NetworkController.ClusterView(  971): Gsm1SignalVisible:true ,Gsm1SignalIcon: cdma_stat_sys_s1_5signal_5 ,Gsm1DataVisible:true ,Gsm1DataIcon: stat_sys_data_connected_3g_capability
06-20 19:22:15.560 I/NetworkController.ClusterView(  971): CdmaDataVisible: gone ,CdmaSignalVisible: gone, Gsm2SignalVisible: gone ,Gsm2SignalVisible: gone
06-20 19:22:15.560 D/StatusBar.NetworkController(  971): dumpIconState[mCdmaDataVisible=false mCdmaDataIconId=(null) mCdmaPhoneSignalVisible=false mCdmaSignalIconId=(null)][mGsm1DataVisible=true mGsm1DataIconId=stat_sys_data_connected_3g_capability mGsm1PhoneSignalVisible=true mGsm1SignalIconId=cdma_stat_sys_s1_5signal_5][mGsm2DataVisible=false mGsm2DataIconId=(null) mGsm2PhoneSignalVisible=false mGsm2SignalIconId=cdma_stat_sys_s2_5signal_null][wifiVisible=true wifiIconId=stat_sys_wifi_signal_4 airplaneMode=false]
06-20 19:22:15.570 D/GpsLocationProvider(  692): [reportHTCStatus] eventMask = 2 , status = 0
06-20 19:22:15.570 D/GpsLocationProvider(  692): [reportHTCStatus] INJECT_LOCATION
06-20 19:22:15.570 D/QMI_FW  (  692): QCCI: QMUXD: xport_rx[1 <- 16]: 14 bytes on conn_id: 9
06-20 19:22:15.570 D/QMI_FW  (  692): QCCI: QMI_CCI_RX: cntl_flag - 04, txn_id - 0000, msg_id - 0039, msg_len - 0007
06-20 19:22:15.580 D/PowerManagerService(  692): acquireWakeLock(42d35bf8): PARTIAL_WAKE_LOCK , tag=MicroMsg.WakerLock, flags=0x1, pid=11545, uid=10170
06-20 19:22:15.590 D/MSF.C.NetConnInfoCenter(  390): [E]currentAPN:null. received networkInfo: CONNECTED :NetworkInfo: type: WIFI[, type_ext: WIFI], state: CONNECTED/CONNECTED, reason: (unspecified), extra: "Happi Interactive", roaming: false, failover: false, isAvailable: true, isIpv4Connected: true, isIpv6Connected: false. extra NetworkInfo: NetworkInfo: type: WIFI[, type_ext: WIFI], state: CONNECTED/CONNECTED, reason: (unspecified), extra: "Happi Interactive", roaming: false, failover: false, isAvailable: true, isIpv4Connected: true, isIpv6Connected: false
06-20 19:22:15.590 D/MSF.C.NetConnInfoCenter(  390): [E]netchange NONE to WIFI
06-20 19:22:15.610 W/ActivityManager(  692): Permission Denial: setProcessForeground() from pid=9885, uid=10159 requires android.permission.SET_PROCESS_LIMIT
06-20 19:22:15.620 D/WakeLockManager( 1198): acquireWakeLock(com.htc.launcher.Workspace{41e186c8 V.EDH... .......D 0,75-1080,1755 #7f07004e app:id/workspace}) tag=PrismScroll_2
06-20 19:22:15.620 W/dalvikvm(  692): [GC Control] disableGcForExternalAlloc: true
06-20 19:22:15.620 W/dalvikvm(  692): [GC Control] disableGcForExternalAlloc: false
06-20 19:22:15.620 W/dalvikvm(  692): [GC Control] disableGcForExternalAlloc: true
06-20 19:22:15.620 W/dalvikvm(  692): [GC Control] disableGcForExternalAlloc: false
06-20 19:22:15.620 D/PowerManagerService(  692): acquireHtcCpuCtrl(4281d8a0): CPU_MIN_NUM, tag=PrismScroll_2, flags=0x400, pid=1198, uid=10118
06-20 19:22:15.620 D/PowerManagerService(  692): acquireHtcCpuCtrl(42ac34c8): CPU_MIN_FREQ, tag=PrismScroll_2, flags=0x100, pid=1198, uid=10118
06-20 19:22:15.640 I/WSP     ( 5613): [Receiver] EVENT - CURRENT LOCATION CHANGED
06-20 19:22:15.640 D/libc    (14840): [NET] getaddrinfo  hn 12, servname NULL, ai_family 0+
06-20 19:22:15.640 D/libc    (14840): [NET] ht 0x6d2e796f756461
06-20 19:22:15.640 D/libc    (14840): [NET] getaddrinfo-exit,err=8
06-20 19:22:15.640 D/libc    (14840): [NET] getaddrinfo  hn 12, servname NULL, ai_family 0+
06-20 19:22:15.640 D/libc    (14840): [NET] ht 0x6d2e796f756461
06-20 19:22:15.640 D/libc    (14840): [NET] getaddrinfo  hn 12, servname NULL, ai_family 0+
06-20 19:22:15.640 D/libc    (14840): [NET] android_getaddrinfo_proxy+
06-20 19:22:15.640 D/libc    (14840): [NET]android_getaddrinfo_proxy+
06-20 19:22:15.640 D/libc    (14840): [NET] check propname+
06-20 19:22:15.640 D/libc    (14840): [NET] check propname-
06-20 19:22:15.640 D/libc    (  254): [NET] getaddrinfo  hn 12, servname NULL, ai_family 0+
06-20 19:22:15.640 D/libc    (  254): [NET] ht 0x6d2e796f756461
06-20 19:22:15.640 D/libc    (  254): [NET] getaddrinfo  hn 12, servname NULL, ai_family 0+
06-20 19:22:15.640 D/libc    (  254): [NET] android_getaddrinfo_proxy+
06-20 19:22:15.640 D/libc    (  254): [NET]android_getaddrinfo_proxy+
06-20 19:22:15.640 D/libc    (  254): [NET] android_getaddrinfo_proxy-
06-20 19:22:15.640 D/libc    (  254): [NET]_files_getaddrinfo+
06-20 19:22:15.640 D/libc    (  254): [NET]_files_getaddrinfo-,1
06-20 19:22:15.640 D/libc    (  254): [NET]_dns_getaddrinfo+
06-20 19:22:15.640 D/libc    (  254): [NET] getaddrinfo  hn 8, servname 53, ai_family 0+
06-20 19:22:15.640 D/libc    (  254): [NET] ht 0x31302e312e312e
06-20 19:22:15.640 D/libc    (  254): [NET] getaddrinfo-exit SUCCESS
06-20 19:22:15.640 D/libc    (  254): [NET] res_searchN : calling res_querydomainN without domain
06-20 19:22:15.650 D/libc    (  254): [NET]NOT IN CACHE
06-20 19:22:15.650 D/libc    (  254): [NET]res_nsend:cache status =1
06-20 19:22:15.650 D/Process (15878): killProcess, pid=15878
06-20 19:22:15.650 D/Process (15878): dalvik.system.VMStack.getThreadStackTrace(Native Method)
06-20 19:22:15.650 D/Process (15878): java.lang.Thread.getStackTrace(Thread.java:599)
06-20 19:22:15.650 D/Process (15878): android.os.Process.killProcess(Process.java:1004)
06-20 19:22:15.650 D/Process (15878): com.baidu.android.pushservice.PushService.onDestroy(Unknown Source)
06-20 19:22:15.650 D/Process (15878): android.app.ActivityThread.handleStopService(ActivityThread.java:3126)
06-20 19:22:15.650 D/Process (15878): android.app.ActivityThread.access$2000(ActivityThread.java:162)
06-20 19:22:15.650 D/Process (15878): android.app.ActivityThread$H.handleMessage(ActivityThread.java:1483)
06-20 19:22:15.650 D/Process (15878): android.os.Handler.dispatchMessage(Handler.java:99)
06-20 19:22:15.650 D/Process (15878): android.os.Looper.loop(Looper.java:158)
06-20 19:22:15.650 D/Process (15878): android.app.ActivityThread.main(ActivityThread.java:5777)
06-20 19:22:15.650 D/Process (15878): java.lang.reflect.Method.invokeNative(Native Method)
06-20 19:22:15.650 D/Process (15878): java.lang.reflect.Method.invoke(Method.java:511)
06-20 19:22:15.650 D/Process (15878): com.android.internal.os.ZygoteInit$MethodAndArgsCaller.run(ZygoteInit.java:1083)
06-20 19:22:15.650 D/Process (15878): com.android.internal.os.ZygoteInit.main(ZygoteInit.java:850)
06-20 19:22:15.650 D/Process (15878): dalvik.system.NativeStart.main(Native Method)
06-20 19:22:15.660 D/libc    (  254): [NET][SMD][v0204] Extended TTL = 43200, original TTL = 459 (expires=1403263794,expires_ext=1403306535,now=1403263335)
06-20 19:22:15.660 D/libc    (  254): [NET]_cache_add_p: entry 13 added (count=13), e=0x40286150 (e->expires=1403263794)
06-20 19:22:15.660 D/libc    (  254): [NET]res_nsend:resplen=142
06-20 19:22:15.660 D/libc    (  254): [NET]res_queryN: exit 3, ancount=7
06-20 19:22:15.660 D/libc    (  254): [NET]_dns_getaddrinfo-,0
06-20 19:22:15.660 D/libc    (  254): [NET] getaddrinfo-exit SUCCESS
06-20 19:22:15.660 D/libc    (14840): [NET]android_getaddrinfo_proxy-,1
06-20 19:22:15.660 D/libc    (14840): [NET] getaddrinfo-exit 1
06-20 19:22:15.660 I/global  (14840): call createSocket() return a new socket.
06-20 19:22:15.660 D/libc    (14840): [NET] getaddrinfo  hn 12, servname NULL, ai_family 0+
06-20 19:22:15.660 D/libc    (14840): [NET] ht 0x36312e3133352e
06-20 19:22:15.660 D/libc    (14840): [NET] getaddrinfo-exit SUCCESS
06-20 19:22:15.660 I/ActivityManager(  692): Recipient 15878
06-20 19:22:15.660 I/ActivityManager(  692): Process com.zhaopin.social:bdservice_v1 (pid 15878) has died.
06-20 19:22:15.710 D/libc    (  390): [NET] getaddrinfo  hn 14, servname NULL, ai_family 0+
06-20 19:22:15.710 D/libc    (  390): [NET] ht 0x3132332e313531
06-20 19:22:15.710 D/libc    (  390): [NET] getaddrinfo-exit SUCCESS
06-20 19:22:15.710 D/MSF.C.NetConnTag(  390): [E]try open Conn /123.151.10.158:8080
06-20 19:22:15.720 D/WifiStateMachine(  692): fetchRssiAndLinkSpeedNative RSSI = -48
06-20 19:22:15.720 D/WifiStateMachine(  692): fetchRssiAndLinkSpeedNative mLinkspeedCount = 5, mLinkspeedSum: 83
06-20 19:22:15.720 D/WifiStateMachine(  692): fetchRssiAndLinkSpeedNative send RSSIChange intent, SameSignalLevelCount =1
06-20 19:22:15.730 D/WifiStateMachine(  692): fetchRssiAndLinkSpeedNative: Update RSSI:-51 and linkspeed:16 in database
06-20 19:22:15.730 D/WifiApDatabaseHandler(  692): updateConnectedAP...
06-20 19:22:15.730 W/NetworkController.TELEPHONY_CALLBACK(  971): ------onReceive: android.net.wifi.RSSI_CHANGED
06-20 19:22:15.730 D/NetworkController.WIFI_ICON(  971): updateWifiState: action=android.net.wifi.RSSI_CHANGED newRssi=-48 freq=2412 newLevel=3 lastWifiLevel=3
06-20 19:22:15.730 I/StatusBar.NetworkController(  971): refreshSignalCluster phoneType5
06-20 19:22:15.730 I/NetworkController.ClusterView(  971): WifiVisible:true ,WifiIcon:stat_sys_wifi_signal_4,IsAirplaneMode:false ,AirplaneIcon:stat_sys_signal_flightmode,IsSlot1NoSim: false ,Slot1NoSimIcon: stat_sys_no_sim,IsSlot2NoSim: true ,Slot2NoSimIcon: stat_sys_no_sim
06-20 19:22:15.730 I/NetworkController.ClusterView(  971): Gsm1SignalVisible:true ,Gsm1SignalIcon: cdma_stat_sys_s1_5signal_5 ,Gsm1DataVisible:true ,Gsm1DataIcon: stat_sys_data_connected_3g_capability
06-20 19:22:15.730 I/NetworkController.ClusterView(  971): CdmaDataVisible: gone ,CdmaSignalVisible: gone, Gsm2SignalVisible: gone ,Gsm2SignalVisible: gone
06-20 19:22:15.730 I/StatusBar.NetworkController(  971): refreshSignalCluster phoneType1
06-20 19:22:15.730 I/NetworkController.ClusterView(  971): WifiVisible:true ,WifiIcon:stat_sys_wifi_signal_4,IsAirplaneMode:false ,AirplaneIcon:stat_sys_signal_flightmode,IsSlot1NoSim: false ,Slot1NoSimIcon: stat_sys_no_sim,IsSlot2NoSim: true ,Slot2NoSimIcon: stat_sys_no_sim
06-20 19:22:15.730 I/NetworkController.ClusterView(  971): Gsm1SignalVisible:true ,Gsm1SignalIcon: cdma_stat_sys_s1_5signal_5 ,Gsm1DataVisible:true ,Gsm1DataIcon: stat_sys_data_connected_3g_capability
06-20 19:22:15.730 I/NetworkController.ClusterView(  971): CdmaDataVisible: gone ,CdmaSignalVisible: gone, Gsm2SignalVisible: gone ,Gsm2SignalVisible: gone
06-20 19:22:15.730 D/StatusBar.NetworkController(  971): dumpIconState[mCdmaDataVisible=false mCdmaDataIconId=(null) mCdmaPhoneSignalVisible=false mCdmaSignalIconId=(null)][mGsm1DataVisible=true mGsm1DataIconId=stat_sys_data_connected_3g_capability mGsm1PhoneSignalVisible=true mGsm1SignalIconId=cdma_stat_sys_s1_5signal_5][mGsm2DataVisible=false mGsm2DataIconId=(null) mGsm2PhoneSignalVisible=false mGsm2SignalIconId=cdma_stat_sys_s2_5signal_null][wifiVisible=true wifiIconId=stat_sys_wifi_signal_4 airplaneMode=false]
06-20 19:22:15.740 D/MSF.C.NetConnTag(  390): [E]open conn at /123.151.10.158:8080 costTime:35 configTimeout: 8000 localSocket:10.1.1.23:40561
06-20 19:22:15.740 D/ConnectivityService(  692): handleInetConditionHoldEnd: net=1, condition=100, published condition=0
06-20 19:22:15.740 D/ConnectivityService(  692): sendStickyBroadcast: action=android.net.conn.INET_CONDITION_ACTION
06-20 19:22:15.740 W/NetworkController.TELEPHONY_CALLBACK(  971): ------onReceive: android.net.conn.INET_CONDITION_ACTION
06-20 19:22:15.740 D/NetworkController.WIFI_ICON(  971): ---updateConnectivity: action=android.net.conn.INET_CONDITION_ACTION
06-20 19:22:15.740 D/NetworkController.WIFI_ICON(  971): ---updateConnectivity: type=1 connected=true
06-20 19:22:15.740 I/StatusBar.NetworkController(  971): refreshSignalCluster phoneType5
06-20 19:22:15.740 I/NetworkController.ClusterView(  971): WifiVisible:true ,WifiIcon:stat_sys_wifi_signal_4,IsAirplaneMode:false ,AirplaneIcon:stat_sys_signal_flightmode,IsSlot1NoSim: false ,Slot1NoSimIcon: stat_sys_no_sim,IsSlot2NoSim: true ,Slot2NoSimIcon: stat_sys_no_sim
06-20 19:22:15.740 I/NetworkController.ClusterView(  971): Gsm1SignalVisible:true ,Gsm1SignalIcon: cdma_stat_sys_s1_5signal_5 ,Gsm1DataVisible:true ,Gsm1DataIcon: stat_sys_data_connected_3g_capability
06-20 19:22:15.740 I/NetworkController.ClusterView(  971): CdmaDataVisible: gone ,CdmaSignalVisible: gone, Gsm2SignalVisible: gone ,Gsm2SignalVisible: gone
06-20 19:22:15.740 I/StatusBar.NetworkController(  971): refreshSignalCluster phoneType1
06-20 19:22:15.740 I/NetworkController.ClusterView(  971): WifiVisible:true ,WifiIcon:stat_sys_wifi_signal_4,IsAirplaneMode:false ,AirplaneIcon:stat_sys_signal_flightmode,IsSlot1NoSim: false ,Slot1NoSimIcon: stat_sys_no_sim,IsSlot2NoSim: true ,Slot2NoSimIcon: stat_sys_no_sim
06-20 19:22:15.740 I/NetworkController.ClusterView(  971): Gsm1SignalVisible:true ,Gsm1SignalIcon: cdma_stat_sys_s1_5signal_5 ,Gsm1DataVisible:true ,Gsm1DataIcon: stat_sys_data_connected_3g_capability
06-20 19:22:15.740 I/NetworkController.ClusterView(  971): CdmaDataVisible: gone ,CdmaSignalVisible: gone, Gsm2SignalVisible: gone ,Gsm2SignalVisible: gone
06-20 19:22:15.740 D/StatusBar.NetworkController(  971): dumpIconState[mCdmaDataVisible=false mCdmaDataIconId=(null) mCdmaPhoneSignalVisible=false mCdmaSignalIconId=(null)][mGsm1DataVisible=true mGsm1DataIconId=stat_sys_data_connected_3g_capability mGsm1PhoneSignalVisible=true mGsm1SignalIconId=cdma_stat_sys_s1_5signal_5][mGsm2DataVisible=false mGsm2DataIconId=(null) mGsm2PhoneSignalVisible=false mGsm2SignalIconId=cdma_stat_sys_s2_5signal_null][wifiVisible=true wifiIconId=stat_sys_wifi_signal_4 airplaneMode=false]
06-20 19:22:15.830 D/MSF.C.PushManager:PushCoder(  390): [E]handlerPush send 748905B7368DE7EBA9253A0B50EF9DC0 register push id 7 pushStatus:11 bRegType:1 timeStamp:129
06-20 19:22:15.830 D/MSF.C.NetConnInfoCenter(  390): [E]currentAPN:null. received networkInfo: CONNECTED :NetworkInfo: type: WIFI[, type_ext: WIFI], state: CONNECTED/CONNECTED, reason: (unspecified), extra: "Happi Interactive", roaming: false, failover: false, isAvailable: true, isIpv4Connected: true, isIpv6Connected: false. extra NetworkInfo: null
06-20 19:22:15.830 D/QQAppInterface(  369): [E]onMsgConnected Pull Msg Start picPreDownloadOff
06-20 19:22:15.830 I/QQInitHandler(  369): onSendRegisterProxy timeout, curStep=10007, opState=1, isTimeOut=true, isNetSupport=true
06-20 19:22:15.830 I/QQInitHandler(  369): stepName : unFinishJob :dumpUnFinishDisMsgJob : disUin:5531862;dumpUnFinishGrpMsgJob : grpUin:333763528;grpUin:474268;grpUin:66209196;grpUin:2453819;
06-20 19:22:15.830 I/AutoMonitor(  369): GetMessage, cost=3954645
06-20 19:22:15.830 I/AutoMonitor(  369): SETP_REGEDIT_PROXY, cost=3954645
06-20 19:22:15.830 D/MainService(15529): [MSF End]cmd_connOpened,cost=0ms.
06-20 19:22:15.830 I/QQInitHandler(  369): SETP_REGEDIT_PROXY cost: 3954645 ms at:3956383 ms
06-20 19:22:15.830 I/AutoMonitor(  369): SyncData, cost=3957357
06-20 19:22:15.830 D/MessageHandler(  369): [E]Msg Pull Finish picPreDownloadOn
06-20 19:22:15.830 D/MainService(  369): [MSF End]cmd_connOpened,cost=5ms.
06-20 19:22:15.921 D/MSF.C.NetConnTag(  390): [E]netSend ssoSeq:55000 uin:*6530
06-20 19:22:15.951 D/libc    (14803): [NET] getaddrinfo  hn 18, servname NULL, ai_family 0+
06-20 19:22:15.951 D/libc    (14803): [NET] ht 0x7777772e676f6f
06-20 19:22:15.951 D/libc    (14803): [NET] getaddrinfo-exit,err=8
06-20 19:22:15.951 D/MSF.C.NetConnTag(  390): [E]netSend ssoSeq:55004 uin:*6530
06-20 19:22:15.961 D/MSF.C.NetConnTag(  390): [E]netSend ssoSeq:55006 uin:*6530
06-20 19:22:15.981 D/MSF.C.NetConnTag(  390): [E]netSend ssoSeq:55008 uin:*6530
06-20 19:22:15.991 D/MSF.C.NetConnTag(  390): [E]netSend ssoSeq:55009 uin:*6530
06-20 19:22:15.991 D/MSF.C.NetConnTag(  390): [E]netRecv ssoSeq:55004 uin:*6530
06-20 19:22:16.001 D/MSF.C.WTLoginCenter.MsfProvider(  390): [E]onRecvData find wtloginMsfListener for 55004
06-20 19:22:16.001 D/MainService(  369): [MSF End]cmd_recvFirstResp,cost=1ms.
06-20 19:22:16.001 D/MainService(15529): [MSF End]cmd_recvFirstResp,cost=0ms.
06-20 19:22:16.011 D/MSF.C.NetConnTag(  390): [E]netSend ssoSeq:55011 uin:*6530
06-20 19:22:16.031 D/MSF.C.NetConnTag(  390): [E]netSend ssoSeq:55015 uin:*6530
06-20 19:22:16.041 D/MSF.C.NetConnTag(  390): [E]netRecv ssoSeq:55008 uin:*6530
06-20 19:22:16.041 D/MSF.C.WTLoginCenter.MsfProvider(  390): [E]onRecvData find wtloginMsfListener for 55008
06-20 19:22:16.041 D/MSF.C.NetConnTag(  390): [E]netSend ssoSeq:55017 uin:*6530
06-20 19:22:16.051 D/MSF.C.NetConnTag(  390): [E]netSend ssoSeq:55018 uin:*6530
06-20 19:22:16.061 D/MSF.C.NetConnTag(  390): [E]netRecv ssoSeq:55006 uin:*6530
06-20 19:22:16.061 D/MSF.C.NetConnTag(  390): [E]netSend ssoSeq:55019 uin:*6530
06-20 19:22:16.081 D/MainService(  369): [MSF End]ImgStore.GroupPicDown,cost=9ms.
06-20 19:22:16.081 D/MSF.C.NetConnTag(  390): [E]netRecv ssoSeq:55009 uin:*6530
06-20 19:22:16.091 D/libc    (  369): [NET] getaddrinfo  hn 14, servname NULL, ai_family 0+
06-20 19:22:16.091 D/libc    (  369): [NET] ht 0x3130312e323236
06-20 19:22:16.091 D/libc    (  369): [NET] getaddrinfo-exit SUCCESS
06-20 19:22:16.091 D/libc    (  369): [NET] getaddrinfo  hn 14, servname NULL, ai_family 0+
06-20 19:22:16.091 D/libc    (  369): [NET] ht 0x3130312e323236
06-20 19:22:16.091 D/libc    (  369): [NET] getaddrinfo-exit SUCCESS
06-20 19:22:16.091 D/libc    (  369): [NET] getaddrinfo  hn 14, servname NULL, ai_family 0+
06-20 19:22:16.091 D/libc    (  369): [NET] ht 0x3130312e323236
06-20 19:22:16.091 D/libc    (  369): [NET] getaddrinfo-exit SUCCESS
06-20 19:22:16.101 W/Vold    (  240): PCTOOL ISO mount at /sys/class/android_usb/f_mass_storage/lun0/file 
06-20 19:22:16.101 D/MountService(  692): setPCtoolISOEnabled --
06-20 19:22:16.111 D/MSF.C.NetConnTag(  390): [E]netRecv ssoSeq:55018 uin:*6530
06-20 19:22:16.121 D/MainService(  369): [MSF End]RegPrxySvc.getOffMsg,cost=1ms.
06-20 19:22:16.131 D/MainService(15529): [MSF End]SQQzoneSvc.getconfig,cost=43ms.
06-20 19:22:16.131 D/MSF.C.NetConnTag(  390): [E]netRecv ssoSeq:55011 uin:*6530
06-20 19:22:16.151 D/MSF.D.QLogImpl(15529): [E]set UIN_REPORTLOG_LEVEL 1
06-20 19:22:16.151 D/MSF.C.PushManager:PushCoder(  390): [E]handlerPush register push succ 748905B7368DE7EBA9253A0B50EF9DC0 bUpdateFlag:1 timeStamp:132 cReplyCode:0
06-20 19:22:16.151 D/MSF.D.QLogImpl(  369): [E]set UIN_REPORTLOG_LEVEL 1
06-20 19:22:16.171 D/MSF.C.NetConnTag(  390): [E]netRecv ssoSeq:55000 uin:*6530
06-20 19:22:16.171 D/MainService(  369): [MSF End]StatSvc.register,cost=1ms.
06-20 19:22:16.171 D/MSF.C.NetConnTag(  390): [E]netRecv ssoSeq:55015 uin:*6530
06-20 19:22:16.171 D/MSF.C.NetConnTag(  390): [E]netRecv ssoSeq:-1289465496 uin:*6530
06-20 19:22:16.181 D/FDUI    (15461): run >  AutoMount timeout, flag: true
06-20 19:22:16.181 D/FDUI    (15461): a > 1403263336111 EnableAutoMountISO: true
06-20 19:22:16.181 D/FDUI    (15461): a > setPCtoolISOEnabled (true) success:0
06-20 19:22:16.181 D/FDUI    (15461): run > 1403263336113 enableAutoRunForHSM TRUE.
06-20 19:22:16.181 D/FDUI    (15461): run > 1403263336113 AutoMountRunnable finish.
06-20 19:22:16.191 D/MSF.C.NetConnTag(  390): [E]netSend ssoSeq:55025 uin:*6530
06-20 19:22:16.211 D/MSF.C.NetConnTag(  390): [E]netRecv ssoSeq:55019 uin:*6530
06-20 19:22:16.221 D/MainService(  369): [MSF End]friendlist.GetSimpleOnlineFriendInfoReq,cost=45ms.
06-20 19:22:16.221 D/MSF.C.NetConnTag(  390): [E]netSend ssoSeq:55026 uin:*6530
06-20 19:22:16.231 D/MainService(  369): [MSF End]RegPrxySvc.PullGroupMsgSeq,cost=16ms.
06-20 19:22:16.241 D/MSF.C.NetConnTag(  390): [E]netSend ssoSeq:55027 uin:*6530
06-20 19:22:16.241 D/WakeLockManager( 1198): releaseWakeLock(com.htc.launcher.Workspace{41e186c8 V.EDH... ........ 0,75-1080,1755 #7f07004e app:id/workspace}) tag=PrismScroll_2
06-20 19:22:16.241 D/MSF.C.NetConnTag(  390): [E]netRecv ssoSeq:55017 uin:*6530
06-20 19:22:16.241 D/PowerManagerService(  692): releaseHtcCpuCtrl(4281d8a0): CPU_MIN_NUM, tag=PrismScroll_2, flags=0x400
06-20 19:22:16.241 D/PowerManagerService(  692): releaseHtcCpuCtrl(42ac34c8): CPU_MIN_FREQ, tag=PrismScroll_2, flags=0x100
06-20 19:22:16.251 D/MainService(  369): [MSF End]ImgStore.GroupPicDown,cost=12ms.
06-20 19:22:16.251 D/MSF.C.NetConnTag(  390): [E]netSend ssoSeq:55028 uin:*6530
06-20 19:22:16.251 D/MainService(  369): [MSF End]ProfileService.Pb.ReqSystemMsgNew,cost=1ms.
06-20 19:22:16.251 D/libc    (  369): [NET] getaddrinfo  hn 12, servname NULL, ai_family 0+
06-20 19:22:16.251 D/libc    (  369): [NET] ht 0x3138302e313533
06-20 19:22:16.251 D/libc    (  369): [NET] getaddrinfo-exit SUCCESS
06-20 19:22:16.251 D/libc    (  369): [NET] getaddrinfo  hn 12, servname NULL, ai_family 0+
06-20 19:22:16.251 D/libc    (  369): [NET] ht 0x3138302e313533
06-20 19:22:16.251 D/libc    (  369): [NET] getaddrinfo-exit SUCCESS
06-20 19:22:16.251 D/libc    (  369): [NET] getaddrinfo  hn 12, servname NULL, ai_family 0+
06-20 19:22:16.251 D/libc    (  369): [NET] ht 0x3138302e313533
06-20 19:22:16.251 D/libc    (  369): [NET] getaddrinfo-exit SUCCESS
06-20 19:22:16.261 D/MSF.C.NetConnTag(  390): [E]netSend ssoSeq:55029 uin:*6530
06-20 19:22:16.261 D/MainService(  369): [MSF End]ProfileService.ReqGetSettings,cost=10ms.
06-20 19:22:16.271 D/MSF.C.NetConnTag(  390): [E]netSend ssoSeq:55030 uin:*6530
06-20 19:22:16.281 D/MyReportAgent(12372):  statusCode=[200], responseStatus=[HTTP/1.1 200 OK], response Description=[]
06-20 19:22:16.281 V/MyReportAgent(12372): BugReportService Upload Done , TAG=HTC_UP
06-20 19:22:16.281 D/MyReportAgent(12372): BugReportService Upload The absolute file path: /data/data/com.htc.reportagent/files/1403244465950@HTC_UP.bin
06-20 19:22:16.281 D/MyReportAgent(12372): S3LogCacheManager [onDelete] file /data/data/com.htc.reportagent/files/1403244465950@HTC_UP.bin is removed from the list !
06-20 19:22:16.281 V/MyReportAgent(12372): EngineeringPreference [canSendReportToNCPomelo] canSend:false
06-20 19:22:16.281 D/MyReportAgent(12372): ReportUploader [onPowerConnectedChanged] CAN NOT SEND REPORT TO NC POMELO SERVER!
06-20 19:22:16.281 D/MSF.C.NetConnTag(  390): [E]netRecv ssoSeq:-1289465495 uin:*6530
06-20 19:22:16.281 I/PackageManager(  692):  setEnabledSetting(), pkgName=com.htc.reportagent, clsName=com.htc.reportagent.receiver.PowerConnectedReceiver, state=2, flag=1, pid=12372, uid=10110, userID:0
06-20 19:22:16.291 D/MSF.C.NetConnTag(  390): [E]netSend ssoSeq:55031 uin:*6530
06-20 19:22:16.291 D/MSF.C.NetConnTag(  390): [E]netRecv ssoSeq:55025 uin:*6530
06-20 19:22:16.291 D/MSF.C.NetConnTag(  390): [E]netRecv ssoSeq:55027 uin:*6530
06-20 19:22:16.301 D/MSF.C.NetConnTag(  390): [E]netSend ssoSeq:55032 uin:*6530
06-20 19:22:16.301 D/MSF.C.NetConnTag(  390): [E]netRecv ssoSeq:-1289465494 uin:*6530
06-20 19:22:16.311 D/MSF.C.NetConnTag(  390): [E]netRecv ssoSeq:-1289465493 uin:*6530
06-20 19:22:16.311 D/MSF.C.NetConnTag(  390): [E]netRecv ssoSeq:55028 uin:*6530
06-20 19:22:16.311 D/MainService(  369): [MSF End]RegPrxySvc.PbGetGroupMsg,cost=20ms.
06-20 19:22:16.321 D/MSF.C.NetConnTag(  390): [E]netRecv ssoSeq:55029 uin:*6530
06-20 19:22:16.331 D/MSF.C.NetConnTag(  390): [E]netRecv ssoSeq:55026 uin:*6530
06-20 19:22:16.331 D/MainService(  369): [MSF End]ImgStore.GroupPicDown,cost=13ms.
06-20 19:22:16.331 D/MainService(  369): [MSF End]RegPrxySvc.PbGetGroupMsg,cost=0ms.
06-20 19:22:16.331 D/libc    (  369): [NET] getaddrinfo  hn 15, servname NULL, ai_family 0+
06-20 19:22:16.331 D/libc    (  369): [NET] ht 0x696d6763616368
06-20 19:22:16.331 D/libc    (  369): [NET] getaddrinfo-exit,err=8
06-20 19:22:16.331 D/libc    (  369): [NET] getaddrinfo  hn 15, servname NULL, ai_family 0+
06-20 19:22:16.331 D/libc    (  369): [NET] ht 0x696d6763616368
06-20 19:22:16.331 D/libc    (  369): [NET] getaddrinfo  hn 15, servname NULL, ai_family 0+
06-20 19:22:16.331 D/libc    (  369): [NET] android_getaddrinfo_proxy+
06-20 19:22:16.331 D/libc    (  369): [NET]android_getaddrinfo_proxy+
06-20 19:22:16.331 D/libc    (  369): [NET] check propname+
06-20 19:22:16.331 D/libc    (  369): [NET] check propname-
06-20 19:22:16.331 D/libc    (  369): [NET] getaddrinfo  hn 15, servname NULL, ai_family 0+
06-20 19:22:16.331 D/libc    (  369): [NET] ht 0x3130312e323237
06-20 19:22:16.331 D/libc    (  369): [NET] getaddrinfo-exit SUCCESS
06-20 19:22:16.331 D/libc    (  254): [NET] getaddrinfo  hn 15, servname NULL, ai_family 0+
06-20 19:22:16.331 D/libc    (  254): [NET] ht 0x696d6763616368
06-20 19:22:16.331 D/libc    (  254): [NET] getaddrinfo  hn 15, servname NULL, ai_family 0+
06-20 19:22:16.331 D/libc    (  254): [NET] android_getaddrinfo_proxy+
06-20 19:22:16.331 D/libc    (  254): [NET]android_getaddrinfo_proxy+
06-20 19:22:16.331 D/libc    (  254): [NET] android_getaddrinfo_proxy-
06-20 19:22:16.331 D/libc    (  254): [NET]_files_getaddrinfo+
06-20 19:22:16.331 D/libc    (  254): [NET]_files_getaddrinfo-,1
06-20 19:22:16.331 D/libc    (  254): [NET]_dns_getaddrinfo+
06-20 19:22:16.331 D/libc    (  254): [NET] getaddrinfo  hn 8, servname 53, ai_family 0+
06-20 19:22:16.331 D/libc    (  254): [NET] ht 0x31302e312e312e
